Archive member included to satisfy reference by file (symbol)

./mbed/c0f6e94411f5/TARGET_K64F/TOOLCHAIN_GCC_ARM/libmbed.a(fsl_gpio_hal.o)
                              ./mbed/c0f6e94411f5/TARGET_K64F/TOOLCHAIN_GCC_ARM/board.o (GPIO_HAL_WritePinOutput)
./mbed/c0f6e94411f5/TARGET_K64F/TOOLCHAIN_GCC_ARM/libmbed.a(crc.o)
                              ./mbed/c0f6e94411f5/TARGET_K64F/TOOLCHAIN_GCC_ARM/mbed_overrides.o (crcSlow)
./mbed/c0f6e94411f5/TARGET_K64F/TOOLCHAIN_GCC_ARM/libmbed.a(serial_api.o)
                              ./mbed/c0f6e94411f5/TARGET_K64F/TOOLCHAIN_GCC_ARM/retarget.o (serial_init)
./mbed/c0f6e94411f5/TARGET_K64F/TOOLCHAIN_GCC_ARM/libmbed.a(FilePath.o)
                              ./mbed/c0f6e94411f5/TARGET_K64F/TOOLCHAIN_GCC_ARM/retarget.o (mbed::FilePath::FilePath(char const*))
./mbed/c0f6e94411f5/TARGET_K64F/TOOLCHAIN_GCC_ARM/libmbed.a(FileSystemLike.o)
                              ./mbed/c0f6e94411f5/TARGET_K64F/TOOLCHAIN_GCC_ARM/retarget.o (mbed::FileSystemLike::opendir())
./mbed/c0f6e94411f5/TARGET_K64F/TOOLCHAIN_GCC_ARM/libmbed.a(assert.o)
                              ./mbed/c0f6e94411f5/TARGET_K64F/TOOLCHAIN_GCC_ARM/board.o (mbed_assert_internal)
./mbed/c0f6e94411f5/TARGET_K64F/TOOLCHAIN_GCC_ARM/libmbed.a(error.o)
                              ./mbed/c0f6e94411f5/TARGET_K64F/TOOLCHAIN_GCC_ARM/retarget.o (error)
./mbed/c0f6e94411f5/TARGET_K64F/TOOLCHAIN_GCC_ARM/libmbed.a(pinmap_common.o)
                              ./mbed/c0f6e94411f5/TARGET_K64F/TOOLCHAIN_GCC_ARM/libmbed.a(serial_api.o) (pinmap_pinout)
./mbed/c0f6e94411f5/TARGET_K64F/TOOLCHAIN_GCC_ARM/libmbed.a(gpio.o)
                              ./mbed/c0f6e94411f5/TARGET_K64F/TOOLCHAIN_GCC_ARM/mbed_overrides.o (gpio_init_in)
./mbed/c0f6e94411f5/TARGET_K64F/TOOLCHAIN_GCC_ARM/libmbed.a(wait_api.o)
                              ./BUILD/K64F/GCC_ARM/./main.o (wait)
./mbed/c0f6e94411f5/TARGET_K64F/TOOLCHAIN_GCC_ARM/libmbed.a(fsl_clock_manager.o)
                              ./mbed/c0f6e94411f5/TARGET_K64F/TOOLCHAIN_GCC_ARM/libmbed.a(serial_api.o) (g_simBaseAddr)
./mbed/c0f6e94411f5/TARGET_K64F/TOOLCHAIN_GCC_ARM/libmbed.a(fsl_mcg_hal.o)
                              ./mbed/c0f6e94411f5/TARGET_K64F/TOOLCHAIN_GCC_ARM/libmbed.a(fsl_clock_manager.o) (CLOCK_HAL_GetFllRefClk)
./mbed/c0f6e94411f5/TARGET_K64F/TOOLCHAIN_GCC_ARM/libmbed.a(fsl_sim_hal.o)
                              ./mbed/c0f6e94411f5/TARGET_K64F/TOOLCHAIN_GCC_ARM/libmbed.a(fsl_clock_manager.o) (CLOCK_HAL_SetSource)
./mbed/c0f6e94411f5/TARGET_K64F/TOOLCHAIN_GCC_ARM/libmbed.a(fsl_uart_hal.o)
                              ./mbed/c0f6e94411f5/TARGET_K64F/TOOLCHAIN_GCC_ARM/libmbed.a(serial_api.o) (UART_HAL_Init)
./mbed/c0f6e94411f5/TARGET_K64F/TOOLCHAIN_GCC_ARM/libmbed.a(PeripheralPins.o)
                              ./mbed/c0f6e94411f5/TARGET_K64F/TOOLCHAIN_GCC_ARM/libmbed.a(serial_api.o) (PinMap_UART_RX)
./mbed/c0f6e94411f5/TARGET_K64F/TOOLCHAIN_GCC_ARM/libmbed.a(fsl_clock_K64F12.o)
                              ./mbed/c0f6e94411f5/TARGET_K64F/TOOLCHAIN_GCC_ARM/libmbed.a(serial_api.o) (CLOCK_SYS_GetUartFreq)
./mbed/c0f6e94411f5/TARGET_K64F/TOOLCHAIN_GCC_ARM/libmbed.a(fsl_sim_hal_K64F12.o)
                              ./mbed/c0f6e94411f5/TARGET_K64F/TOOLCHAIN_GCC_ARM/libmbed.a(serial_api.o) (SIM_HAL_EnableUartClock)
./mbed/c0f6e94411f5/TARGET_K64F/TOOLCHAIN_GCC_ARM/libmbed.a(gpio_api.o)
                              ./mbed/c0f6e94411f5/TARGET_K64F/TOOLCHAIN_GCC_ARM/libmbed.a(gpio.o) (gpio_init)
./mbed/c0f6e94411f5/TARGET_K64F/TOOLCHAIN_GCC_ARM/libmbed.a(pinmap.o)
                              ./mbed/c0f6e94411f5/TARGET_K64F/TOOLCHAIN_GCC_ARM/libmbed.a(pinmap_common.o) (pin_function)
./mbed/c0f6e94411f5/TARGET_K64F/TOOLCHAIN_GCC_ARM/libmbed.a(us_ticker.o)
                              ./mbed/c0f6e94411f5/TARGET_K64F/TOOLCHAIN_GCC_ARM/libmbed.a(wait_api.o) (us_ticker_read)
./mbed/c0f6e94411f5/TARGET_K64F/TOOLCHAIN_GCC_ARM/libmbed.a(FileBase.o)
                              ./mbed/c0f6e94411f5/TARGET_K64F/TOOLCHAIN_GCC_ARM/libmbed.a(FileSystemLike.o) (mbed::FileBase::~FileBase())
./mbed/c0f6e94411f5/TARGET_K64F/TOOLCHAIN_GCC_ARM/libmbed.a(us_ticker_api.o)
                              ./mbed/c0f6e94411f5/TARGET_K64F/TOOLCHAIN_GCC_ARM/libmbed.a(us_ticker.o) (us_ticker_irq_handler)
./mbed/c0f6e94411f5/TARGET_K64F/TOOLCHAIN_GCC_ARM/libmbed.a(ticker_api.o)
                              ./mbed/c0f6e94411f5/TARGET_K64F/TOOLCHAIN_GCC_ARM/libmbed.a(us_ticker_api.o) (ticker_irq_handler)
/usr/lib/gcc/arm-none-eabi/4.9.3/../../../arm-none-eabi/lib/armv7e-m/softfp/libstdc++.a(del_op.o)
                              ./mbed/c0f6e94411f5/TARGET_K64F/TOOLCHAIN_GCC_ARM/retarget.o (operator delete(void*))
/usr/lib/gcc/arm-none-eabi/4.9.3/../../../arm-none-eabi/lib/armv7e-m/softfp/libstdc++.a(new_op.o)
                              ./mbed/c0f6e94411f5/TARGET_K64F/TOOLCHAIN_GCC_ARM/libmbed.a(FileSystemLike.o) (operator new(unsigned int))
[...]
Memory Configuration

Name             Origin             Length             Attributes
VECTORS          0x0000000000000000 0x0000000000000400 xr
FLASH_PROTECTION 0x0000000000000400 0x0000000000000010 xr
FLASH            0x0000000000000410 0x00000000000ffbf0 xr
RAM              0x000000001fff0198 0x000000000003fe68 xrw
*default*        0x0000000000000000 0xffffffffffffffff

Linker script and memory map

LOAD /usr/lib/gcc/arm-none-eabi/4.9.3/armv7e-m/softfp/crti.o
LOAD /usr/lib/gcc/arm-none-eabi/4.9.3/armv7e-m/softfp/crtbegin.o
LOAD /usr/lib/gcc/arm-none-eabi/4.9.3/../../../arm-none-eabi/lib/armv7e-m/softfp/crt0.o
LOAD ./mbed/c0f6e94411f5/TARGET_K64F/TOOLCHAIN_GCC_ARM/retarget.o
LOAD ./mbed/c0f6e94411f5/TARGET_K64F/TOOLCHAIN_GCC_ARM/system_MK64F12.o
LOAD ./mbed/c0f6e94411f5/TARGET_K64F/TOOLCHAIN_GCC_ARM/cmsis_nvic.o
LOAD ./mbed/c0f6e94411f5/TARGET_K64F/TOOLCHAIN_GCC_ARM/board.o
LOAD ./mbed/c0f6e94411f5/TARGET_K64F/TOOLCHAIN_GCC_ARM/mbed_overrides.o
LOAD ./mbed/c0f6e94411f5/TARGET_K64F/TOOLCHAIN_GCC_ARM/startup_MK64F12.o
LOAD ./BUILD/K64F/GCC_ARM/./main.o
START GROUP
LOAD ./mbed/c0f6e94411f5/TARGET_K64F/TOOLCHAIN_GCC_ARM/libmbed.a
LOAD /usr/lib/gcc/arm-none-eabi/4.9.3/../../../arm-none-eabi/lib/armv7e-m/softfp/libstdc++.a
LOAD /usr/lib/gcc/arm-none-eabi/4.9.3/../../../arm-none-eabi/lib/armv7e-m/softfp/libsupc++.a
LOAD /usr/lib/gcc/arm-none-eabi/4.9.3/../../../arm-none-eabi/lib/armv7e-m/softfp/libm.a
LOAD /usr/lib/gcc/arm-none-eabi/4.9.3/../../../arm-none-eabi/lib/armv7e-m/softfp/libc.a
LOAD /usr/lib/gcc/arm-none-eabi/4.9.3/armv7e-m/softfp/libgcc.a
LOAD /usr/lib/gcc/arm-none-eabi/4.9.3/../../../arm-none-eabi/lib/armv7e-m/softfp/libnosys.a
END GROUP
LOAD ./mbed/c0f6e94411f5/TARGET_K64F/TOOLCHAIN_GCC_ARM/libmbed.a
LOAD /usr/lib/gcc/arm-none-eabi/4.9.3/../../../arm-none-eabi/lib/armv7e-m/softfp/libstdc++.a
LOAD /usr/lib/gcc/arm-none-eabi/4.9.3/../../../arm-none-eabi/lib/armv7e-m/softfp/libsupc++.a
LOAD /usr/lib/gcc/arm-none-eabi/4.9.3/../../../arm-none-eabi/lib/armv7e-m/softfp/libm.a
LOAD /usr/lib/gcc/arm-none-eabi/4.9.3/../../../arm-none-eabi/lib/armv7e-m/softfp/libc.a
LOAD /usr/lib/gcc/arm-none-eabi/4.9.3/armv7e-m/softfp/libgcc.a
LOAD /usr/lib/gcc/arm-none-eabi/4.9.3/../../../arm-none-eabi/lib/armv7e-m/softfp/libnosys.a
START GROUP
LOAD /usr/lib/gcc/arm-none-eabi/4.9.3/armv7e-m/softfp/libgcc.a
LOAD /usr/lib/gcc/arm-none-eabi/4.9.3/../../../arm-none-eabi/lib/armv7e-m/softfp/libc.a
END GROUP
LOAD /usr/lib/gcc/arm-none-eabi/4.9.3/armv7e-m/softfp/crtend.o
LOAD /usr/lib/gcc/arm-none-eabi/4.9.3/armv7e-m/softfp/crtn.o

.isr_vector     0x0000000000000000      0x1f0
                0x0000000000000000                __vector_table = .
 *(.vector_table)
 .vector_table  0x0000000000000000      0x198 ./mbed/c0f6e94411f5/TARGET_K64F/TOOLCHAIN_GCC_ARM/startup_MK64F12.o
                0x0000000000000000                __isr_vector
 *(.text.Reset_Handler)
 .text.Reset_Handler
                0x0000000000000198       0x58 ./mbed/c0f6e94411f5/TARGET_K64F/TOOLCHAIN_GCC_ARM/startup_MK64F12.o
                0x0000000000000198                Reset_Handler
 *(.text.System_Init)
                0x00000000000001f0                . = ALIGN (0x4)

.flash_protect  0x0000000000000400       0x10
 *(.kinetis_flash_config_field)
 .kinetis_flash_config_field
                0x0000000000000400       0x10 ./mbed/c0f6e94411f5/TARGET_K64F/TOOLCHAIN_GCC_ARM/startup_MK64F12.o
                0x0000000000000410                . = ALIGN (0x4)

.text           0x0000000000000410     0x83ec
 *(.text*)
 .text          0x0000000000000410       0xa4 /usr/lib/gcc/arm-none-eabi/4.9.3/armv7e-m/softfp/crtbegin.o
 .text          0x00000000000004b4       0x68 /usr/lib/gcc/arm-none-eabi/4.9.3/../../../arm-none-eabi/lib/armv7e-m/softfp/crt0.o
                0x00000000000004b4                _mainCRTStartup
                0x00000000000004b4                _start
 .text._ZL11init_serialv.part.0
                0x000000000000051c       0x14 ./mbed/c0f6e94411f5/TARGET_K64F/TOOLCHAIN_GCC_ARM/retarget.o
 .text._close   0x0000000000000530       0x28 ./mbed/c0f6e94411f5/TARGET_K64F/TOOLCHAIN_GCC_ARM/retarget.o
                0x0000000000000530                _close
 .text._write   0x0000000000000558       0x4c ./mbed/c0f6e94411f5/TARGET_K64F/TOOLCHAIN_GCC_ARM/retarget.o
                0x0000000000000558                _write
 .text._read    0x00000000000005a4       0x44 ./mbed/c0f6e94411f5/TARGET_K64F/TOOLCHAIN_GCC_ARM/retarget.o
                0x00000000000005a4                _read
 .text._isatty  0x00000000000005e8       0x24 ./mbed/c0f6e94411f5/TARGET_K64F/TOOLCHAIN_GCC_ARM/retarget.o
                0x00000000000005e8                _isatty
 .text._lseek   0x000000000000060c       0x24 ./mbed/c0f6e94411f5/TARGET_K64F/TOOLCHAIN_GCC_ARM/retarget.o
                0x000000000000060c                _lseek
 .text._fstat   0x0000000000000630       0x20 ./mbed/c0f6e94411f5/TARGET_K64F/TOOLCHAIN_GCC_ARM/retarget.o
                0x0000000000000630                _fstat
 .text.mbed_main
                0x0000000000000650        0x4 ./mbed/c0f6e94411f5/TARGET_K64F/TOOLCHAIN_GCC_ARM/retarget.o
                0x0000000000000650                mbed_main
 .text.mbed_sdk_init
                0x0000000000000654        0x4 ./mbed/c0f6e94411f5/TARGET_K64F/TOOLCHAIN_GCC_ARM/retarget.o
                0x0000000000000654                mbed_sdk_init
 .text.__wrap_main
                0x0000000000000658       0x14 ./mbed/c0f6e94411f5/TARGET_K64F/TOOLCHAIN_GCC_ARM/retarget.o
                0x0000000000000658                __wrap_main
 .text._sbrk    0x000000000000066c       0x28 ./mbed/c0f6e94411f5/TARGET_K64F/TOOLCHAIN_GCC_ARM/retarget.o
                0x000000000000066c                _sbrk
 .text._exit    0x0000000000000694       0x24 ./mbed/c0f6e94411f5/TARGET_K64F/TOOLCHAIN_GCC_ARM/retarget.o
                0x0000000000000694                _exit
 .text.SystemInit
                0x00000000000006b8      0x154 ./mbed/c0f6e94411f5/TARGET_K64F/TOOLCHAIN_GCC_ARM/system_MK64F12.o
                0x00000000000006b8                SystemInit
 .text.NVIC_SetVector
                0x000000000000080c       0x3c ./mbed/c0f6e94411f5/TARGET_K64F/TOOLCHAIN_GCC_ARM/cmsis_nvic.o
                0x000000000000080c                NVIC_SetVector
 .text.mbed_die
                0x0000000000000848       0x94 ./mbed/c0f6e94411f5/TARGET_K64F/TOOLCHAIN_GCC_ARM/board.o
                0x0000000000000848                mbed_die
 .text.NMI_Handler
                0x00000000000008dc       0x14 ./mbed/c0f6e94411f5/TARGET_K64F/TOOLCHAIN_GCC_ARM/mbed_overrides.o
                0x00000000000008dc                NMI_Handler
 .text          0x00000000000008f0       0x14 ./mbed/c0f6e94411f5/TARGET_K64F/TOOLCHAIN_GCC_ARM/startup_MK64F12.o
                0x00000000000008f2                HardFault_Handler
                0x00000000000008f4                MemManage_Handler
                0x00000000000008f6                BusFault_Handler
                0x00000000000008f8                UsageFault_Handler
                0x00000000000008fa                SVC_Handler
                0x00000000000008fc                DebugMon_Handler
                0x00000000000008fe                PendSV_Handler
                0x0000000000000900                SysTick_Handler
                0x0000000000000902                CAN0_Rx_Warning_IRQHandler
                0x0000000000000902                I2C0_IRQHandler
                0x0000000000000902                UART3_RX_TX_IRQHandler
                0x0000000000000902                UART0_RX_TX_IRQHandler
                0x0000000000000902                I2C1_IRQHandler
                0x0000000000000902                DMA2_IRQHandler
                0x0000000000000902                ENET_Error_IRQHandler
                0x0000000000000902                CAN0_Tx_Warning_IRQHandler
                0x0000000000000902                PIT0_IRQHandler
                0x0000000000000902                CAN0_ORed_Message_buffer_IRQHandler
                0x0000000000000902                Watchdog_IRQHandler
                0x0000000000000902                CMP2_IRQHandler
                0x0000000000000902                ENET_Receive_IRQHandler
                0x0000000000000902                ENET_1588_Timer_IRQHandler
                0x0000000000000902                UART2_RX_TX_IRQHandler
                0x0000000000000902                SWI_IRQHandler
                0x0000000000000902                ADC0_IRQHandler
                0x0000000000000902                I2S0_Tx_IRQHandler
                0x0000000000000902                CMT_IRQHandler
                0x0000000000000902                UART4_RX_TX_IRQHandler
                0x0000000000000902                SPI1_IRQHandler
                0x0000000000000902                DefaultISR
                0x0000000000000902                DMA9_IRQHandler
                0x0000000000000902                DMA14_IRQHandler
                0x0000000000000902                CMP1_IRQHandler
                0x0000000000000902                Reserved71_IRQHandler
                0x0000000000000902                PORTD_IRQHandler
                0x0000000000000902                PORTB_IRQHandler
                0x0000000000000902                UART4_ERR_IRQHandler
                0x0000000000000902                ADC1_IRQHandler
                0x0000000000000902                I2C2_IRQHandler
                0x0000000000000902                PIT2_IRQHandler
                0x0000000000000902                I2S0_Rx_IRQHandler
                0x0000000000000902                LPTimer_IRQHandler
                0x0000000000000902                DMA5_IRQHandler
                0x0000000000000902                RTC_IRQHandler
                0x0000000000000902                PDB0_IRQHandler
                0x0000000000000902                FTM1_IRQHandler
                0x0000000000000902                UART5_RX_TX_IRQHandler
                0x0000000000000902                UART3_ERR_IRQHandler
                0x0000000000000902                PIT3_IRQHandler
                0x0000000000000902                SDHC_IRQHandler
                0x0000000000000902                RTC_Seconds_IRQHandler
                0x0000000000000902                MCG_IRQHandler
                0x0000000000000902                FTFE_IRQHandler
                0x0000000000000902                UART2_ERR_IRQHandler
                0x0000000000000902                DMA11_IRQHandler
                0x0000000000000902                UART5_ERR_IRQHandler
                0x0000000000000902                Read_Collision_IRQHandler
                0x0000000000000902                Default_Handler
                0x0000000000000902                DMA7_IRQHandler
                0x0000000000000902                ENET_Transmit_IRQHandler
                0x0000000000000902                USBDCD_IRQHandler
                0x0000000000000902                USB0_IRQHandler
                0x0000000000000902                LLW_IRQHandler
                0x0000000000000902                SPI2_IRQHandler
                0x0000000000000902                DMA13_IRQHandler
                0x0000000000000902                DMA3_IRQHandler
                0x0000000000000902                UART0_LON_IRQHandler
                0x0000000000000902                RNG_IRQHandler
                0x0000000000000902                DMA0_IRQHandler
                0x0000000000000902                DMA15_IRQHandler
                0x0000000000000902                DAC0_IRQHandler
                0x0000000000000902                CAN0_Error_IRQHandler
                0x0000000000000902                DMA4_IRQHandler
                0x0000000000000902                PIT1_IRQHandler
                0x0000000000000902                UART0_ERR_IRQHandler
                0x0000000000000902                DMA_Error_IRQHandler
                0x0000000000000902                LVD_LVW_IRQHandler
                0x0000000000000902                SPI0_IRQHandler
                0x0000000000000902                FTM0_IRQHandler
                0x0000000000000902                PORTA_IRQHandler
                0x0000000000000902                DAC1_IRQHandler
                0x0000000000000902                MCM_IRQHandler
                0x0000000000000902                DMA12_IRQHandler
                0x0000000000000902                CAN0_Bus_Off_IRQHandler
                0x0000000000000902                FTM3_IRQHandler
                0x0000000000000902                PORTE_IRQHandler
                0x0000000000000902                FTM2_IRQHandler
                0x0000000000000902                DMA8_IRQHandler
                0x0000000000000902                DMA10_IRQHandler
                0x0000000000000902                CAN0_Wake_Up_IRQHandler
                0x0000000000000902                UART1_ERR_IRQHandler
                0x0000000000000902                UART1_RX_TX_IRQHandler
                0x0000000000000902                CMP0_IRQHandler
                0x0000000000000902                PORTC_IRQHandler
                0x0000000000000902                DMA6_IRQHandler
                0x0000000000000902                DMA1_IRQHandler
 .text.gpio_write.constprop.1
                0x0000000000000904       0x54 ./BUILD/K64F/GCC_ARM/./main.o
 .text.startup.main
                0x0000000000000958       0x30 ./BUILD/K64F/GCC_ARM/./main.o
                0x0000000000000958                main
 .text.startup._GLOBAL__sub_I_myled
                0x0000000000000988       0x14 ./BUILD/K64F/GCC_ARM/./main.o
 .text.GPIO_HAL_SetPinDir
                0x000000000000099c       0x3c ./mbed/c0f6e94411f5/TARGET_K64F/TOOLCHAIN_GCC_ARM/libmbed.a(fsl_gpio_hal.o)
                0x000000000000099c                GPIO_HAL_SetPinDir
 .text.GPIO_HAL_WritePinOutput
                0x00000000000009d8       0x2c ./mbed/c0f6e94411f5/TARGET_K64F/TOOLCHAIN_GCC_ARM/libmbed.a(fsl_gpio_hal.o)
                0x00000000000009d8                GPIO_HAL_WritePinOutput
 .text.serial_init
                0x0000000000000a04      0x194 ./mbed/c0f6e94411f5/TARGET_K64F/TOOLCHAIN_GCC_ARM/libmbed.a(serial_api.o)
                0x0000000000000a04                serial_init
 .text.serial_readable
                0x0000000000000b98       0x60 ./mbed/c0f6e94411f5/TARGET_K64F/TOOLCHAIN_GCC_ARM/libmbed.a(serial_api.o)
                0x0000000000000b98                serial_readable
 .text.serial_getc
                0x0000000000000bf8       0x40 ./mbed/c0f6e94411f5/TARGET_K64F/TOOLCHAIN_GCC_ARM/libmbed.a(serial_api.o)
                0x0000000000000bf8                serial_getc
 .text.serial_writable
                0x0000000000000c38       0x60 ./mbed/c0f6e94411f5/TARGET_K64F/TOOLCHAIN_GCC_ARM/libmbed.a(serial_api.o)
                0x0000000000000c38                serial_writable
 .text.serial_putc
                0x0000000000000c98       0x40 ./mbed/c0f6e94411f5/TARGET_K64F/TOOLCHAIN_GCC_ARM/libmbed.a(serial_api.o)
                0x0000000000000c98                serial_putc
 .text.mbed_assert_internal
                0x0000000000000cd8       0x18 ./mbed/c0f6e94411f5/TARGET_K64F/TOOLCHAIN_GCC_ARM/libmbed.a(assert.o)
                0x0000000000000cd8                mbed_assert_internal
 .text.error    0x0000000000000cf0       0x24 ./mbed/c0f6e94411f5/TARGET_K64F/TOOLCHAIN_GCC_ARM/libmbed.a(error.o)
                0x0000000000000cf0                error
 .text.pinmap_pinout
                0x0000000000000d14       0x40 ./mbed/c0f6e94411f5/TARGET_K64F/TOOLCHAIN_GCC_ARM/libmbed.a(pinmap_common.o)
                0x0000000000000d14                pinmap_pinout
 .text.pinmap_merge
                0x0000000000000d54       0x24 ./mbed/c0f6e94411f5/TARGET_K64F/TOOLCHAIN_GCC_ARM/libmbed.a(pinmap_common.o)
                0x0000000000000d54                pinmap_merge
 .text.pinmap_peripheral
                0x0000000000000d78       0x34 ./mbed/c0f6e94411f5/TARGET_K64F/TOOLCHAIN_GCC_ARM/libmbed.a(pinmap_common.o)
                0x0000000000000d78                pinmap_peripheral
 .text.gpio_init_in
                0x0000000000000dac       0x24 ./mbed/c0f6e94411f5/TARGET_K64F/TOOLCHAIN_GCC_ARM/libmbed.a(gpio.o)
                0x0000000000000dac                gpio_init_in
 .text.gpio_init_out
                0x0000000000000dd0       0x6c ./mbed/c0f6e94411f5/TARGET_K64F/TOOLCHAIN_GCC_ARM/libmbed.a(gpio.o)
                0x0000000000000dd0                gpio_init_out
 .text.wait_us  0x0000000000000e3c       0x18 ./mbed/c0f6e94411f5/TARGET_K64F/TOOLCHAIN_GCC_ARM/libmbed.a(wait_api.o)
                0x0000000000000e3c                wait_us
 .text.wait     0x0000000000000e54       0x1c ./mbed/c0f6e94411f5/TARGET_K64F/TOOLCHAIN_GCC_ARM/libmbed.a(wait_api.o)
                0x0000000000000e54                wait
 .text.wait_ms  0x0000000000000e70        0xc ./mbed/c0f6e94411f5/TARGET_K64F/TOOLCHAIN_GCC_ARM/libmbed.a(wait_api.o)
                0x0000000000000e70                wait_ms
 .text.CLOCK_SYS_GetFreq
                0x0000000000000e7c       0xb4 ./mbed/c0f6e94411f5/TARGET_K64F/TOOLCHAIN_GCC_ARM/libmbed.a(fsl_clock_manager.o)
                0x0000000000000e7c                CLOCK_SYS_GetFreq
 .text.CLOCK_SYS_GetSysClkFreq
                0x0000000000000f30       0x60 ./mbed/c0f6e94411f5/TARGET_K64F/TOOLCHAIN_GCC_ARM/libmbed.a(fsl_clock_manager.o)
                0x0000000000000f30                CLOCK_SYS_GetSysClkFreq
 .text.CLOCK_HAL_GetFllRefClk
                0x0000000000000f90       0x68 ./mbed/c0f6e94411f5/TARGET_K64F/TOOLCHAIN_GCC_ARM/libmbed.a(fsl_mcg_hal.o)
                0x0000000000000f90                CLOCK_HAL_GetFllRefClk
 .text.CLOCK_HAL_GetFllClk
                0x0000000000000ff8       0x90 ./mbed/c0f6e94411f5/TARGET_K64F/TOOLCHAIN_GCC_ARM/libmbed.a(fsl_mcg_hal.o)
                0x0000000000000ff8                CLOCK_HAL_GetFllClk
 .text.CLOCK_HAL_GetPll0Clk
                0x0000000000001088       0x40 ./mbed/c0f6e94411f5/TARGET_K64F/TOOLCHAIN_GCC_ARM/libmbed.a(fsl_mcg_hal.o)
                0x0000000000001088                CLOCK_HAL_GetPll0Clk
 .text.CLOCK_HAL_GetInternalRefClk
                0x00000000000010c8       0x24 ./mbed/c0f6e94411f5/TARGET_K64F/TOOLCHAIN_GCC_ARM/libmbed.a(fsl_mcg_hal.o)
                0x00000000000010c8                CLOCK_HAL_GetInternalRefClk
 .text.CLOCK_HAL_GetOutClk
                0x00000000000010ec       0x74 ./mbed/c0f6e94411f5/TARGET_K64F/TOOLCHAIN_GCC_ARM/libmbed.a(fsl_mcg_hal.o)
                0x00000000000010ec                CLOCK_HAL_GetOutClk
 .text.CLOCK_HAL_GetDivider
                0x0000000000001160       0xb8 ./mbed/c0f6e94411f5/TARGET_K64F/TOOLCHAIN_GCC_ARM/libmbed.a(fsl_sim_hal.o)
                0x0000000000001160                CLOCK_HAL_GetDivider
 .text.UART_HAL_Init
                0x0000000000001218       0x34 ./mbed/c0f6e94411f5/TARGET_K64F/TOOLCHAIN_GCC_ARM/libmbed.a(fsl_uart_hal.o)
                0x0000000000001218                UART_HAL_Init
 .text.UART_HAL_SetBaudRate
                0x000000000000124c       0x48 ./mbed/c0f6e94411f5/TARGET_K64F/TOOLCHAIN_GCC_ARM/libmbed.a(fsl_uart_hal.o)
                0x000000000000124c                UART_HAL_SetBaudRate
 .text.UART_HAL_Putchar
                0x0000000000001294        0x8 ./mbed/c0f6e94411f5/TARGET_K64F/TOOLCHAIN_GCC_ARM/libmbed.a(fsl_uart_hal.o)
                0x0000000000001294                UART_HAL_Putchar
 .text.UART_HAL_Getchar
                0x000000000000129c        0x8 ./mbed/c0f6e94411f5/TARGET_K64F/TOOLCHAIN_GCC_ARM/libmbed.a(fsl_uart_hal.o)
                0x000000000000129c                UART_HAL_Getchar
 .text.UART_HAL_GetStatusFlag
                0x00000000000012a4       0x44 ./mbed/c0f6e94411f5/TARGET_K64F/TOOLCHAIN_GCC_ARM/libmbed.a(fsl_uart_hal.o)
                0x00000000000012a4                UART_HAL_GetStatusFlag
 .text.UART_HAL_ClearStatusFlag
                0x00000000000012e8       0x74 ./mbed/c0f6e94411f5/TARGET_K64F/TOOLCHAIN_GCC_ARM/libmbed.a(fsl_uart_hal.o)
                0x00000000000012e8                UART_HAL_ClearStatusFlag
 .text.UART_HAL_FlushTxFifo
                0x000000000000135c       0x1c ./mbed/c0f6e94411f5/TARGET_K64F/TOOLCHAIN_GCC_ARM/libmbed.a(fsl_uart_hal.o)
                0x000000000000135c                UART_HAL_FlushTxFifo
 .text.CLOCK_SYS_GetUartFreq
                0x0000000000001378       0x3c ./mbed/c0f6e94411f5/TARGET_K64F/TOOLCHAIN_GCC_ARM/libmbed.a(fsl_clock_K64F12.o)
                0x0000000000001378                CLOCK_SYS_GetUartFreq
 .text.SIM_HAL_EnablePortClock
                0x00000000000013b4       0x50 ./mbed/c0f6e94411f5/TARGET_K64F/TOOLCHAIN_GCC_ARM/libmbed.a(fsl_sim_hal_K64F12.o)
                0x00000000000013b4                SIM_HAL_EnablePortClock
 .text.SIM_HAL_EnablePitClock
                0x0000000000001404       0x10 ./mbed/c0f6e94411f5/TARGET_K64F/TOOLCHAIN_GCC_ARM/libmbed.a(fsl_sim_hal_K64F12.o)
                0x0000000000001404                SIM_HAL_EnablePitClock
 .text.SIM_HAL_EnableUartClock
                0x0000000000001414       0x60 ./mbed/c0f6e94411f5/TARGET_K64F/TOOLCHAIN_GCC_ARM/libmbed.a(fsl_sim_hal_K64F12.o)
                0x0000000000001414                SIM_HAL_EnableUartClock
 .text.gpio_init
                0x0000000000001474       0x70 ./mbed/c0f6e94411f5/TARGET_K64F/TOOLCHAIN_GCC_ARM/libmbed.a(gpio_api.o)
                0x0000000000001474                gpio_init
 .text.gpio_mode
                0x00000000000014e4        0x8 ./mbed/c0f6e94411f5/TARGET_K64F/TOOLCHAIN_GCC_ARM/libmbed.a(gpio_api.o)
                0x00000000000014e4                gpio_mode
 .text.gpio_dir
                0x00000000000014ec       0x58 ./mbed/c0f6e94411f5/TARGET_K64F/TOOLCHAIN_GCC_ARM/libmbed.a(gpio_api.o)
                0x00000000000014ec                gpio_dir
 .text.unlikely.PORT_HAL_SetPullCmd.part.0
                0x0000000000001544       0x1c ./mbed/c0f6e94411f5/TARGET_K64F/TOOLCHAIN_GCC_ARM/libmbed.a(pinmap.o)
 .text.pin_function
                0x0000000000001560       0x90 ./mbed/c0f6e94411f5/TARGET_K64F/TOOLCHAIN_GCC_ARM/libmbed.a(pinmap.o)
                0x0000000000001560                pin_function
 .text.pin_mode
                0x00000000000015f0       0xb0 ./mbed/c0f6e94411f5/TARGET_K64F/TOOLCHAIN_GCC_ARM/libmbed.a(pinmap.o)
                0x00000000000015f0                pin_mode
 .text.us_ticker_init.part.5
                0x00000000000016a0       0xb0 ./mbed/c0f6e94411f5/TARGET_K64F/TOOLCHAIN_GCC_ARM/libmbed.a(us_ticker.o)
 .text.us_ticker_init
                0x0000000000001750       0x10 ./mbed/c0f6e94411f5/TARGET_K64F/TOOLCHAIN_GCC_ARM/libmbed.a(us_ticker.o)
                0x0000000000001750                us_ticker_init
 .text.us_ticker_read
                0x0000000000001760       0x1c ./mbed/c0f6e94411f5/TARGET_K64F/TOOLCHAIN_GCC_ARM/libmbed.a(us_ticker.o)
                0x0000000000001760                us_ticker_read
 .text.us_ticker_disable_interrupt
                0x000000000000177c        0xc ./mbed/c0f6e94411f5/TARGET_K64F/TOOLCHAIN_GCC_ARM/libmbed.a(us_ticker.o)
                0x000000000000177c                us_ticker_disable_interrupt
 .text.us_ticker_clear_interrupt
                0x0000000000001788        0xc ./mbed/c0f6e94411f5/TARGET_K64F/TOOLCHAIN_GCC_ARM/libmbed.a(us_ticker.o)
                0x0000000000001788                us_ticker_clear_interrupt
 .text.us_ticker_set_interrupt
                0x0000000000001794       0x40 ./mbed/c0f6e94411f5/TARGET_K64F/TOOLCHAIN_GCC_ARM/libmbed.a(us_ticker.o)
                0x0000000000001794                us_ticker_set_interrupt
 .text.us_ticker_irq_handler
                0x00000000000017d4        0xc ./mbed/c0f6e94411f5/TARGET_K64F/TOOLCHAIN_GCC_ARM/libmbed.a(us_ticker_api.o)
                0x00000000000017d4                us_ticker_irq_handler
 .text.ticker_irq_handler
                0x00000000000017e0       0x4c ./mbed/c0f6e94411f5/TARGET_K64F/TOOLCHAIN_GCC_ARM/libmbed.a(ticker_api.o)
                0x00000000000017e0                ticker_irq_handler
 .text.abort    0x000000000000182c       0x10 /usr/lib/gcc/arm-none-eabi/4.9.3/../../../arm-none-eabi/lib/armv7e-m/softfp/libc.a(lib_a-abort.o)
                0x000000000000182c                abort
 .text.__assert_func
                0x000000000000183c       0x3c /usr/lib/gcc/arm-none-eabi/4.9.3/../../../arm-none-eabi/lib/armv7e-m/softfp/libc.a(lib_a-assert.o)
                0x000000000000183c                __assert_func
 .text.atexit   0x0000000000001878        0xc /usr/lib/gcc/arm-none-eabi/4.9.3/../../../arm-none-eabi/lib/armv7e-m/softfp/libc.a(lib_a-atexit.o)
                0x0000000000001878                atexit
 .text.__errno  0x0000000000001884        0xc /usr/lib/gcc/arm-none-eabi/4.9.3/../../../arm-none-eabi/lib/armv7e-m/softfp/libc.a(lib_a-errno.o)
                0x0000000000001884                __errno
 .text.exit     0x0000000000001890       0x20 /usr/lib/gcc/arm-none-eabi/4.9.3/../../../arm-none-eabi/lib/armv7e-m/softfp/libc.a(lib_a-exit.o)
                0x0000000000001890                exit
 .text.__sflush_r
                0x00000000000018b0      0x154 /usr/lib/gcc/arm-none-eabi/4.9.3/../../../arm-none-eabi/lib/armv7e-m/softfp/libc.a(lib_a-fflush.o)
                0x00000000000018b0                __sflush_r
 .text._fflush_r
                0x0000000000001a04       0x2c /usr/lib/gcc/arm-none-eabi/4.9.3/../../../arm-none-eabi/lib/armv7e-m/softfp/libc.a(lib_a-fflush.o)
                0x0000000000001a04                _fflush_r
 .text.fflush   0x0000000000001a30       0x24 /usr/lib/gcc/arm-none-eabi/4.9.3/../../../arm-none-eabi/lib/armv7e-m/softfp/libc.a(lib_a-fflush.o)
                0x0000000000001a30                fflush
 .text._cleanup_r
                0x0000000000001a54        0xc /usr/lib/gcc/arm-none-eabi/4.9.3/../../../arm-none-eabi/lib/armv7e-m/softfp/libc.a(lib_a-findfp.o)
                0x0000000000001a54                _cleanup_r
 .text.__sinit.part.1
                0x0000000000001a60       0xf0 /usr/lib/gcc/arm-none-eabi/4.9.3/../../../arm-none-eabi/lib/armv7e-m/softfp/libc.a(lib_a-findfp.o)
 .text.__sinit  0x0000000000001b50        0xc /usr/lib/gcc/arm-none-eabi/4.9.3/../../../arm-none-eabi/lib/armv7e-m/softfp/libc.a(lib_a-findfp.o)
                0x0000000000001b50                __sinit
 .text.__sfp_lock_acquire
                0x0000000000001b5c        0x4 /usr/lib/gcc/arm-none-eabi/4.9.3/../../../arm-none-eabi/lib/armv7e-m/softfp/libc.a(lib_a-findfp.o)
                0x0000000000001b5c                __sfp_lock_acquire
 .text.__sfp_lock_release
                0x0000000000001b60        0x4 /usr/lib/gcc/arm-none-eabi/4.9.3/../../../arm-none-eabi/lib/armv7e-m/softfp/libc.a(lib_a-findfp.o)
                0x0000000000001b60                __sfp_lock_release
 .text.__libc_fini_array
                0x0000000000001b64       0x2c /usr/lib/gcc/arm-none-eabi/4.9.3/../../../arm-none-eabi/lib/armv7e-m/softfp/libc.a(lib_a-fini.o)
                0x0000000000001b64                __libc_fini_array
 .text.fiprintf
                0x0000000000001b90       0x28 /usr/lib/gcc/arm-none-eabi/4.9.3/../../../arm-none-eabi/lib/armv7e-m/softfp/libc.a(lib_a-fiprintf.o)
                0x0000000000001b90                fiprintf
 .text._malloc_trim_r
                0x0000000000001bb8       0x9c /usr/lib/gcc/arm-none-eabi/4.9.3/../../../arm-none-eabi/lib/armv7e-m/softfp/libc.a(lib_a-freer.o)
                0x0000000000001bb8                _malloc_trim_r
 .text._free_r  0x0000000000001c54      0x1b0 /usr/lib/gcc/arm-none-eabi/4.9.3/../../../arm-none-eabi/lib/armv7e-m/softfp/libc.a(lib_a-freer.o)
                0x0000000000001c54                _free_r
 .text._fwalk_reent
                0x0000000000001e04       0x54 /usr/lib/gcc/arm-none-eabi/4.9.3/../../../arm-none-eabi/lib/armv7e-m/softfp/libc.a(lib_a-fwalk.o)
                0x0000000000001e04                _fwalk_reent
 .text.__libc_init_array
                0x0000000000001e58       0x50 /usr/lib/gcc/arm-none-eabi/4.9.3/../../../arm-none-eabi/lib/armv7e-m/softfp/libc.a(lib_a-init.o)
                0x0000000000001e58                __libc_init_array
 .text.malloc   0x0000000000001ea8       0x10 /usr/lib/gcc/arm-none-eabi/4.9.3/../../../arm-none-eabi/lib/armv7e-m/softfp/libc.a(lib_a-malloc.o)
                0x0000000000001ea8                malloc
 .text.free     0x0000000000001eb8       0x10 /usr/lib/gcc/arm-none-eabi/4.9.3/../../../arm-none-eabi/lib/armv7e-m/softfp/libc.a(lib_a-malloc.o)
                0x0000000000001eb8                free
 .text._malloc_r
                0x0000000000001ec8      0x524 /usr/lib/gcc/arm-none-eabi/4.9.3/../../../arm-none-eabi/lib/armv7e-m/softfp/libc.a(lib_a-mallocr.o)
                0x0000000000001ec8                _malloc_r
 .text.memchr   0x00000000000023ec       0x94 /usr/lib/gcc/arm-none-eabi/4.9.3/../../../arm-none-eabi/lib/armv7e-m/softfp/libc.a(lib_a-memchr.o)
                0x00000000000023ec                memchr
 .text          0x0000000000002480      0x134 /usr/lib/gcc/arm-none-eabi/4.9.3/../../../arm-none-eabi/lib/armv7e-m/softfp/libc.a(lib_a-memcpy.o)
                0x0000000000002480                memcpy
 .text.memset   0x00000000000025b4       0x9c /usr/lib/gcc/arm-none-eabi/4.9.3/../../../arm-none-eabi/lib/armv7e-m/softfp/libc.a(lib_a-memset.o)
                0x00000000000025b4                memset
 .text.__malloc_lock
                0x0000000000002650        0x4 /usr/lib/gcc/arm-none-eabi/4.9.3/../../../arm-none-eabi/lib/armv7e-m/softfp/libc.a(lib_a-mlock.o)
                0x0000000000002650                __malloc_lock
 .text.__malloc_unlock
                0x0000000000002654        0x4 /usr/lib/gcc/arm-none-eabi/4.9.3/../../../arm-none-eabi/lib/armv7e-m/softfp/libc.a(lib_a-mlock.o)
                0x0000000000002654                __malloc_unlock
 .text.printf   0x0000000000002658       0x28 /usr/lib/gcc/arm-none-eabi/4.9.3/../../../arm-none-eabi/lib/armv7e-m/softfp/libc.a(lib_a-printf.o)
                0x0000000000002658                printf
 .text._sbrk_r  0x0000000000002680       0x24 /usr/lib/gcc/arm-none-eabi/4.9.3/../../../arm-none-eabi/lib/armv7e-m/softfp/libc.a(lib_a-sbrkr.o)
                0x0000000000002680                _sbrk_r
 .text._raise_r
                0x00000000000026a4       0x58 /usr/lib/gcc/arm-none-eabi/4.9.3/../../../arm-none-eabi/lib/armv7e-m/softfp/libc.a(lib_a-signal.o)
                0x00000000000026a4                _raise_r
 .text.raise    0x00000000000026fc       0x10 /usr/lib/gcc/arm-none-eabi/4.9.3/../../../arm-none-eabi/lib/armv7e-m/softfp/libc.a(lib_a-signal.o)
                0x00000000000026fc                raise
 .text._kill_r  0x000000000000270c       0x28 /usr/lib/gcc/arm-none-eabi/4.9.3/../../../arm-none-eabi/lib/armv7e-m/softfp/libc.a(lib_a-signalr.o)
                0x000000000000270c                _kill_r
 .text._getpid_r
                0x0000000000002734        0x4 /usr/lib/gcc/arm-none-eabi/4.9.3/../../../arm-none-eabi/lib/armv7e-m/softfp/libc.a(lib_a-signalr.o)
                0x0000000000002734                _getpid_r
 .text.__sread  0x0000000000002738       0x24 /usr/lib/gcc/arm-none-eabi/4.9.3/../../../arm-none-eabi/lib/armv7e-m/softfp/libc.a(lib_a-stdio.o)
                0x0000000000002738                __sread
 .text.__swrite
                0x000000000000275c       0x38 /usr/lib/gcc/arm-none-eabi/4.9.3/../../../arm-none-eabi/lib/armv7e-m/softfp/libc.a(lib_a-stdio.o)
                0x000000000000275c                __swrite
 .text.__sseek  0x0000000000002794       0x20 /usr/lib/gcc/arm-none-eabi/4.9.3/../../../arm-none-eabi/lib/armv7e-m/softfp/libc.a(lib_a-stdio.o)
                0x0000000000002794                __sseek
 .text.__sclose
                0x00000000000027b4        0x8 /usr/lib/gcc/arm-none-eabi/4.9.3/../../../arm-none-eabi/lib/armv7e-m/softfp/libc.a(lib_a-stdio.o)
                0x00000000000027b4                __sclose
 .text.strlen   0x00000000000027bc       0x5c /usr/lib/gcc/arm-none-eabi/4.9.3/../../../arm-none-eabi/lib/armv7e-m/softfp/libc.a(lib_a-strlen.o)
                0x00000000000027bc                strlen
 .text.__sprint_r.part.0
                0x0000000000002818       0x78 /usr/lib/gcc/arm-none-eabi/4.9.3/../../../arm-none-eabi/lib/armv7e-m/softfp/libc.a(lib_a-vfiprintf.o)
 .text.__sprint_r
                0x0000000000002890       0x18 /usr/lib/gcc/arm-none-eabi/4.9.3/../../../arm-none-eabi/lib/armv7e-m/softfp/libc.a(lib_a-vfiprintf.o)
                0x0000000000002890                __sprint_r
 .text._vfiprintf_r
                0x00000000000028a8      0xc10 /usr/lib/gcc/arm-none-eabi/4.9.3/../../../arm-none-eabi/lib/armv7e-m/softfp/libc.a(lib_a-vfiprintf.o)
                0x00000000000028a8                _vfiprintf_r
 .text.__sbprintf
                0x00000000000034b8       0x78 /usr/lib/gcc/arm-none-eabi/4.9.3/../../../arm-none-eabi/lib/armv7e-m/softfp/libc.a(lib_a-vfiprintf.o)
 .text._vfprintf_r
                0x0000000000003530     0x1428 /usr/lib/gcc/arm-none-eabi/4.9.3/../../../arm-none-eabi/lib/armv7e-m/softfp/libc.a(lib_a-vfprintf.o)
                0x0000000000003530                _vfprintf_r
 .text.vfprintf
                0x0000000000004958       0x18 /usr/lib/gcc/arm-none-eabi/4.9.3/../../../arm-none-eabi/lib/armv7e-m/softfp/libc.a(lib_a-vfprintf.o)
                0x0000000000004958                vfprintf
 .text.__sbprintf
                0x0000000000004970       0x78 /usr/lib/gcc/arm-none-eabi/4.9.3/../../../arm-none-eabi/lib/armv7e-m/softfp/libc.a(lib_a-vfprintf.o)
 .text._write_r
                0x00000000000049e8       0x28 /usr/lib/gcc/arm-none-eabi/4.9.3/../../../arm-none-eabi/lib/armv7e-m/softfp/libc.a(lib_a-writer.o)
                0x00000000000049e8                _write_r
 .text.__swsetup_r
                0x0000000000004a10       0xc4 /usr/lib/gcc/arm-none-eabi/4.9.3/../../../arm-none-eabi/lib/armv7e-m/softfp/libc.a(lib_a-wsetup.o)
                0x0000000000004a10                __swsetup_r
 .text.__register_exitproc
                0x0000000000004ad4       0xa4 /usr/lib/gcc/arm-none-eabi/4.9.3/../../../arm-none-eabi/lib/armv7e-m/softfp/libc.a(lib_a-__atexit.o)
                0x0000000000004ad4                __register_exitproc
 .text.startup.register_fini
                0x0000000000004b78       0x14 /usr/lib/gcc/arm-none-eabi/4.9.3/../../../arm-none-eabi/lib/armv7e-m/softfp/libc.a(lib_a-__call_atexit.o)
 .text.__call_exitprocs
                0x0000000000004b8c       0xd4 /usr/lib/gcc/arm-none-eabi/4.9.3/../../../arm-none-eabi/lib/armv7e-m/softfp/libc.a(lib_a-__call_atexit.o)
                0x0000000000004b8c                __call_exitprocs
 .text._close_r
                0x0000000000004c60       0x24 /usr/lib/gcc/arm-none-eabi/4.9.3/../../../arm-none-eabi/lib/armv7e-m/softfp/libc.a(lib_a-closer.o)
                0x0000000000004c60                _close_r
 .text.quorem   0x0000000000004c84      0x12c /usr/lib/gcc/arm-none-eabi/4.9.3/../../../arm-none-eabi/lib/armv7e-m/softfp/libc.a(lib_a-dtoa.o)
 .text._dtoa_r  0x0000000000004db0      0xe90 /usr/lib/gcc/arm-none-eabi/4.9.3/../../../arm-none-eabi/lib/armv7e-m/softfp/libc.a(lib_a-dtoa.o)
                0x0000000000004db0                _dtoa_r
 .text._fclose_r
                0x0000000000005c40       0x84 /usr/lib/gcc/arm-none-eabi/4.9.3/../../../arm-none-eabi/lib/armv7e-m/softfp/libc.a(lib_a-fclose.o)
                0x0000000000005c40                _fclose_r
 .text.__fputwc
                0x0000000000005cc4       0xb0 /usr/lib/gcc/arm-none-eabi/4.9.3/../../../arm-none-eabi/lib/armv7e-m/softfp/libc.a(lib_a-fputwc.o)
                0x0000000000005cc4                __fputwc
 .text._fputwc_r
                0x0000000000005d74       0x24 /usr/lib/gcc/arm-none-eabi/4.9.3/../../../arm-none-eabi/lib/armv7e-m/softfp/libc.a(lib_a-fputwc.o)
                0x0000000000005d74                _fputwc_r
 .text.__sfvwrite_r
                0x0000000000005d98      0x318 /usr/lib/gcc/arm-none-eabi/4.9.3/../../../arm-none-eabi/lib/armv7e-m/softfp/libc.a(lib_a-fvwrite.o)
                0x0000000000005d98                __sfvwrite_r
 .text.__locale_charset
                0x00000000000060b0        0x8 /usr/lib/gcc/arm-none-eabi/4.9.3/../../../arm-none-eabi/lib/armv7e-m/softfp/libc.a(lib_a-locale.o)
                0x00000000000060b0                __locale_charset
 .text.__locale_mb_cur_max
                0x00000000000060b8        0xc /usr/lib/gcc/arm-none-eabi/4.9.3/../../../arm-none-eabi/lib/armv7e-m/softfp/libc.a(lib_a-locale.o)
                0x00000000000060b8                __locale_mb_cur_max
 .text._localeconv_r
                0x00000000000060c4        0x8 /usr/lib/gcc/arm-none-eabi/4.9.3/../../../arm-none-eabi/lib/armv7e-m/softfp/libc.a(lib_a-locale.o)
                0x00000000000060c4                _localeconv_r
 .text._lseek_r
                0x00000000000060cc       0x28 /usr/lib/gcc/arm-none-eabi/4.9.3/../../../arm-none-eabi/lib/armv7e-m/softfp/libc.a(lib_a-lseekr.o)
                0x00000000000060cc                _lseek_r
 .text.__smakebuf_r
                0x00000000000060f4       0xe0 /usr/lib/gcc/arm-none-eabi/4.9.3/../../../arm-none-eabi/lib/armv7e-m/softfp/libc.a(lib_a-makebuf.o)
                0x00000000000060f4                __smakebuf_r
 .text.memmove  0x00000000000061d4       0xc8 /usr/lib/gcc/arm-none-eabi/4.9.3/../../../arm-none-eabi/lib/armv7e-m/softfp/libc.a(lib_a-memmove.o)
                0x00000000000061d4                memmove
 .text._Balloc  0x000000000000629c       0x4c /usr/lib/gcc/arm-none-eabi/4.9.3/../../../arm-none-eabi/lib/armv7e-m/softfp/libc.a(lib_a-mprec.o)
                0x000000000000629c                _Balloc
 .text._Bfree   0x00000000000062e8       0x14 /usr/lib/gcc/arm-none-eabi/4.9.3/../../../arm-none-eabi/lib/armv7e-m/softfp/libc.a(lib_a-mprec.o)
                0x00000000000062e8                _Bfree
 .text.__multadd
                0x00000000000062fc       0x84 /usr/lib/gcc/arm-none-eabi/4.9.3/../../../arm-none-eabi/lib/armv7e-m/softfp/libc.a(lib_a-mprec.o)
                0x00000000000062fc                __multadd
 .text.__hi0bits
                0x0000000000006380       0x40 /usr/lib/gcc/arm-none-eabi/4.9.3/../../../arm-none-eabi/lib/armv7e-m/softfp/libc.a(lib_a-mprec.o)
                0x0000000000006380                __hi0bits
 .text.__lo0bits
                0x00000000000063c0       0x5c /usr/lib/gcc/arm-none-eabi/4.9.3/../../../arm-none-eabi/lib/armv7e-m/softfp/libc.a(lib_a-mprec.o)
                0x00000000000063c0                __lo0bits
 .text.__i2b    0x000000000000641c       0x14 /usr/lib/gcc/arm-none-eabi/4.9.3/../../../arm-none-eabi/lib/armv7e-m/softfp/libc.a(lib_a-mprec.o)
                0x000000000000641c                __i2b
 .text.__multiply
                0x0000000000006430      0x134 /usr/lib/gcc/arm-none-eabi/4.9.3/../../../arm-none-eabi/lib/armv7e-m/softfp/libc.a(lib_a-mprec.o)
                0x0000000000006430                __multiply
 .text.__pow5mult
                0x0000000000006564       0xa0 /usr/lib/gcc/arm-none-eabi/4.9.3/../../../arm-none-eabi/lib/armv7e-m/softfp/libc.a(lib_a-mprec.o)
                0x0000000000006564                __pow5mult
 .text.__lshift
                0x0000000000006604       0xac /usr/lib/gcc/arm-none-eabi/4.9.3/../../../arm-none-eabi/lib/armv7e-m/softfp/libc.a(lib_a-mprec.o)
                0x0000000000006604                __lshift
 .text.__mcmp   0x00000000000066b0       0x48 /usr/lib/gcc/arm-none-eabi/4.9.3/../../../arm-none-eabi/lib/armv7e-m/softfp/libc.a(lib_a-mprec.o)
                0x00000000000066b0                __mcmp
 .text.__mdiff  0x00000000000066f8       0xd4 /usr/lib/gcc/arm-none-eabi/4.9.3/../../../arm-none-eabi/lib/armv7e-m/softfp/libc.a(lib_a-mprec.o)
                0x00000000000066f8                __mdiff
 .text.__d2b    0x00000000000067cc       0xb8 /usr/lib/gcc/arm-none-eabi/4.9.3/../../../arm-none-eabi/lib/armv7e-m/softfp/libc.a(lib_a-mprec.o)
                0x00000000000067cc                __d2b
 .text._read_r  0x0000000000006884       0x28 /usr/lib/gcc/arm-none-eabi/4.9.3/../../../arm-none-eabi/lib/armv7e-m/softfp/libc.a(lib_a-readr.o)
                0x0000000000006884                _read_r
 .text._realloc_r
                0x00000000000068ac      0x3ec /usr/lib/gcc/arm-none-eabi/4.9.3/../../../arm-none-eabi/lib/armv7e-m/softfp/libc.a(lib_a-reallocr.o)
                0x00000000000068ac                _realloc_r
 .text.__fpclassifyd
                0x0000000000006c98       0x58 /usr/lib/gcc/arm-none-eabi/4.9.3/../../../arm-none-eabi/lib/armv7e-m/softfp/libc.a(lib_a-s_fpclassify.o)
                0x0000000000006c98                __fpclassifyd
 .text.__swbuf_r
                0x0000000000006cf0       0xa8 /usr/lib/gcc/arm-none-eabi/4.9.3/../../../arm-none-eabi/lib/armv7e-m/softfp/libc.a(lib_a-wbuf.o)
                0x0000000000006cf0                __swbuf_r
 .text._wcrtomb_r
                0x0000000000006d98       0x54 /usr/lib/gcc/arm-none-eabi/4.9.3/../../../arm-none-eabi/lib/armv7e-m/softfp/libc.a(lib_a-wcrtomb.o)
                0x0000000000006d98                _wcrtomb_r
 .text.__ascii_wctomb
                0x0000000000006dec       0x1c /usr/lib/gcc/arm-none-eabi/4.9.3/../../../arm-none-eabi/lib/armv7e-m/softfp/libc.a(lib_a-wctomb_r.o)
                0x0000000000006dec                __ascii_wctomb
 .text._calloc_r
                0x0000000000006e08       0x60 /usr/lib/gcc/arm-none-eabi/4.9.3/../../../arm-none-eabi/lib/armv7e-m/softfp/libc.a(lib_a-callocr.o)
                0x0000000000006e08                _calloc_r
 .text._fstat_r
                0x0000000000006e68       0x28 /usr/lib/gcc/arm-none-eabi/4.9.3/../../../arm-none-eabi/lib/armv7e-m/softfp/libc.a(lib_a-fstatr.o)
                0x0000000000006e68                _fstat_r
 .text._isatty_r
                0x0000000000006e90       0x24 /usr/lib/gcc/arm-none-eabi/4.9.3/../../../arm-none-eabi/lib/armv7e-m/softfp/libc.a(lib_a-isattyr.o)
                0x0000000000006e90                _isatty_r
 .text          0x0000000000006eb4      0x370 /usr/lib/gcc/arm-none-eabi/4.9.3/armv7e-m/softfp/libgcc.a(_arm_addsubdf3.o)
                0x0000000000006eb4                __aeabi_drsub
                0x0000000000006ebc                __aeabi_dsub
                0x0000000000006ebc                __subdf3
                0x0000000000006ec0                __adddf3
                0x0000000000006ec0                __aeabi_dadd
                0x0000000000007138                __aeabi_ui2d
                0x0000000000007138                __floatunsidf
                0x0000000000007158                __floatsidf
                0x0000000000007158                __aeabi_i2d
                0x000000000000717c                __extendsfdf2
                0x000000000000717c                __aeabi_f2d
                0x00000000000071b8                __aeabi_ul2d
                0x00000000000071b8                __floatundidf
                0x00000000000071c8                __floatdidf
                0x00000000000071c8                __aeabi_l2d
 .text          0x0000000000007224      0x424 /usr/lib/gcc/arm-none-eabi/4.9.3/armv7e-m/softfp/libgcc.a(_arm_muldivdf3.o)
                0x0000000000007224                __aeabi_dmul
                0x0000000000007224                __muldf3
                0x0000000000007478                __aeabi_ddiv
                0x0000000000007478                __divdf3
 .text          0x0000000000007648      0x110 /usr/lib/gcc/arm-none-eabi/4.9.3/armv7e-m/softfp/libgcc.a(_arm_cmpdf2.o)
                0x0000000000007648                __gtdf2
                0x0000000000007648                __gedf2
                0x0000000000007650                __ltdf2
                0x0000000000007650                __ledf2
                0x0000000000007658                __cmpdf2
                0x0000000000007658                __eqdf2
                0x0000000000007658                __nedf2
                0x00000000000076d4                __aeabi_cdrcmple
                0x00000000000076e4                __aeabi_cdcmple
                0x00000000000076e4                __aeabi_cdcmpeq
                0x00000000000076f4                __aeabi_dcmpeq
                0x0000000000007708                __aeabi_dcmplt
                0x000000000000771c                __aeabi_dcmple
                0x0000000000007730                __aeabi_dcmpge
                0x0000000000007744                __aeabi_dcmpgt
 .text          0x0000000000007758       0x50 /usr/lib/gcc/arm-none-eabi/4.9.3/armv7e-m/softfp/libgcc.a(_arm_fixdfsi.o)
                0x0000000000007758                __fixdfsi
                0x0000000000007758                __aeabi_d2iz
 .text          0x00000000000077a8       0x30 /usr/lib/gcc/arm-none-eabi/4.9.3/armv7e-m/softfp/libgcc.a(_aeabi_uldivmod.o)
                0x00000000000077a8                __aeabi_uldivmod
 .text          0x00000000000077d8       0x60 /usr/lib/gcc/arm-none-eabi/4.9.3/armv7e-m/softfp/libgcc.a(bpabi.o)
                0x00000000000077d8                __gnu_ldivmod_helper
                0x0000000000007808                __gnu_uldivmod_helper
 .text          0x0000000000007838        0x4 /usr/lib/gcc/arm-none-eabi/4.9.3/armv7e-m/softfp/libgcc.a(_dvmd_tls.o)
                0x0000000000007838                __aeabi_ldiv0
                0x0000000000007838                __aeabi_idiv0
 .text          0x000000000000783c      0x29c /usr/lib/gcc/arm-none-eabi/4.9.3/armv7e-m/softfp/libgcc.a(_divdi3.o)
                0x000000000000783c                __divdi3
 .text          0x0000000000007ad8      0x26c /usr/lib/gcc/arm-none-eabi/4.9.3/armv7e-m/softfp/libgcc.a(_udivdi3.o)
                0x0000000000007ad8                __udivdi3
 .text._getpid  0x0000000000007d44       0x10 /usr/lib/gcc/arm-none-eabi/4.9.3/../../../arm-none-eabi/lib/armv7e-m/softfp/libnosys.a(getpid.o)
                0x0000000000007d44                _getpid
 .text._kill    0x0000000000007d54       0x10 /usr/lib/gcc/arm-none-eabi/4.9.3/../../../arm-none-eabi/lib/armv7e-m/softfp/libnosys.a(kill.o)
                0x0000000000007d54                _kill
 *(.init)
 .init          0x0000000000007d64        0x4 /usr/lib/gcc/arm-none-eabi/4.9.3/armv7e-m/softfp/crti.o
                0x0000000000007d64                _init
 .init          0x0000000000007d68        0x8 /usr/lib/gcc/arm-none-eabi/4.9.3/armv7e-m/softfp/crtn.o
 *(.fini)
 .fini          0x0000000000007d70        0x4 /usr/lib/gcc/arm-none-eabi/4.9.3/armv7e-m/softfp/crti.o
                0x0000000000007d70                _fini
 .fini          0x0000000000007d74        0x8 /usr/lib/gcc/arm-none-eabi/4.9.3/armv7e-m/softfp/crtn.o
 *crtbegin.o(.ctors)
 *crtbegin?.o(.ctors)
 *(EXCLUDE_FILE(*crtend.o *crtend?.o) .ctors)
 *(SORT(.ctors.*))
 *(.ctors)
 *crtbegin.o(.dtors)
 *crtbegin?.o(.dtors)
 *(EXCLUDE_FILE(*crtend.o *crtend?.o) .dtors)
 *(SORT(.dtors.*))
 *(.dtors)
 *(.rodata*)
 .rodata        0x0000000000007d7c       0x14 ./mbed/c0f6e94411f5/TARGET_K64F/TOOLCHAIN_GCC_ARM/board.o
 .rodata.str1.4
                0x0000000000007d90       0x86 ./mbed/c0f6e94411f5/TARGET_K64F/TOOLCHAIN_GCC_ARM/board.o
 *fill*         0x0000000000007e16        0x2 
 .rodata        0x0000000000007e18       0x14 ./BUILD/K64F/GCC_ARM/./main.o
 .rodata.str1.1
                0x0000000000007e2c       0x74 ./BUILD/K64F/GCC_ARM/./main.o
 .rodata.__func__.14538
                0x0000000000007ea0       0x13 ./mbed/c0f6e94411f5/TARGET_K64F/TOOLCHAIN_GCC_ARM/libmbed.a(fsl_gpio_hal.o)
 *fill*         0x0000000000007eb3        0x1 
 .rodata.__func__.14544
                0x0000000000007eb4       0x18 ./mbed/c0f6e94411f5/TARGET_K64F/TOOLCHAIN_GCC_ARM/libmbed.a(fsl_gpio_hal.o)
 .rodata.str1.4
                0x0000000000007ecc       0x99 ./mbed/c0f6e94411f5/TARGET_K64F/TOOLCHAIN_GCC_ARM/libmbed.a(fsl_gpio_hal.o)
 *fill*         0x0000000000007f65        0x3 
 .rodata        0x0000000000007f68       0x18 ./mbed/c0f6e94411f5/TARGET_K64F/TOOLCHAIN_GCC_ARM/libmbed.a(serial_api.o)
 .rodata.str1.4
                0x0000000000007f80       0x89 ./mbed/c0f6e94411f5/TARGET_K64F/TOOLCHAIN_GCC_ARM/libmbed.a(serial_api.o)
 *fill*         0x0000000000008009        0x3 
 .rodata.str1.4
                0x000000000000800c       0x31 ./mbed/c0f6e94411f5/TARGET_K64F/TOOLCHAIN_GCC_ARM/libmbed.a(assert.o)
 *fill*         0x000000000000803d        0x3 
 .rodata.str1.4
                0x0000000000008040       0x66 ./mbed/c0f6e94411f5/TARGET_K64F/TOOLCHAIN_GCC_ARM/libmbed.a(pinmap_common.o)
 *fill*         0x00000000000080a6        0x2 
 .rodata        0x00000000000080a8       0x14 ./mbed/c0f6e94411f5/TARGET_K64F/TOOLCHAIN_GCC_ARM/libmbed.a(gpio.o)
 .rodata.str1.4
                0x00000000000080bc       0x86 ./mbed/c0f6e94411f5/TARGET_K64F/TOOLCHAIN_GCC_ARM/libmbed.a(gpio.o)
 .rodata.g_simBaseAddr
                0x00000000000080bc        0x4 ./mbed/c0f6e94411f5/TARGET_K64F/TOOLCHAIN_GCC_ARM/libmbed.a(fsl_clock_manager.o)
                0x00000000000080bc                g_simBaseAddr
 .rodata.__func__.15209
                0x00000000000080c0       0x15 ./mbed/c0f6e94411f5/TARGET_K64F/TOOLCHAIN_GCC_ARM/libmbed.a(fsl_sim_hal.o)
 *fill*         0x00000000000080d5        0x3 
 .rodata.str1.4
                0x00000000000080d8      0x170 ./mbed/c0f6e94411f5/TARGET_K64F/TOOLCHAIN_GCC_ARM/libmbed.a(fsl_sim_hal.o)
 .rodata.PinMap_UART_RX
                0x0000000000008248       0x90 ./mbed/c0f6e94411f5/TARGET_K64F/TOOLCHAIN_GCC_ARM/libmbed.a(PeripheralPins.o)
                0x0000000000008248                PinMap_UART_RX
 .rodata.PinMap_UART_TX
                0x00000000000082d8       0x90 ./mbed/c0f6e94411f5/TARGET_K64F/TOOLCHAIN_GCC_ARM/libmbed.a(PeripheralPins.o)
                0x00000000000082d8                PinMap_UART_TX
 .rodata.kClockNameConfigTable
                0x0000000000008368       0x12 ./mbed/c0f6e94411f5/TARGET_K64F/TOOLCHAIN_GCC_ARM/libmbed.a(fsl_sim_hal_K64F12.o)
                0x0000000000008368                kClockNameConfigTable
 *fill*         0x000000000000837a        0x2 
 .rodata        0x000000000000837c       0x28 ./mbed/c0f6e94411f5/TARGET_K64F/TOOLCHAIN_GCC_ARM/libmbed.a(gpio_api.o)
 .rodata.__func__.15047
                0x00000000000083a4       0x14 ./mbed/c0f6e94411f5/TARGET_K64F/TOOLCHAIN_GCC_ARM/libmbed.a(gpio_api.o)
 .rodata.str1.4
                0x00000000000083b8      0x11e ./mbed/c0f6e94411f5/TARGET_K64F/TOOLCHAIN_GCC_ARM/libmbed.a(gpio_api.o)
                                        0x138 (size before relaxing)
 *fill*         0x00000000000084d6        0x2 
 .rodata        0x00000000000084d8       0x14 ./mbed/c0f6e94411f5/TARGET_K64F/TOOLCHAIN_GCC_ARM/libmbed.a(pinmap.o)
 .rodata.__func__.16272
                0x00000000000084ec       0x14 ./mbed/c0f6e94411f5/TARGET_K64F/TOOLCHAIN_GCC_ARM/libmbed.a(pinmap.o)
 .rodata.str1.4
                0x0000000000008500       0x6d ./mbed/c0f6e94411f5/TARGET_K64F/TOOLCHAIN_GCC_ARM/libmbed.a(pinmap.o)
                                        0x11d (size before relaxing)
 *fill*         0x000000000000856d        0x3 
 .rodata.__func__.16242
                0x0000000000008570       0x14 ./mbed/c0f6e94411f5/TARGET_K64F/TOOLCHAIN_GCC_ARM/libmbed.a(pinmap.o)
 .rodata.us_interface
                0x0000000000008584       0x14 ./mbed/c0f6e94411f5/TARGET_K64F/TOOLCHAIN_GCC_ARM/libmbed.a(us_ticker_api.o)
 .rodata.us_data
                0x0000000000008598        0x8 ./mbed/c0f6e94411f5/TARGET_K64F/TOOLCHAIN_GCC_ARM/libmbed.a(us_ticker_api.o)
 .rodata.str1.4
                0x00000000000085a0       0x3f /usr/lib/gcc/arm-none-eabi/4.9.3/../../../arm-none-eabi/lib/armv7e-m/softfp/libc.a(lib_a-assert.o)
                                         0x44 (size before relaxing)
 .rodata.str1.4
                0x00000000000085df       0x3f /usr/lib/gcc/arm-none-eabi/4.9.3/../../../arm-none-eabi/lib/armv7e-m/softfp/libc.a(lib_a-impure.o)
                                          0x4 (size before relaxing)
 *fill*         0x00000000000085df        0x1 
 .rodata._global_impure_ptr
                0x00000000000085e0        0x4 /usr/lib/gcc/arm-none-eabi/4.9.3/../../../arm-none-eabi/lib/armv7e-m/softfp/libc.a(lib_a-impure.o)
                0x00000000000085e0                _global_impure_ptr
 .rodata.zeroes.6869
                0x00000000000085e4       0x10 /usr/lib/gcc/arm-none-eabi/4.9.3/../../../arm-none-eabi/lib/armv7e-m/softfp/libc.a(lib_a-vfiprintf.o)
 .rodata.str1.4
                0x00000000000085f4       0x2f /usr/lib/gcc/arm-none-eabi/4.9.3/../../../arm-none-eabi/lib/armv7e-m/softfp/libc.a(lib_a-vfiprintf.o)
                                         0x30 (size before relaxing)
 *fill*         0x0000000000008623        0x1 
 .rodata.blanks.6868
                0x0000000000008624       0x10 /usr/lib/gcc/arm-none-eabi/4.9.3/../../../arm-none-eabi/lib/armv7e-m/softfp/libc.a(lib_a-vfiprintf.o)
 .rodata.zeroes.6926
                0x0000000000008634       0x10 /usr/lib/gcc/arm-none-eabi/4.9.3/../../../arm-none-eabi/lib/armv7e-m/softfp/libc.a(lib_a-vfprintf.o)
 .rodata.str1.4
                0x0000000000008644       0x12 /usr/lib/gcc/arm-none-eabi/4.9.3/../../../arm-none-eabi/lib/armv7e-m/softfp/libc.a(lib_a-vfprintf.o)
                                         0x44 (size before relaxing)
 *fill*         0x0000000000008656        0x2 
 .rodata.blanks.6925
                0x0000000000008658       0x10 /usr/lib/gcc/arm-none-eabi/4.9.3/../../../arm-none-eabi/lib/armv7e-m/softfp/libc.a(lib_a-vfprintf.o)
 .rodata.str1.4
                0x0000000000008668       0x10 /usr/lib/gcc/arm-none-eabi/4.9.3/../../../arm-none-eabi/lib/armv7e-m/softfp/libc.a(lib_a-dtoa.o)
                                         0x14 (size before relaxing)
 .rodata.str1.4
                0x0000000000008678        0xc /usr/lib/gcc/arm-none-eabi/4.9.3/../../../arm-none-eabi/lib/armv7e-m/softfp/libc.a(lib_a-locale.o)
                                         0x14 (size before relaxing)
 *fill*         0x0000000000008684        0x4 
 .rodata.__mprec_tens
                0x0000000000008688       0xc8 /usr/lib/gcc/arm-none-eabi/4.9.3/../../../arm-none-eabi/lib/armv7e-m/softfp/libc.a(lib_a-mprec.o)
                0x0000000000008688                __mprec_tens
 .rodata.p05.5302
                0x0000000000008750        0xc /usr/lib/gcc/arm-none-eabi/4.9.3/../../../arm-none-eabi/lib/armv7e-m/softfp/libc.a(lib_a-mprec.o)
 *fill*         0x000000000000875c        0x4 
 .rodata.__mprec_bigtens
                0x0000000000008760       0x28 /usr/lib/gcc/arm-none-eabi/4.9.3/../../../arm-none-eabi/lib/armv7e-m/softfp/libc.a(lib_a-mprec.o)
                0x0000000000008760                __mprec_bigtens
 *(.eh_frame*)
 .eh_frame      0x0000000000008788        0x0 /usr/lib/gcc/arm-none-eabi/4.9.3/armv7e-m/softfp/crtbegin.o
 .eh_frame      0x0000000000008788       0x70 /usr/lib/gcc/arm-none-eabi/4.9.3/../../../arm-none-eabi/lib/armv7e-m/softfp/libc.a(lib_a-strcmp.o)
 .eh_frame      0x00000000000087f8        0x4 /usr/lib/gcc/arm-none-eabi/4.9.3/armv7e-m/softfp/crtend.o

.glue_7         0x00000000000087fc        0x0
 .glue_7        0x00000000000087fc        0x0 linker stubs

.glue_7t        0x00000000000087fc        0x0
 .glue_7t       0x00000000000087fc        0x0 linker stubs

.vfp11_veneer   0x00000000000087fc        0x0
 .vfp11_veneer  0x00000000000087fc        0x0 linker stubs

.v4_bx          0x00000000000087fc        0x0
 .v4_bx         0x00000000000087fc        0x0 linker stubs

.iplt           0x00000000000087fc        0x0
 .iplt          0x00000000000087fc        0x0 /usr/lib/gcc/arm-none-eabi/4.9.3/armv7e-m/softfp/crtbegin.o

.ARM.extab
 *(.ARM.extab* .gnu.linkonce.armextab.*)
                0x00000000000087fc                __exidx_start = .

.ARM.exidx      0x00000000000087fc        0x8
 *(.ARM.exidx* .gnu.linkonce.armexidx.*)
 .ARM.exidx     0x00000000000087fc        0x8 /usr/lib/gcc/arm-none-eabi/4.9.3/../../../arm-none-eabi/lib/armv7e-m/softfp/crt0.o
 .ARM.exidx     0x0000000000008804        0x0 /usr/lib/gcc/arm-none-eabi/4.9.3/armv7e-m/softfp/libgcc.a(_divdi3.o)
                                          0x8 (size before relaxing)
 .ARM.exidx     0x0000000000008804        0x0 /usr/lib/gcc/arm-none-eabi/4.9.3/armv7e-m/softfp/libgcc.a(_udivdi3.o)
                                          0x8 (size before relaxing)
                0x0000000000008804                __exidx_end = .
                0x0000000000008804                __etext = .

.rel.dyn        0x0000000000008804        0x0
 .rel.iplt      0x0000000000008804        0x0 /usr/lib/gcc/arm-none-eabi/4.9.3/armv7e-m/softfp/crtbegin.o

.data           0x000000001fff0198      0x8b4 load address 0x0000000000008804
                0x000000001fff0198                __data_start__ = .
 *(vtable)
 *(.data*)
 .data._ZZ5_sbrkE4heap
                0x000000001fff0198        0x4 ./mbed/c0f6e94411f5/TARGET_K64F/TOOLCHAIN_GCC_ARM/retarget.o
 *fill*         0x000000001fff019c        0x4 
 .data.impure_data
                0x000000001fff01a0      0x428 /usr/lib/gcc/arm-none-eabi/4.9.3/../../../arm-none-eabi/lib/armv7e-m/softfp/libc.a(lib_a-impure.o)
 .data._impure_ptr
                0x000000001fff05c8        0x4 /usr/lib/gcc/arm-none-eabi/4.9.3/../../../arm-none-eabi/lib/armv7e-m/softfp/libc.a(lib_a-impure.o)
                0x000000001fff05c8                _impure_ptr
 .data.__malloc_av_
                0x000000001fff05cc      0x408 /usr/lib/gcc/arm-none-eabi/4.9.3/../../../arm-none-eabi/lib/armv7e-m/softfp/libc.a(lib_a-mallocr.o)
                0x000000001fff05cc                __malloc_av_
 .data.__malloc_trim_threshold
                0x000000001fff09d4        0x4 /usr/lib/gcc/arm-none-eabi/4.9.3/../../../arm-none-eabi/lib/armv7e-m/softfp/libc.a(lib_a-mallocr.o)
                0x000000001fff09d4                __malloc_trim_threshold
 .data.__malloc_sbrk_base
                0x000000001fff09d8        0x4 /usr/lib/gcc/arm-none-eabi/4.9.3/../../../arm-none-eabi/lib/armv7e-m/softfp/libc.a(lib_a-mallocr.o)
                0x000000001fff09d8                __malloc_sbrk_base
 .data.lconv    0x000000001fff09dc       0x38 /usr/lib/gcc/arm-none-eabi/4.9.3/../../../arm-none-eabi/lib/armv7e-m/softfp/libc.a(lib_a-locale.o)
 .data.lc_ctype_charset
                0x000000001fff0a14       0x20 /usr/lib/gcc/arm-none-eabi/4.9.3/../../../arm-none-eabi/lib/armv7e-m/softfp/libc.a(lib_a-locale.o)
 .data.__mb_cur_max
                0x000000001fff0a34        0x4 /usr/lib/gcc/arm-none-eabi/4.9.3/../../../arm-none-eabi/lib/armv7e-m/softfp/libc.a(lib_a-locale.o)
                0x000000001fff0a34                __mb_cur_max
 .data.__wctomb
                0x000000001fff0a38        0x4 /usr/lib/gcc/arm-none-eabi/4.9.3/../../../arm-none-eabi/lib/armv7e-m/softfp/libc.a(lib_a-wctomb_r.o)
                0x000000001fff0a38                __wctomb
                0x000000001fff0a3c                . = ALIGN (0x4)
                0x000000001fff0a3c                PROVIDE (__preinit_array_start, .)
 *(.preinit_array)
                0x000000001fff0a3c                PROVIDE (__preinit_array_end, .)
                0x000000001fff0a3c                . = ALIGN (0x4)
                0x000000001fff0a3c                PROVIDE (__init_array_start, .)
 *(SORT(.init_array.*))
 .init_array.00000
                0x000000001fff0a3c        0x4 /usr/lib/gcc/arm-none-eabi/4.9.3/../../../arm-none-eabi/lib/armv7e-m/softfp/libc.a(lib_a-__call_atexit.o)
 *(.init_array)
 .init_array    0x000000001fff0a40        0x4 /usr/lib/gcc/arm-none-eabi/4.9.3/armv7e-m/softfp/crtbegin.o
 .init_array    0x000000001fff0a44        0x4 ./BUILD/K64F/GCC_ARM/./main.o
                0x000000001fff0a48                PROVIDE (__init_array_end, .)
                0x000000001fff0a48                . = ALIGN (0x4)
                0x000000001fff0a48                PROVIDE (__fini_array_start, .)
 *(SORT(.fini_array.*))
 *(.fini_array)
 .fini_array    0x000000001fff0a48        0x4 /usr/lib/gcc/arm-none-eabi/4.9.3/armv7e-m/softfp/crtbegin.o
                0x000000001fff0a4c                PROVIDE (__fini_array_end, .)
                0x000000001fff0a4c                . = ALIGN (0x4)
                0x000000001fff0a4c                __data_end__ = .

.jcr            0x000000001fff0a4c        0x0 load address 0x00000000000090b8
 .jcr           0x000000001fff0a4c        0x0 /usr/lib/gcc/arm-none-eabi/4.9.3/armv7e-m/softfp/crtbegin.o

.tm_clone_table
                0x000000001fff0a4c        0x0 load address 0x00000000000090b8
 .tm_clone_table
                0x000000001fff0a4c        0x0 /usr/lib/gcc/arm-none-eabi/4.9.3/armv7e-m/softfp/crtbegin.o
 .tm_clone_table
                0x000000001fff0a4c        0x0 /usr/lib/gcc/arm-none-eabi/4.9.3/armv7e-m/softfp/crtend.o

.igot.plt       0x000000001fff0a4c        0x0 load address 0x00000000000090b8
 .igot.plt      0x000000001fff0a4c        0x0 /usr/lib/gcc/arm-none-eabi/4.9.3/armv7e-m/softfp/crtbegin.o

.bss            0x000000001fff0a4c      0x16c load address 0x00000000000090b8
                0x000000001fff0a4c                __bss_start__ = .
 *(.bss*)
 .bss           0x000000001fff0a4c       0x1c /usr/lib/gcc/arm-none-eabi/4.9.3/armv7e-m/softfp/crtbegin.o
 .bss._ZL11filehandles
                0x000000001fff0a68      0x100 ./mbed/c0f6e94411f5/TARGET_K64F/TOOLCHAIN_GCC_ARM/retarget.o
 .bss.myled     0x000000001fff0b68        0x4 ./BUILD/K64F/GCC_ARM/./main.o
                0x000000001fff0b68                myled
 .bss.stdio_uart_inited
                0x000000001fff0b6c        0x4 ./mbed/c0f6e94411f5/TARGET_K64F/TOOLCHAIN_GCC_ARM/libmbed.a(serial_api.o)
                0x000000001fff0b6c                stdio_uart_inited
 .bss.us_ticker_inited
                0x000000001fff0b70        0x4 ./mbed/c0f6e94411f5/TARGET_K64F/TOOLCHAIN_GCC_ARM/libmbed.a(us_ticker.o)
 .bss.events    0x000000001fff0b74        0x8 ./mbed/c0f6e94411f5/TARGET_K64F/TOOLCHAIN_GCC_ARM/libmbed.a(us_ticker_api.o)
 .bss.__malloc_max_total_mem
                0x000000001fff0b7c        0x4 /usr/lib/gcc/arm-none-eabi/4.9.3/../../../arm-none-eabi/lib/armv7e-m/softfp/libc.a(lib_a-mallocr.o)
                0x000000001fff0b7c                __malloc_max_total_mem
 .bss.__malloc_max_sbrked_mem
                0x000000001fff0b80        0x4 /usr/lib/gcc/arm-none-eabi/4.9.3/../../../arm-none-eabi/lib/armv7e-m/softfp/libc.a(lib_a-mallocr.o)
                0x000000001fff0b80                __malloc_max_sbrked_mem
 .bss.__malloc_top_pad
                0x000000001fff0b84        0x4 /usr/lib/gcc/arm-none-eabi/4.9.3/../../../arm-none-eabi/lib/armv7e-m/softfp/libc.a(lib_a-mallocr.o)
                0x000000001fff0b84                __malloc_top_pad
 .bss.__malloc_current_mallinfo
                0x000000001fff0b88       0x28 /usr/lib/gcc/arm-none-eabi/4.9.3/../../../arm-none-eabi/lib/armv7e-m/softfp/libc.a(lib_a-mallocr.o)
                0x000000001fff0b88                __malloc_current_mallinfo
 *(COMMON)
 COMMON         0x000000001fff0bb0        0x4 ./mbed/c0f6e94411f5/TARGET_K64F/TOOLCHAIN_GCC_ARM/libmbed.a(serial_api.o)
                0x000000001fff0bb0                stdio_uart
 COMMON         0x000000001fff0bb4        0x4 /usr/lib/gcc/arm-none-eabi/4.9.3/../../../arm-none-eabi/lib/armv7e-m/softfp/libc.a(lib_a-reent.o)
                0x000000001fff0bb4                errno
                0x000000001fff0bb8                __bss_end__ = .

.heap           0x000000001fff0bb8      0x400
                0x000000001fff0bb8                __end__ = .
                0x000000001fff0bb8                end = __end__
 *(.heap*)
 .heap          0x000000001fff0bb8      0x400 ./mbed/c0f6e94411f5/TARGET_K64F/TOOLCHAIN_GCC_ARM/startup_MK64F12.o
                0x000000001fff0bb8                __HeapBase
                0x000000001fff0fb8                __HeapLimit = .

.stack_dummy    0x000000001fff0bb8      0xc00
 *(.stack)
 .stack         0x000000001fff0bb8      0xc00 ./mbed/c0f6e94411f5/TARGET_K64F/TOOLCHAIN_GCC_ARM/startup_MK64F12.o
                0x0000000020030000                __StackTop = (ORIGIN (RAM) + LENGTH (RAM))
                0x000000002002f400                __StackLimit = (__StackTop - SIZEOF (.stack_dummy))
                0x0000000020030000                PROVIDE (__stack, __StackTop)
                0x0000000000000001                ASSERT ((__StackLimit >= __HeapLimit), region RAM overflowed with stack)
OUTPUT(./BUILD/K64F/GCC_ARM/led.elf elf32-littlearm)

.ARM.attributes
                0x0000000000000000       0x2e
 .ARM.attributes
                0x0000000000000000       0x22 /usr/lib/gcc/arm-none-eabi/4.9.3/armv7e-m/softfp/crti.o
 .ARM.attributes
                0x0000000000000022       0x32 /usr/lib/gcc/arm-none-eabi/4.9.3/armv7e-m/softfp/crtbegin.o
 .ARM.attributes
                0x0000000000000054       0x20 /usr/lib/gcc/arm-none-eabi/4.9.3/../../../arm-none-eabi/lib/armv7e-m/softfp/crt0.o
 .ARM.attributes
                0x0000000000000074       0x37 ./mbed/c0f6e94411f5/TARGET_K64F/TOOLCHAIN_GCC_ARM/retarget.o
 .ARM.attributes
                0x00000000000000ab       0x37 ./mbed/c0f6e94411f5/TARGET_K64F/TOOLCHAIN_GCC_ARM/system_MK64F12.o
 .ARM.attributes
                0x00000000000000e2       0x37 ./mbed/c0f6e94411f5/TARGET_K64F/TOOLCHAIN_GCC_ARM/cmsis_nvic.o
 .ARM.attributes
                0x0000000000000119       0x37 ./mbed/c0f6e94411f5/TARGET_K64F/TOOLCHAIN_GCC_ARM/board.o
 .ARM.attributes
                0x0000000000000150       0x37 ./mbed/c0f6e94411f5/TARGET_K64F/TOOLCHAIN_GCC_ARM/mbed_overrides.o
 .ARM.attributes
                0x0000000000000187       0x1f ./mbed/c0f6e94411f5/TARGET_K64F/TOOLCHAIN_GCC_ARM/startup_MK64F12.o
 .ARM.attributes
                0x00000000000001a6       0x37 ./BUILD/K64F/GCC_ARM/./main.o
 .ARM.attributes
                0x00000000000001dd       0x37 ./mbed/c0f6e94411f5/TARGET_K64F/TOOLCHAIN_GCC_ARM/libmbed.a(fsl_gpio_hal.o)
 .ARM.attributes
                0x0000000000000214       0x37 ./mbed/c0f6e94411f5/TARGET_K64F/TOOLCHAIN_GCC_ARM/libmbed.a(serial_api.o)
 .ARM.attributes
                0x000000000000024b       0x37 ./mbed/c0f6e94411f5/TARGET_K64F/TOOLCHAIN_GCC_ARM/libmbed.a(assert.o)
 .ARM.attributes
                0x0000000000000282       0x37 ./mbed/c0f6e94411f5/TARGET_K64F/TOOLCHAIN_GCC_ARM/libmbed.a(error.o)
 .ARM.attributes
                0x00000000000002b9       0x37 ./mbed/c0f6e94411f5/TARGET_K64F/TOOLCHAIN_GCC_ARM/libmbed.a(pinmap_common.o)
 .ARM.attributes
                0x00000000000002f0       0x37 ./mbed/c0f6e94411f5/TARGET_K64F/TOOLCHAIN_GCC_ARM/libmbed.a(gpio.o)
 .ARM.attributes
                0x0000000000000327       0x37 ./mbed/c0f6e94411f5/TARGET_K64F/TOOLCHAIN_GCC_ARM/libmbed.a(wait_api.o)
 .ARM.attributes
                0x000000000000035e       0x37 ./mbed/c0f6e94411f5/TARGET_K64F/TOOLCHAIN_GCC_ARM/libmbed.a(fsl_clock_manager.o)
 .ARM.attributes
                0x0000000000000395       0x37 ./mbed/c0f6e94411f5/TARGET_K64F/TOOLCHAIN_GCC_ARM/libmbed.a(fsl_mcg_hal.o)
 .ARM.attributes
                0x00000000000003cc       0x37 ./mbed/c0f6e94411f5/TARGET_K64F/TOOLCHAIN_GCC_ARM/libmbed.a(fsl_sim_hal.o)
 .ARM.attributes
                0x0000000000000403       0x37 ./mbed/c0f6e94411f5/TARGET_K64F/TOOLCHAIN_GCC_ARM/libmbed.a(fsl_uart_hal.o)
 .ARM.attributes
                0x000000000000043a       0x37 ./mbed/c0f6e94411f5/TARGET_K64F/TOOLCHAIN_GCC_ARM/libmbed.a(PeripheralPins.o)
 .ARM.attributes
                0x0000000000000471       0x37 ./mbed/c0f6e94411f5/TARGET_K64F/TOOLCHAIN_GCC_ARM/libmbed.a(fsl_clock_K64F12.o)
 .ARM.attributes
                0x00000000000004a8       0x37 ./mbed/c0f6e94411f5/TARGET_K64F/TOOLCHAIN_GCC_ARM/libmbed.a(fsl_sim_hal_K64F12.o)
 .ARM.attributes
                0x00000000000004df       0x37 ./mbed/c0f6e94411f5/TARGET_K64F/TOOLCHAIN_GCC_ARM/libmbed.a(gpio_api.o)
 .ARM.attributes
                0x0000000000000516       0x37 ./mbed/c0f6e94411f5/TARGET_K64F/TOOLCHAIN_GCC_ARM/libmbed.a(pinmap.o)
 .ARM.attributes
                0x000000000000054d       0x37 ./mbed/c0f6e94411f5/TARGET_K64F/TOOLCHAIN_GCC_ARM/libmbed.a(us_ticker.o)
 .ARM.attributes
                0x0000000000000584       0x37 ./mbed/c0f6e94411f5/TARGET_K64F/TOOLCHAIN_GCC_ARM/libmbed.a(us_ticker_api.o)
 .ARM.attributes
                0x00000000000005bb       0x37 ./mbed/c0f6e94411f5/TARGET_K64F/TOOLCHAIN_GCC_ARM/libmbed.a(ticker_api.o)
 .ARM.attributes
                0x00000000000005f2       0x32 /usr/lib/gcc/arm-none-eabi/4.9.3/../../../arm-none-eabi/lib/armv7e-m/softfp/libc.a(lib_a-abort.o)
 .ARM.attributes
                0x0000000000000624       0x32 /usr/lib/gcc/arm-none-eabi/4.9.3/../../../arm-none-eabi/lib/armv7e-m/softfp/libc.a(lib_a-assert.o)
 .ARM.attributes
                0x0000000000000656       0x32 /usr/lib/gcc/arm-none-eabi/4.9.3/../../../arm-none-eabi/lib/armv7e-m/softfp/libc.a(lib_a-atexit.o)
 .ARM.attributes
                0x0000000000000688       0x32 /usr/lib/gcc/arm-none-eabi/4.9.3/../../../arm-none-eabi/lib/armv7e-m/softfp/libc.a(lib_a-errno.o)
 .ARM.attributes
                0x00000000000006ba       0x32 /usr/lib/gcc/arm-none-eabi/4.9.3/../../../arm-none-eabi/lib/armv7e-m/softfp/libc.a(lib_a-exit.o)
 .ARM.attributes
                0x00000000000006ec       0x32 /usr/lib/gcc/arm-none-eabi/4.9.3/../../../arm-none-eabi/lib/armv7e-m/softfp/libc.a(lib_a-fflush.o)
 .ARM.attributes
                0x000000000000071e       0x32 /usr/lib/gcc/arm-none-eabi/4.9.3/../../../arm-none-eabi/lib/armv7e-m/softfp/libc.a(lib_a-findfp.o)
 .ARM.attributes
                0x0000000000000750       0x32 /usr/lib/gcc/arm-none-eabi/4.9.3/../../../arm-none-eabi/lib/armv7e-m/softfp/libc.a(lib_a-fini.o)
 .ARM.attributes
                0x0000000000000782       0x32 /usr/lib/gcc/arm-none-eabi/4.9.3/../../../arm-none-eabi/lib/armv7e-m/softfp/libc.a(lib_a-fiprintf.o)
 .ARM.attributes
                0x00000000000007b4       0x32 /usr/lib/gcc/arm-none-eabi/4.9.3/../../../arm-none-eabi/lib/armv7e-m/softfp/libc.a(lib_a-freer.o)
 .ARM.attributes
                0x00000000000007e6       0x32 /usr/lib/gcc/arm-none-eabi/4.9.3/../../../arm-none-eabi/lib/armv7e-m/softfp/libc.a(lib_a-fwalk.o)
 .ARM.attributes
                0x0000000000000818       0x32 /usr/lib/gcc/arm-none-eabi/4.9.3/../../../arm-none-eabi/lib/armv7e-m/softfp/libc.a(lib_a-impure.o)
 .ARM.attributes
                0x000000000000084a       0x32 /usr/lib/gcc/arm-none-eabi/4.9.3/../../../arm-none-eabi/lib/armv7e-m/softfp/libc.a(lib_a-init.o)
 .ARM.attributes
                0x000000000000087c       0x32 /usr/lib/gcc/arm-none-eabi/4.9.3/../../../arm-none-eabi/lib/armv7e-m/softfp/libc.a(lib_a-malloc.o)
 .ARM.attributes
                0x00000000000008ae       0x32 /usr/lib/gcc/arm-none-eabi/4.9.3/../../../arm-none-eabi/lib/armv7e-m/softfp/libc.a(lib_a-mallocr.o)
 .ARM.attributes
                0x00000000000008e0       0x32 /usr/lib/gcc/arm-none-eabi/4.9.3/../../../arm-none-eabi/lib/armv7e-m/softfp/libc.a(lib_a-memchr.o)
 .ARM.attributes
                0x0000000000000912       0x20 /usr/lib/gcc/arm-none-eabi/4.9.3/../../../arm-none-eabi/lib/armv7e-m/softfp/libc.a(lib_a-memcpy.o)
 .ARM.attributes
                0x0000000000000932       0x32 /usr/lib/gcc/arm-none-eabi/4.9.3/../../../arm-none-eabi/lib/armv7e-m/softfp/libc.a(lib_a-memset.o)
 .ARM.attributes
                0x0000000000000964       0x32 /usr/lib/gcc/arm-none-eabi/4.9.3/../../../arm-none-eabi/lib/armv7e-m/softfp/libc.a(lib_a-mlock.o)
 .ARM.attributes
                0x0000000000000996       0x32 /usr/lib/gcc/arm-none-eabi/4.9.3/../../../arm-none-eabi/lib/armv7e-m/softfp/libc.a(lib_a-printf.o)
 .ARM.attributes
                0x00000000000009c8       0x32 /usr/lib/gcc/arm-none-eabi/4.9.3/../../../arm-none-eabi/lib/armv7e-m/softfp/libc.a(lib_a-reent.o)
 .ARM.attributes
                0x00000000000009fa       0x32 /usr/lib/gcc/arm-none-eabi/4.9.3/../../../arm-none-eabi/lib/armv7e-m/softfp/libc.a(lib_a-sbrkr.o)
 .ARM.attributes
                0x0000000000000a2c       0x32 /usr/lib/gcc/arm-none-eabi/4.9.3/../../../arm-none-eabi/lib/armv7e-m/softfp/libc.a(lib_a-signal.o)
 .ARM.attributes
                0x0000000000000a5e       0x32 /usr/lib/gcc/arm-none-eabi/4.9.3/../../../arm-none-eabi/lib/armv7e-m/softfp/libc.a(lib_a-signalr.o)
 .ARM.attributes
                0x0000000000000a90       0x32 /usr/lib/gcc/arm-none-eabi/4.9.3/../../../arm-none-eabi/lib/armv7e-m/softfp/libc.a(lib_a-stdio.o)
 .ARM.attributes
                0x0000000000000ac2       0x20 /usr/lib/gcc/arm-none-eabi/4.9.3/../../../arm-none-eabi/lib/armv7e-m/softfp/libc.a(lib_a-strcmp.o)
 .ARM.attributes
                0x0000000000000ae2       0x32 /usr/lib/gcc/arm-none-eabi/4.9.3/../../../arm-none-eabi/lib/armv7e-m/softfp/libc.a(lib_a-strlen.o)
 .ARM.attributes
                0x0000000000000b14       0x32 /usr/lib/gcc/arm-none-eabi/4.9.3/../../../arm-none-eabi/lib/armv7e-m/softfp/libc.a(lib_a-vfiprintf.o)
 .ARM.attributes
                0x0000000000000b46       0x32 /usr/lib/gcc/arm-none-eabi/4.9.3/../../../arm-none-eabi/lib/armv7e-m/softfp/libc.a(lib_a-vfprintf.o)
 .ARM.attributes
                0x0000000000000b78       0x32 /usr/lib/gcc/arm-none-eabi/4.9.3/../../../arm-none-eabi/lib/armv7e-m/softfp/libc.a(lib_a-writer.o)
 .ARM.attributes
                0x0000000000000baa       0x32 /usr/lib/gcc/arm-none-eabi/4.9.3/../../../arm-none-eabi/lib/armv7e-m/softfp/libc.a(lib_a-wsetup.o)
 .ARM.attributes
                0x0000000000000bdc       0x32 /usr/lib/gcc/arm-none-eabi/4.9.3/../../../arm-none-eabi/lib/armv7e-m/softfp/libc.a(lib_a-__atexit.o)
 .ARM.attributes
                0x0000000000000c0e       0x32 /usr/lib/gcc/arm-none-eabi/4.9.3/../../../arm-none-eabi/lib/armv7e-m/softfp/libc.a(lib_a-__call_atexit.o)
 .ARM.attributes
                0x0000000000000c40       0x32 /usr/lib/gcc/arm-none-eabi/4.9.3/../../../arm-none-eabi/lib/armv7e-m/softfp/libc.a(lib_a-closer.o)
 .ARM.attributes
                0x0000000000000c72       0x32 /usr/lib/gcc/arm-none-eabi/4.9.3/../../../arm-none-eabi/lib/armv7e-m/softfp/libc.a(lib_a-dtoa.o)
 .ARM.attributes
                0x0000000000000ca4       0x32 /usr/lib/gcc/arm-none-eabi/4.9.3/../../../arm-none-eabi/lib/armv7e-m/softfp/libc.a(lib_a-fclose.o)
 .ARM.attributes
                0x0000000000000cd6       0x32 /usr/lib/gcc/arm-none-eabi/4.9.3/../../../arm-none-eabi/lib/armv7e-m/softfp/libc.a(lib_a-fputwc.o)
 .ARM.attributes
                0x0000000000000d08       0x32 /usr/lib/gcc/arm-none-eabi/4.9.3/../../../arm-none-eabi/lib/armv7e-m/softfp/libc.a(lib_a-fvwrite.o)
 .ARM.attributes
                0x0000000000000d3a       0x32 /usr/lib/gcc/arm-none-eabi/4.9.3/../../../arm-none-eabi/lib/armv7e-m/softfp/libc.a(lib_a-locale.o)
 .ARM.attributes
                0x0000000000000d6c       0x32 /usr/lib/gcc/arm-none-eabi/4.9.3/../../../arm-none-eabi/lib/armv7e-m/softfp/libc.a(lib_a-lseekr.o)
 .ARM.attributes
                0x0000000000000d9e       0x32 /usr/lib/gcc/arm-none-eabi/4.9.3/../../../arm-none-eabi/lib/armv7e-m/softfp/libc.a(lib_a-makebuf.o)
 .ARM.attributes
                0x0000000000000dd0       0x32 /usr/lib/gcc/arm-none-eabi/4.9.3/../../../arm-none-eabi/lib/armv7e-m/softfp/libc.a(lib_a-memmove.o)
 .ARM.attributes
                0x0000000000000e02       0x32 /usr/lib/gcc/arm-none-eabi/4.9.3/../../../arm-none-eabi/lib/armv7e-m/softfp/libc.a(lib_a-mprec.o)
 .ARM.attributes
                0x0000000000000e34       0x32 /usr/lib/gcc/arm-none-eabi/4.9.3/../../../arm-none-eabi/lib/armv7e-m/softfp/libc.a(lib_a-readr.o)
 .ARM.attributes
                0x0000000000000e66       0x32 /usr/lib/gcc/arm-none-eabi/4.9.3/../../../arm-none-eabi/lib/armv7e-m/softfp/libc.a(lib_a-reallocr.o)
 .ARM.attributes
                0x0000000000000e98       0x32 /usr/lib/gcc/arm-none-eabi/4.9.3/../../../arm-none-eabi/lib/armv7e-m/softfp/libc.a(lib_a-s_fpclassify.o)
 .ARM.attributes
                0x0000000000000eca       0x32 /usr/lib/gcc/arm-none-eabi/4.9.3/../../../arm-none-eabi/lib/armv7e-m/softfp/libc.a(lib_a-wbuf.o)
 .ARM.attributes
                0x0000000000000efc       0x32 /usr/lib/gcc/arm-none-eabi/4.9.3/../../../arm-none-eabi/lib/armv7e-m/softfp/libc.a(lib_a-wcrtomb.o)
 .ARM.attributes
                0x0000000000000f2e       0x32 /usr/lib/gcc/arm-none-eabi/4.9.3/../../../arm-none-eabi/lib/armv7e-m/softfp/libc.a(lib_a-wctomb_r.o)
 .ARM.attributes
                0x0000000000000f60       0x32 /usr/lib/gcc/arm-none-eabi/4.9.3/../../../arm-none-eabi/lib/armv7e-m/softfp/libc.a(lib_a-callocr.o)
 .ARM.attributes
                0x0000000000000f92       0x32 /usr/lib/gcc/arm-none-eabi/4.9.3/../../../arm-none-eabi/lib/armv7e-m/softfp/libc.a(lib_a-fstatr.o)
 .ARM.attributes
                0x0000000000000fc4       0x32 /usr/lib/gcc/arm-none-eabi/4.9.3/../../../arm-none-eabi/lib/armv7e-m/softfp/libc.a(lib_a-isattyr.o)
 .ARM.attributes
                0x0000000000000ff6       0x22 /usr/lib/gcc/arm-none-eabi/4.9.3/armv7e-m/softfp/libgcc.a(_arm_addsubdf3.o)
 .ARM.attributes
                0x0000000000001018       0x22 /usr/lib/gcc/arm-none-eabi/4.9.3/armv7e-m/softfp/libgcc.a(_arm_muldivdf3.o)
 .ARM.attributes
                0x000000000000103a       0x22 /usr/lib/gcc/arm-none-eabi/4.9.3/armv7e-m/softfp/libgcc.a(_arm_cmpdf2.o)
 .ARM.attributes
                0x000000000000105c       0x22 /usr/lib/gcc/arm-none-eabi/4.9.3/armv7e-m/softfp/libgcc.a(_arm_fixdfsi.o)
 .ARM.attributes
                0x000000000000107e       0x22 /usr/lib/gcc/arm-none-eabi/4.9.3/armv7e-m/softfp/libgcc.a(_aeabi_uldivmod.o)
 .ARM.attributes
                0x00000000000010a0       0x32 /usr/lib/gcc/arm-none-eabi/4.9.3/armv7e-m/softfp/libgcc.a(bpabi.o)
 .ARM.attributes
                0x00000000000010d2       0x22 /usr/lib/gcc/arm-none-eabi/4.9.3/armv7e-m/softfp/libgcc.a(_dvmd_tls.o)
 .ARM.attributes
                0x00000000000010f4       0x32 /usr/lib/gcc/arm-none-eabi/4.9.3/armv7e-m/softfp/libgcc.a(_divdi3.o)
 .ARM.attributes
                0x0000000000001126       0x32 /usr/lib/gcc/arm-none-eabi/4.9.3/armv7e-m/softfp/libgcc.a(_udivdi3.o)
 .ARM.attributes
                0x0000000000001158       0x32 /usr/lib/gcc/arm-none-eabi/4.9.3/../../../arm-none-eabi/lib/armv7e-m/softfp/libnosys.a(getpid.o)
 .ARM.attributes
                0x000000000000118a       0x32 /usr/lib/gcc/arm-none-eabi/4.9.3/../../../arm-none-eabi/lib/armv7e-m/softfp/libnosys.a(kill.o)
 .ARM.attributes
                0x00000000000011bc       0x32 /usr/lib/gcc/arm-none-eabi/4.9.3/armv7e-m/softfp/crtend.o
 .ARM.attributes
                0x00000000000011ee       0x22 /usr/lib/gcc/arm-none-eabi/4.9.3/armv7e-m/softfp/crtn.o

.comment        0x0000000000000000       0xe0
 .comment       0x0000000000000000       0x38 /usr/lib/gcc/arm-none-eabi/4.9.3/armv7e-m/softfp/crtbegin.o
                                         0x39 (size before relaxing)
 .comment       0x0000000000000038       0x70 ./mbed/c0f6e94411f5/TARGET_K64F/TOOLCHAIN_GCC_ARM/retarget.o
                                         0x71 (size before relaxing)
 .comment       0x00000000000000a8       0x71 ./mbed/c0f6e94411f5/TARGET_K64F/TOOLCHAIN_GCC_ARM/system_MK64F12.o
 .comment       0x00000000000000a8       0x71 ./mbed/c0f6e94411f5/TARGET_K64F/TOOLCHAIN_GCC_ARM/cmsis_nvic.o
 .comment       0x00000000000000a8       0x71 ./mbed/c0f6e94411f5/TARGET_K64F/TOOLCHAIN_GCC_ARM/board.o
 .comment       0x00000000000000a8       0x71 ./mbed/c0f6e94411f5/TARGET_K64F/TOOLCHAIN_GCC_ARM/mbed_overrides.o
 .comment       0x00000000000000a8       0x39 ./BUILD/K64F/GCC_ARM/./main.o
 .comment       0x00000000000000a8       0x71 ./mbed/c0f6e94411f5/TARGET_K64F/TOOLCHAIN_GCC_ARM/libmbed.a(fsl_gpio_hal.o)
 .comment       0x00000000000000a8       0x71 ./mbed/c0f6e94411f5/TARGET_K64F/TOOLCHAIN_GCC_ARM/libmbed.a(serial_api.o)
 .comment       0x00000000000000a8       0x71 ./mbed/c0f6e94411f5/TARGET_K64F/TOOLCHAIN_GCC_ARM/libmbed.a(assert.o)
 .comment       0x00000000000000a8       0x71 ./mbed/c0f6e94411f5/TARGET_K64F/TOOLCHAIN_GCC_ARM/libmbed.a(error.o)
 .comment       0x00000000000000a8       0x71 ./mbed/c0f6e94411f5/TARGET_K64F/TOOLCHAIN_GCC_ARM/libmbed.a(pinmap_common.o)
 .comment       0x00000000000000a8       0x71 ./mbed/c0f6e94411f5/TARGET_K64F/TOOLCHAIN_GCC_ARM/libmbed.a(gpio.o)
 .comment       0x00000000000000a8       0x71 ./mbed/c0f6e94411f5/TARGET_K64F/TOOLCHAIN_GCC_ARM/libmbed.a(wait_api.o)
 .comment       0x00000000000000a8       0x71 ./mbed/c0f6e94411f5/TARGET_K64F/TOOLCHAIN_GCC_ARM/libmbed.a(fsl_clock_manager.o)
 .comment       0x00000000000000a8       0x71 ./mbed/c0f6e94411f5/TARGET_K64F/TOOLCHAIN_GCC_ARM/libmbed.a(fsl_mcg_hal.o)
 .comment       0x00000000000000a8       0x71 ./mbed/c0f6e94411f5/TARGET_K64F/TOOLCHAIN_GCC_ARM/libmbed.a(fsl_sim_hal.o)
 .comment       0x00000000000000a8       0x71 ./mbed/c0f6e94411f5/TARGET_K64F/TOOLCHAIN_GCC_ARM/libmbed.a(fsl_uart_hal.o)
 .comment       0x00000000000000a8       0x71 ./mbed/c0f6e94411f5/TARGET_K64F/TOOLCHAIN_GCC_ARM/libmbed.a(PeripheralPins.o)
 .comment       0x00000000000000a8       0x71 ./mbed/c0f6e94411f5/TARGET_K64F/TOOLCHAIN_GCC_ARM/libmbed.a(fsl_clock_K64F12.o)
 .comment       0x00000000000000a8       0x71 ./mbed/c0f6e94411f5/TARGET_K64F/TOOLCHAIN_GCC_ARM/libmbed.a(fsl_sim_hal_K64F12.o)
 .comment       0x00000000000000a8       0x71 ./mbed/c0f6e94411f5/TARGET_K64F/TOOLCHAIN_GCC_ARM/libmbed.a(gpio_api.o)
 .comment       0x00000000000000a8       0x71 ./mbed/c0f6e94411f5/TARGET_K64F/TOOLCHAIN_GCC_ARM/libmbed.a(pinmap.o)
 .comment       0x00000000000000a8       0x71 ./mbed/c0f6e94411f5/TARGET_K64F/TOOLCHAIN_GCC_ARM/libmbed.a(us_ticker.o)
 .comment       0x00000000000000a8       0x71 ./mbed/c0f6e94411f5/TARGET_K64F/TOOLCHAIN_GCC_ARM/libmbed.a(us_ticker_api.o)
 .comment       0x00000000000000a8       0x71 ./mbed/c0f6e94411f5/TARGET_K64F/TOOLCHAIN_GCC_ARM/libmbed.a(ticker_api.o)
 .comment       0x00000000000000a8       0x38 /usr/lib/gcc/arm-none-eabi/4.9.3/../../../arm-none-eabi/lib/armv7e-m/softfp/libc.a(lib_a-abort.o)
                                         0x39 (size before relaxing)
 .comment       0x00000000000000e0       0x39 /usr/lib/gcc/arm-none-eabi/4.9.3/../../../arm-none-eabi/lib/armv7e-m/softfp/libc.a(lib_a-assert.o)
 .comment       0x00000000000000e0       0x39 /usr/lib/gcc/arm-none-eabi/4.9.3/../../../arm-none-eabi/lib/armv7e-m/softfp/libc.a(lib_a-atexit.o)
 .comment       0x00000000000000e0       0x39 /usr/lib/gcc/arm-none-eabi/4.9.3/../../../arm-none-eabi/lib/armv7e-m/softfp/libc.a(lib_a-errno.o)
 .comment       0x00000000000000e0       0x39 /usr/lib/gcc/arm-none-eabi/4.9.3/../../../arm-none-eabi/lib/armv7e-m/softfp/libc.a(lib_a-exit.o)
 .comment       0x00000000000000e0       0x39 /usr/lib/gcc/arm-none-eabi/4.9.3/../../../arm-none-eabi/lib/armv7e-m/softfp/libc.a(lib_a-fflush.o)
 .comment       0x00000000000000e0       0x39 /usr/lib/gcc/arm-none-eabi/4.9.3/../../../arm-none-eabi/lib/armv7e-m/softfp/libc.a(lib_a-findfp.o)
 .comment       0x00000000000000e0       0x39 /usr/lib/gcc/arm-none-eabi/4.9.3/../../../arm-none-eabi/lib/armv7e-m/softfp/libc.a(lib_a-fini.o)
 .comment       0x00000000000000e0       0x39 /usr/lib/gcc/arm-none-eabi/4.9.3/../../../arm-none-eabi/lib/armv7e-m/softfp/libc.a(lib_a-fiprintf.o)
 .comment       0x00000000000000e0       0x39 /usr/lib/gcc/arm-none-eabi/4.9.3/../../../arm-none-eabi/lib/armv7e-m/softfp/libc.a(lib_a-freer.o)
 .comment       0x00000000000000e0       0x39 /usr/lib/gcc/arm-none-eabi/4.9.3/../../../arm-none-eabi/lib/armv7e-m/softfp/libc.a(lib_a-fwalk.o)
 .comment       0x00000000000000e0       0x39 /usr/lib/gcc/arm-none-eabi/4.9.3/../../../arm-none-eabi/lib/armv7e-m/softfp/libc.a(lib_a-impure.o)
 .comment       0x00000000000000e0       0x39 /usr/lib/gcc/arm-none-eabi/4.9.3/../../../arm-none-eabi/lib/armv7e-m/softfp/libc.a(lib_a-init.o)
 .comment       0x00000000000000e0       0x39 /usr/lib/gcc/arm-none-eabi/4.9.3/../../../arm-none-eabi/lib/armv7e-m/softfp/libc.a(lib_a-malloc.o)
 .comment       0x00000000000000e0       0x39 /usr/lib/gcc/arm-none-eabi/4.9.3/../../../arm-none-eabi/lib/armv7e-m/softfp/libc.a(lib_a-mallocr.o)
 .comment       0x00000000000000e0       0x39 /usr/lib/gcc/arm-none-eabi/4.9.3/../../../arm-none-eabi/lib/armv7e-m/softfp/libc.a(lib_a-memchr.o)
 .comment       0x00000000000000e0       0x39 /usr/lib/gcc/arm-none-eabi/4.9.3/../../../arm-none-eabi/lib/armv7e-m/softfp/libc.a(lib_a-memset.o)
 .comment       0x00000000000000e0       0x39 /usr/lib/gcc/arm-none-eabi/4.9.3/../../../arm-none-eabi/lib/armv7e-m/softfp/libc.a(lib_a-mlock.o)
 .comment       0x00000000000000e0       0x39 /usr/lib/gcc/arm-none-eabi/4.9.3/../../../arm-none-eabi/lib/armv7e-m/softfp/libc.a(lib_a-printf.o)
 .comment       0x00000000000000e0       0x39 /usr/lib/gcc/arm-none-eabi/4.9.3/../../../arm-none-eabi/lib/armv7e-m/softfp/libc.a(lib_a-reent.o)
 .comment       0x00000000000000e0       0x39 /usr/lib/gcc/arm-none-eabi/4.9.3/../../../arm-none-eabi/lib/armv7e-m/softfp/libc.a(lib_a-sbrkr.o)
 .comment       0x00000000000000e0       0x39 /usr/lib/gcc/arm-none-eabi/4.9.3/../../../arm-none-eabi/lib/armv7e-m/softfp/libc.a(lib_a-signal.o)
 .comment       0x00000000000000e0       0x39 /usr/lib/gcc/arm-none-eabi/4.9.3/../../../arm-none-eabi/lib/armv7e-m/softfp/libc.a(lib_a-signalr.o)
 .comment       0x00000000000000e0       0x39 /usr/lib/gcc/arm-none-eabi/4.9.3/../../../arm-none-eabi/lib/armv7e-m/softfp/libc.a(lib_a-stdio.o)
 .comment       0x00000000000000e0       0x39 /usr/lib/gcc/arm-none-eabi/4.9.3/../../../arm-none-eabi/lib/armv7e-m/softfp/libc.a(lib_a-strlen.o)
 .comment       0x00000000000000e0       0x39 /usr/lib/gcc/arm-none-eabi/4.9.3/../../../arm-none-eabi/lib/armv7e-m/softfp/libc.a(lib_a-vfiprintf.o)
 .comment       0x00000000000000e0       0x39 /usr/lib/gcc/arm-none-eabi/4.9.3/../../../arm-none-eabi/lib/armv7e-m/softfp/libc.a(lib_a-vfprintf.o)
 .comment       0x00000000000000e0       0x39 /usr/lib/gcc/arm-none-eabi/4.9.3/../../../arm-none-eabi/lib/armv7e-m/softfp/libc.a(lib_a-writer.o)
 .comment       0x00000000000000e0       0x39 /usr/lib/gcc/arm-none-eabi/4.9.3/../../../arm-none-eabi/lib/armv7e-m/softfp/libc.a(lib_a-wsetup.o)
 .comment       0x00000000000000e0       0x39 /usr/lib/gcc/arm-none-eabi/4.9.3/../../../arm-none-eabi/lib/armv7e-m/softfp/libc.a(lib_a-__atexit.o)
 .comment       0x00000000000000e0       0x39 /usr/lib/gcc/arm-none-eabi/4.9.3/../../../arm-none-eabi/lib/armv7e-m/softfp/libc.a(lib_a-__call_atexit.o)
 .comment       0x00000000000000e0       0x39 /usr/lib/gcc/arm-none-eabi/4.9.3/../../../arm-none-eabi/lib/armv7e-m/softfp/libc.a(lib_a-closer.o)
 .comment       0x00000000000000e0       0x39 /usr/lib/gcc/arm-none-eabi/4.9.3/../../../arm-none-eabi/lib/armv7e-m/softfp/libc.a(lib_a-dtoa.o)
 .comment       0x00000000000000e0       0x39 /usr/lib/gcc/arm-none-eabi/4.9.3/../../../arm-none-eabi/lib/armv7e-m/softfp/libc.a(lib_a-fclose.o)
 .comment       0x00000000000000e0       0x39 /usr/lib/gcc/arm-none-eabi/4.9.3/../../../arm-none-eabi/lib/armv7e-m/softfp/libc.a(lib_a-fputwc.o)
 .comment       0x00000000000000e0       0x39 /usr/lib/gcc/arm-none-eabi/4.9.3/../../../arm-none-eabi/lib/armv7e-m/softfp/libc.a(lib_a-fvwrite.o)
 .comment       0x00000000000000e0       0x39 /usr/lib/gcc/arm-none-eabi/4.9.3/../../../arm-none-eabi/lib/armv7e-m/softfp/libc.a(lib_a-locale.o)
 .comment       0x00000000000000e0       0x39 /usr/lib/gcc/arm-none-eabi/4.9.3/../../../arm-none-eabi/lib/armv7e-m/softfp/libc.a(lib_a-lseekr.o)
 .comment       0x00000000000000e0       0x39 /usr/lib/gcc/arm-none-eabi/4.9.3/../../../arm-none-eabi/lib/armv7e-m/softfp/libc.a(lib_a-makebuf.o)
 .comment       0x00000000000000e0       0x39 /usr/lib/gcc/arm-none-eabi/4.9.3/../../../arm-none-eabi/lib/armv7e-m/softfp/libc.a(lib_a-memmove.o)
 .comment       0x00000000000000e0       0x39 /usr/lib/gcc/arm-none-eabi/4.9.3/../../../arm-none-eabi/lib/armv7e-m/softfp/libc.a(lib_a-mprec.o)
 .comment       0x00000000000000e0       0x39 /usr/lib/gcc/arm-none-eabi/4.9.3/../../../arm-none-eabi/lib/armv7e-m/softfp/libc.a(lib_a-readr.o)
 .comment       0x00000000000000e0       0x39 /usr/lib/gcc/arm-none-eabi/4.9.3/../../../arm-none-eabi/lib/armv7e-m/softfp/libc.a(lib_a-reallocr.o)
 .comment       0x00000000000000e0       0x39 /usr/lib/gcc/arm-none-eabi/4.9.3/../../../arm-none-eabi/lib/armv7e-m/softfp/libc.a(lib_a-s_fpclassify.o)
 .comment       0x00000000000000e0       0x39 /usr/lib/gcc/arm-none-eabi/4.9.3/../../../arm-none-eabi/lib/armv7e-m/softfp/libc.a(lib_a-wbuf.o)
 .comment       0x00000000000000e0       0x39 /usr/lib/gcc/arm-none-eabi/4.9.3/../../../arm-none-eabi/lib/armv7e-m/softfp/libc.a(lib_a-wcrtomb.o)
 .comment       0x00000000000000e0       0x39 /usr/lib/gcc/arm-none-eabi/4.9.3/../../../arm-none-eabi/lib/armv7e-m/softfp/libc.a(lib_a-wctomb_r.o)
 .comment       0x00000000000000e0       0x39 /usr/lib/gcc/arm-none-eabi/4.9.3/../../../arm-none-eabi/lib/armv7e-m/softfp/libc.a(lib_a-callocr.o)
 .comment       0x00000000000000e0       0x39 /usr/lib/gcc/arm-none-eabi/4.9.3/../../../arm-none-eabi/lib/armv7e-m/softfp/libc.a(lib_a-fstatr.o)
 .comment       0x00000000000000e0       0x39 /usr/lib/gcc/arm-none-eabi/4.9.3/../../../arm-none-eabi/lib/armv7e-m/softfp/libc.a(lib_a-isattyr.o)
 .comment       0x00000000000000e0       0x39 /usr/lib/gcc/arm-none-eabi/4.9.3/armv7e-m/softfp/libgcc.a(bpabi.o)
 .comment       0x00000000000000e0       0x39 /usr/lib/gcc/arm-none-eabi/4.9.3/armv7e-m/softfp/libgcc.a(_divdi3.o)
 .comment       0x00000000000000e0       0x39 /usr/lib/gcc/arm-none-eabi/4.9.3/armv7e-m/softfp/libgcc.a(_udivdi3.o)
 .comment       0x00000000000000e0       0x39 /usr/lib/gcc/arm-none-eabi/4.9.3/../../../arm-none-eabi/lib/armv7e-m/softfp/libnosys.a(getpid.o)
 .comment       0x00000000000000e0       0x39 /usr/lib/gcc/arm-none-eabi/4.9.3/../../../arm-none-eabi/lib/armv7e-m/softfp/libnosys.a(kill.o)
 .comment       0x00000000000000e0       0x39 /usr/lib/gcc/arm-none-eabi/4.9.3/armv7e-m/softfp/crtend.o

.debug_line     0x0000000000000000     0x7333
 .debug_line    0x0000000000000000       0x7e /usr/lib/gcc/arm-none-eabi/4.9.3/../../../arm-none-eabi/lib/armv7e-m/softfp/crt0.o
 .debug_line    0x000000000000007e      0x11d /usr/lib/gcc/arm-none-eabi/4.9.3/../../../arm-none-eabi/lib/armv7e-m/softfp/libc.a(lib_a-abort.o)
 .debug_line    0x000000000000019b      0x193 /usr/lib/gcc/arm-none-eabi/4.9.3/../../../arm-none-eabi/lib/armv7e-m/softfp/libc.a(lib_a-assert.o)
 .debug_line    0x000000000000032e       0xc4 /usr/lib/gcc/arm-none-eabi/4.9.3/../../../arm-none-eabi/lib/armv7e-m/softfp/libc.a(lib_a-atexit.o)
 .debug_line    0x00000000000003f2      0x10f /usr/lib/gcc/arm-none-eabi/4.9.3/../../../arm-none-eabi/lib/armv7e-m/softfp/libc.a(lib_a-errno.o)
 .debug_line    0x0000000000000501      0x178 /usr/lib/gcc/arm-none-eabi/4.9.3/../../../arm-none-eabi/lib/armv7e-m/softfp/libc.a(lib_a-exit.o)
 .debug_line    0x0000000000000679      0x25b /usr/lib/gcc/arm-none-eabi/4.9.3/../../../arm-none-eabi/lib/armv7e-m/softfp/libc.a(lib_a-fflush.o)
 .debug_line    0x00000000000008d4      0x31f /usr/lib/gcc/arm-none-eabi/4.9.3/../../../arm-none-eabi/lib/armv7e-m/softfp/libc.a(lib_a-findfp.o)
 .debug_line    0x0000000000000bf3       0x9f /usr/lib/gcc/arm-none-eabi/4.9.3/../../../arm-none-eabi/lib/armv7e-m/softfp/libc.a(lib_a-fini.o)
 .debug_line    0x0000000000000c92      0x18e /usr/lib/gcc/arm-none-eabi/4.9.3/../../../arm-none-eabi/lib/armv7e-m/softfp/libc.a(lib_a-fiprintf.o)
 .debug_line    0x0000000000000e20      0x271 /usr/lib/gcc/arm-none-eabi/4.9.3/../../../arm-none-eabi/lib/armv7e-m/softfp/libc.a(lib_a-freer.o)
 .debug_line    0x0000000000001091      0x1ba /usr/lib/gcc/arm-none-eabi/4.9.3/../../../arm-none-eabi/lib/armv7e-m/softfp/libc.a(lib_a-fwalk.o)
 .debug_line    0x000000000000124b       0xf4 /usr/lib/gcc/arm-none-eabi/4.9.3/../../../arm-none-eabi/lib/armv7e-m/softfp/libc.a(lib_a-impure.o)
 .debug_line    0x000000000000133f       0xb8 /usr/lib/gcc/arm-none-eabi/4.9.3/../../../arm-none-eabi/lib/armv7e-m/softfp/libc.a(lib_a-init.o)
 .debug_line    0x00000000000013f7      0x171 /usr/lib/gcc/arm-none-eabi/4.9.3/../../../arm-none-eabi/lib/armv7e-m/softfp/libc.a(lib_a-malloc.o)
 .debug_line    0x0000000000001568      0x38e /usr/lib/gcc/arm-none-eabi/4.9.3/../../../arm-none-eabi/lib/armv7e-m/softfp/libc.a(lib_a-mallocr.o)
 .debug_line    0x00000000000018f6      0x120 /usr/lib/gcc/arm-none-eabi/4.9.3/../../../arm-none-eabi/lib/armv7e-m/softfp/libc.a(lib_a-memchr.o)
 .debug_line    0x0000000000001a16       0xbb /usr/lib/gcc/arm-none-eabi/4.9.3/../../../arm-none-eabi/lib/armv7e-m/softfp/libc.a(lib_a-memcpy.o)
 .debug_line    0x0000000000001ad1      0x11c /usr/lib/gcc/arm-none-eabi/4.9.3/../../../arm-none-eabi/lib/armv7e-m/softfp/libc.a(lib_a-memset.o)
 .debug_line    0x0000000000001bed      0x112 /usr/lib/gcc/arm-none-eabi/4.9.3/../../../arm-none-eabi/lib/armv7e-m/softfp/libc.a(lib_a-mlock.o)
 .debug_line    0x0000000000001cff      0x192 /usr/lib/gcc/arm-none-eabi/4.9.3/../../../arm-none-eabi/lib/armv7e-m/softfp/libc.a(lib_a-printf.o)
 .debug_line    0x0000000000001e91      0x19d /usr/lib/gcc/arm-none-eabi/4.9.3/../../../arm-none-eabi/lib/armv7e-m/softfp/libc.a(lib_a-reent.o)
 .debug_line    0x000000000000202e      0x164 /usr/lib/gcc/arm-none-eabi/4.9.3/../../../arm-none-eabi/lib/armv7e-m/softfp/libc.a(lib_a-sbrkr.o)
 .debug_line    0x0000000000002192      0x25b /usr/lib/gcc/arm-none-eabi/4.9.3/../../../arm-none-eabi/lib/armv7e-m/softfp/libc.a(lib_a-signal.o)
 .debug_line    0x00000000000023ed      0x177 /usr/lib/gcc/arm-none-eabi/4.9.3/../../../arm-none-eabi/lib/armv7e-m/softfp/libc.a(lib_a-signalr.o)
 .debug_line    0x0000000000002564      0x1d6 /usr/lib/gcc/arm-none-eabi/4.9.3/../../../arm-none-eabi/lib/armv7e-m/softfp/libc.a(lib_a-stdio.o)
 .debug_line    0x000000000000273a      0x134 /usr/lib/gcc/arm-none-eabi/4.9.3/../../../arm-none-eabi/lib/armv7e-m/softfp/libc.a(lib_a-strcmp.o)
 .debug_line    0x000000000000286e       0xf5 /usr/lib/gcc/arm-none-eabi/4.9.3/../../../arm-none-eabi/lib/armv7e-m/softfp/libc.a(lib_a-strlen.o)
 .debug_line    0x0000000000002963      0x751 /usr/lib/gcc/arm-none-eabi/4.9.3/../../../arm-none-eabi/lib/armv7e-m/softfp/libc.a(lib_a-vfiprintf.o)
 .debug_line    0x00000000000030b4      0x999 /usr/lib/gcc/arm-none-eabi/4.9.3/../../../arm-none-eabi/lib/armv7e-m/softfp/libc.a(lib_a-vfprintf.o)
 .debug_line    0x0000000000003a4d      0x166 /usr/lib/gcc/arm-none-eabi/4.9.3/../../../arm-none-eabi/lib/armv7e-m/softfp/libc.a(lib_a-writer.o)
 .debug_line    0x0000000000003bb3      0x1c0 /usr/lib/gcc/arm-none-eabi/4.9.3/../../../arm-none-eabi/lib/armv7e-m/softfp/libc.a(lib_a-wsetup.o)
 .debug_line    0x0000000000003d73      0x196 /usr/lib/gcc/arm-none-eabi/4.9.3/../../../arm-none-eabi/lib/armv7e-m/softfp/libc.a(lib_a-__atexit.o)
 .debug_line    0x0000000000003f09      0x1c8 /usr/lib/gcc/arm-none-eabi/4.9.3/../../../arm-none-eabi/lib/armv7e-m/softfp/libc.a(lib_a-__call_atexit.o)