Archive member included to satisfy reference by file (symbol)

./mbed/c0f6e94411f5/TARGET_SAMD21J18A/TOOLCHAIN_GCC_ARM/libmbed.a(system.o)
                              ./mbed/c0f6e94411f5/TARGET_SAMD21J18A/TOOLCHAIN_GCC_ARM/mbed_overrides.o (system_init)
./mbed/c0f6e94411f5/TARGET_SAMD21J18A/TOOLCHAIN_GCC_ARM/libmbed.a(serial_api.o)
                              ./mbed/c0f6e94411f5/TARGET_SAMD21J18A/TOOLCHAIN_GCC_ARM/retarget.o (serial_init)
./mbed/c0f6e94411f5/TARGET_SAMD21J18A/TOOLCHAIN_GCC_ARM/libmbed.a(FilePath.o)
                              ./mbed/c0f6e94411f5/TARGET_SAMD21J18A/TOOLCHAIN_GCC_ARM/retarget.o (mbed::FilePath::FilePath(char const*))
./mbed/c0f6e94411f5/TARGET_SAMD21J18A/TOOLCHAIN_GCC_ARM/libmbed.a(FileSystemLike.o)
                              ./mbed/c0f6e94411f5/TARGET_SAMD21J18A/TOOLCHAIN_GCC_ARM/retarget.o (mbed::FileSystemLike::opendir())
./mbed/c0f6e94411f5/TARGET_SAMD21J18A/TOOLCHAIN_GCC_ARM/libmbed.a(assert.o)
                              ./BUILD/SAMD21J18A/GCC_ARM/./main.o (mbed_assert_internal)
./mbed/c0f6e94411f5/TARGET_SAMD21J18A/TOOLCHAIN_GCC_ARM/libmbed.a(error.o)
                              ./mbed/c0f6e94411f5/TARGET_SAMD21J18A/TOOLCHAIN_GCC_ARM/retarget.o (error)
./mbed/c0f6e94411f5/TARGET_SAMD21J18A/TOOLCHAIN_GCC_ARM/libmbed.a(gpio.o)
                              ./BUILD/SAMD21J18A/GCC_ARM/./main.o (gpio_init_out)
./mbed/c0f6e94411f5/TARGET_SAMD21J18A/TOOLCHAIN_GCC_ARM/libmbed.a(pinmap_common.o)
                              ./mbed/c0f6e94411f5/TARGET_SAMD21J18A/TOOLCHAIN_GCC_ARM/libmbed.a(serial_api.o) (pinmap_pinout)
./mbed/c0f6e94411f5/TARGET_SAMD21J18A/TOOLCHAIN_GCC_ARM/libmbed.a(wait_api.o)
                              ./BUILD/SAMD21J18A/GCC_ARM/./main.o (wait)
./mbed/c0f6e94411f5/TARGET_SAMD21J18A/TOOLCHAIN_GCC_ARM/libmbed.a(PeripheralPins.o)
                              ./mbed/c0f6e94411f5/TARGET_SAMD21J18A/TOOLCHAIN_GCC_ARM/libmbed.a(serial_api.o) (PinMap_SERCOM_PAD)
./mbed/c0f6e94411f5/TARGET_SAMD21J18A/TOOLCHAIN_GCC_ARM/libmbed.a(sercom.o)
                              ./mbed/c0f6e94411f5/TARGET_SAMD21J18A/TOOLCHAIN_GCC_ARM/libmbed.a(serial_api.o) (_sercom_get_async_baud_val)
./mbed/c0f6e94411f5/TARGET_SAMD21J18A/TOOLCHAIN_GCC_ARM/libmbed.a(pinmux.o)
                              ./mbed/c0f6e94411f5/TARGET_SAMD21J18A/TOOLCHAIN_GCC_ARM/libmbed.a(serial_api.o) (system_pinmux_pin_set_config)
./mbed/c0f6e94411f5/TARGET_SAMD21J18A/TOOLCHAIN_GCC_ARM/libmbed.a(gclk.o)
                              ./mbed/c0f6e94411f5/TARGET_SAMD21J18A/TOOLCHAIN_GCC_ARM/libmbed.a(serial_api.o) (system_gclk_chan_enable)
./mbed/c0f6e94411f5/TARGET_SAMD21J18A/TOOLCHAIN_GCC_ARM/libmbed.a(clock.o)
                              ./mbed/c0f6e94411f5/TARGET_SAMD21J18A/TOOLCHAIN_GCC_ARM/libmbed.a(gclk.o) (system_clock_source_get_hz)
./mbed/c0f6e94411f5/TARGET_SAMD21J18A/TOOLCHAIN_GCC_ARM/libmbed.a(gpio_api.o)
                              ./mbed/c0f6e94411f5/TARGET_SAMD21J18A/TOOLCHAIN_GCC_ARM/libmbed.a(gpio.o) (gpio_init)
./mbed/c0f6e94411f5/TARGET_SAMD21J18A/TOOLCHAIN_GCC_ARM/libmbed.a(pinmap.o)
                              ./mbed/c0f6e94411f5/TARGET_SAMD21J18A/TOOLCHAIN_GCC_ARM/libmbed.a(pinmap_common.o) (pin_function)
./mbed/c0f6e94411f5/TARGET_SAMD21J18A/TOOLCHAIN_GCC_ARM/libmbed.a(pinmap_function.o)
                              ./mbed/c0f6e94411f5/TARGET_SAMD21J18A/TOOLCHAIN_GCC_ARM/libmbed.a(serial_api.o) (pinmap_merge_sercom)
./mbed/c0f6e94411f5/TARGET_SAMD21J18A/TOOLCHAIN_GCC_ARM/libmbed.a(us_ticker.o)
                              ./mbed/c0f6e94411f5/TARGET_SAMD21J18A/TOOLCHAIN_GCC_ARM/libmbed.a(wait_api.o) (us_ticker_read)
./mbed/c0f6e94411f5/TARGET_SAMD21J18A/TOOLCHAIN_GCC_ARM/libmbed.a(interrupt_sam_nvic.o)
                              ./mbed/c0f6e94411f5/TARGET_SAMD21J18A/TOOLCHAIN_GCC_ARM/libmbed.a(gclk.o) (cpu_irq_enter_critical)
./mbed/c0f6e94411f5/TARGET_SAMD21J18A/TOOLCHAIN_GCC_ARM/libmbed.a(FileBase.o)
                              ./mbed/c0f6e94411f5/TARGET_SAMD21J18A/TOOLCHAIN_GCC_ARM/libmbed.a(FileSystemLike.o) (mbed::FileBase::~FileBase())
./mbed/c0f6e94411f5/TARGET_SAMD21J18A/TOOLCHAIN_GCC_ARM/libmbed.a(us_ticker_api.o)
                              ./mbed/c0f6e94411f5/TARGET_SAMD21J18A/TOOLCHAIN_GCC_ARM/libmbed.a(us_ticker.o) (us_ticker_irq_handler)
./mbed/c0f6e94411f5/TARGET_SAMD21J18A/TOOLCHAIN_GCC_ARM/libmbed.a(port.o)
                              ./mbed/c0f6e94411f5/TARGET_SAMD21J18A/TOOLCHAIN_GCC_ARM/libmbed.a(gpio_api.o) (port_pin_set_config)
./mbed/c0f6e94411f5/TARGET_SAMD21J18A/TOOLCHAIN_GCC_ARM/libmbed.a(tc.o)
                              ./mbed/c0f6e94411f5/TARGET_SAMD21J18A/TOOLCHAIN_GCC_ARM/libmbed.a(us_ticker.o) (_tc_get_inst_index)
./mbed/c0f6e94411f5/TARGET_SAMD21J18A/TOOLCHAIN_GCC_ARM/libmbed.a(tc_interrupt.o)
                              ./mbed/c0f6e94411f5/TARGET_SAMD21J18A/TOOLCHAIN_GCC_ARM/libmbed.a(us_ticker.o) (tc_register_callback)
./mbed/c0f6e94411f5/TARGET_SAMD21J18A/TOOLCHAIN_GCC_ARM/libmbed.a(ticker_api.o)
[...]
Memory Configuration

Name             Origin             Length             Attributes
rom              0x0000000000000000 0x0000000000040000 xr
ram              0x00000000200000b4 0x0000000000007f4c xrw
*default*        0x0000000000000000 0xffffffffffffffff

Linker script and memory map

LOAD /usr/lib/gcc/arm-none-eabi/4.9.3/armv6-m/crti.o
LOAD /usr/lib/gcc/arm-none-eabi/4.9.3/armv6-m/crtbegin.o
LOAD /usr/lib/gcc/arm-none-eabi/4.9.3/../../../arm-none-eabi/lib/armv6-m/crt0.o
LOAD ./mbed/c0f6e94411f5/TARGET_SAMD21J18A/TOOLCHAIN_GCC_ARM/system_samd21.o
LOAD ./mbed/c0f6e94411f5/TARGET_SAMD21J18A/TOOLCHAIN_GCC_ARM/retarget.o
LOAD ./mbed/c0f6e94411f5/TARGET_SAMD21J18A/TOOLCHAIN_GCC_ARM/startup_samd21.o
LOAD ./mbed/c0f6e94411f5/TARGET_SAMD21J18A/TOOLCHAIN_GCC_ARM/cmsis_nvic.o
LOAD ./mbed/c0f6e94411f5/TARGET_SAMD21J18A/TOOLCHAIN_GCC_ARM/board.o
LOAD ./mbed/c0f6e94411f5/TARGET_SAMD21J18A/TOOLCHAIN_GCC_ARM/mbed_overrides.o
LOAD ./BUILD/SAMD21J18A/GCC_ARM/./main.o
START GROUP
LOAD ./mbed/c0f6e94411f5/TARGET_SAMD21J18A/TOOLCHAIN_GCC_ARM/libmbed.a
LOAD /usr/lib/gcc/arm-none-eabi/4.9.3/../../../arm-none-eabi/lib/armv6-m/libstdc++.a
LOAD /usr/lib/gcc/arm-none-eabi/4.9.3/../../../arm-none-eabi/lib/armv6-m/libsupc++.a
LOAD /usr/lib/gcc/arm-none-eabi/4.9.3/../../../arm-none-eabi/lib/armv6-m/libm.a
LOAD /usr/lib/gcc/arm-none-eabi/4.9.3/../../../arm-none-eabi/lib/armv6-m/libc.a
LOAD /usr/lib/gcc/arm-none-eabi/4.9.3/armv6-m/libgcc.a
LOAD /usr/lib/gcc/arm-none-eabi/4.9.3/../../../arm-none-eabi/lib/armv6-m/libnosys.a
END GROUP
LOAD ./mbed/c0f6e94411f5/TARGET_SAMD21J18A/TOOLCHAIN_GCC_ARM/libmbed.a
LOAD /usr/lib/gcc/arm-none-eabi/4.9.3/../../../arm-none-eabi/lib/armv6-m/libstdc++.a
LOAD /usr/lib/gcc/arm-none-eabi/4.9.3/../../../arm-none-eabi/lib/armv6-m/libsupc++.a
LOAD /usr/lib/gcc/arm-none-eabi/4.9.3/../../../arm-none-eabi/lib/armv6-m/libm.a
LOAD /usr/lib/gcc/arm-none-eabi/4.9.3/../../../arm-none-eabi/lib/armv6-m/libc.a
LOAD /usr/lib/gcc/arm-none-eabi/4.9.3/armv6-m/libgcc.a
LOAD /usr/lib/gcc/arm-none-eabi/4.9.3/../../../arm-none-eabi/lib/armv6-m/libnosys.a
START GROUP
LOAD /usr/lib/gcc/arm-none-eabi/4.9.3/armv6-m/libgcc.a
LOAD /usr/lib/gcc/arm-none-eabi/4.9.3/../../../arm-none-eabi/lib/armv6-m/libc.a
END GROUP
LOAD /usr/lib/gcc/arm-none-eabi/4.9.3/armv6-m/crtend.o
LOAD /usr/lib/gcc/arm-none-eabi/4.9.3/armv6-m/crtn.o
                0x0000000000002000                STACK_SIZE = DEFINED (STACK_SIZE)?STACK_SIZE:DEFINED (__stack_size__)?__stack_size__:0x2000

.text           0x0000000000000000     0x9900
                0x0000000000000000                . = ALIGN (0x4)
                0x0000000000000000                _sfixed = .
 *(.vectors .vectors.*)
 .vectors       0x0000000000000000       0xb0 ./mbed/c0f6e94411f5/TARGET_SAMD21J18A/TOOLCHAIN_GCC_ARM/startup_samd21.o
                0x0000000000000000                exception_table
 *(.text .text.* .gnu.linkonce.t.*)
 .text          0x00000000000000b0       0xb4 /usr/lib/gcc/arm-none-eabi/4.9.3/armv6-m/crtbegin.o
 .text._ZL11init_serialv.part.0
                0x0000000000000164       0x14 ./mbed/c0f6e94411f5/TARGET_SAMD21J18A/TOOLCHAIN_GCC_ARM/retarget.o
 .text._close   0x0000000000000178       0x2c ./mbed/c0f6e94411f5/TARGET_SAMD21J18A/TOOLCHAIN_GCC_ARM/retarget.o
                0x0000000000000178                _close
 .text._write   0x00000000000001a4       0x58 ./mbed/c0f6e94411f5/TARGET_SAMD21J18A/TOOLCHAIN_GCC_ARM/retarget.o
                0x00000000000001a4                _write
 .text._read    0x00000000000001fc       0x48 ./mbed/c0f6e94411f5/TARGET_SAMD21J18A/TOOLCHAIN_GCC_ARM/retarget.o
                0x00000000000001fc                _read
 .text._isatty  0x0000000000000244       0x28 ./mbed/c0f6e94411f5/TARGET_SAMD21J18A/TOOLCHAIN_GCC_ARM/retarget.o
                0x0000000000000244                _isatty
 .text._lseek   0x000000000000026c       0x28 ./mbed/c0f6e94411f5/TARGET_SAMD21J18A/TOOLCHAIN_GCC_ARM/retarget.o
                0x000000000000026c                _lseek
 .text._fstat   0x0000000000000294       0x20 ./mbed/c0f6e94411f5/TARGET_SAMD21J18A/TOOLCHAIN_GCC_ARM/retarget.o
                0x0000000000000294                _fstat
 .text.mbed_main
                0x00000000000002b4        0x4 ./mbed/c0f6e94411f5/TARGET_SAMD21J18A/TOOLCHAIN_GCC_ARM/retarget.o
                0x00000000000002b4                mbed_main
 .text.__wrap_main
                0x00000000000002b8       0x10 ./mbed/c0f6e94411f5/TARGET_SAMD21J18A/TOOLCHAIN_GCC_ARM/retarget.o
                0x00000000000002b8                __wrap_main
 .text._sbrk    0x00000000000002c8       0x28 ./mbed/c0f6e94411f5/TARGET_SAMD21J18A/TOOLCHAIN_GCC_ARM/retarget.o
                0x00000000000002c8                _sbrk
 .text._exit    0x00000000000002f0       0x10 ./mbed/c0f6e94411f5/TARGET_SAMD21J18A/TOOLCHAIN_GCC_ARM/retarget.o
                0x00000000000002f0                _exit
 .text.Dummy_Handler
                0x0000000000000300        0x4 ./mbed/c0f6e94411f5/TARGET_SAMD21J18A/TOOLCHAIN_GCC_ARM/startup_samd21.o
                0x0000000000000300                DMAC_Handler
                0x0000000000000300                HardFault_Handler
                0x0000000000000300                AC_Handler
                0x0000000000000300                SysTick_Handler
                0x0000000000000300                PendSV_Handler
                0x0000000000000300                NMI_Handler
                0x0000000000000300                SERCOM1_Handler
                0x0000000000000300                ADC_Handler
                0x0000000000000300                TCC1_Handler
                0x0000000000000300                SERCOM2_Handler
                0x0000000000000300                TCC0_Handler
                0x0000000000000300                RTC_Handler
                0x0000000000000300                EIC_Handler
                0x0000000000000300                WDT_Handler
                0x0000000000000300                USB_Handler
                0x0000000000000300                Dummy_Handler
                0x0000000000000300                PM_Handler
                0x0000000000000300                SERCOM5_Handler
                0x0000000000000300                SVC_Handler
                0x0000000000000300                TCC2_Handler
                0x0000000000000300                EVSYS_Handler
                0x0000000000000300                SERCOM3_Handler
                0x0000000000000300                SERCOM4_Handler
                0x0000000000000300                I2S_Handler
                0x0000000000000300                NVMCTRL_Handler
                0x0000000000000300                SERCOM0_Handler
                0x0000000000000300                DAC_Handler
                0x0000000000000300                PTC_Handler
                0x0000000000000300                SYSCTRL_Handler
 .text.Reset_Handler
                0x0000000000000304       0x78 ./mbed/c0f6e94411f5/TARGET_SAMD21J18A/TOOLCHAIN_GCC_ARM/startup_samd21.o
                0x0000000000000304                Reset_Handler
 .text.NVIC_SetVector
                0x000000000000037c       0x34 ./mbed/c0f6e94411f5/TARGET_SAMD21J18A/TOOLCHAIN_GCC_ARM/cmsis_nvic.o
                0x000000000000037c                NVIC_SetVector
 .text.mbed_die
                0x00000000000003b0       0x14 ./mbed/c0f6e94411f5/TARGET_SAMD21J18A/TOOLCHAIN_GCC_ARM/board.o
                0x00000000000003b0                mbed_die
 .text.mbed_sdk_init
                0x00000000000003c4       0x18 ./mbed/c0f6e94411f5/TARGET_SAMD21J18A/TOOLCHAIN_GCC_ARM/mbed_overrides.o
                0x00000000000003c4                mbed_sdk_init
 .text.startup.main
                0x00000000000003dc       0x64 ./BUILD/SAMD21J18A/GCC_ARM/./main.o
                0x00000000000003dc                main
 .text.startup._GLOBAL__sub_I_myled
                0x0000000000000440       0x1c ./BUILD/SAMD21J18A/GCC_ARM/./main.o
 .text._system_dummy_init
                0x000000000000045c        0x4 ./mbed/c0f6e94411f5/TARGET_SAMD21J18A/TOOLCHAIN_GCC_ARM/libmbed.a(system.o)
                0x000000000000045c                _system_divas_init
                0x000000000000045c                _system_extint_init
                0x000000000000045c                system_board_init
                0x000000000000045c                _system_events_init
                0x000000000000045c                _system_dummy_init
 .text.system_init
                0x0000000000000460       0x18 ./mbed/c0f6e94411f5/TARGET_SAMD21J18A/TOOLCHAIN_GCC_ARM/libmbed.a(system.o)
                0x0000000000000460                system_init
 .text.usart_set_config_default
                0x0000000000000478      0x128 ./mbed/c0f6e94411f5/TARGET_SAMD21J18A/TOOLCHAIN_GCC_ARM/libmbed.a(serial_api.o)
 .text.serial_find_mux_settings
                0x00000000000005a0       0x9c ./mbed/c0f6e94411f5/TARGET_SAMD21J18A/TOOLCHAIN_GCC_ARM/libmbed.a(serial_api.o)
                0x00000000000005a0                serial_find_mux_settings
 .text.get_default_serial_values
                0x000000000000063c       0x34 ./mbed/c0f6e94411f5/TARGET_SAMD21J18A/TOOLCHAIN_GCC_ARM/libmbed.a(serial_api.o)
                0x000000000000063c                get_default_serial_values
 .text.serial_init
                0x0000000000000670      0x1b8 ./mbed/c0f6e94411f5/TARGET_SAMD21J18A/TOOLCHAIN_GCC_ARM/libmbed.a(serial_api.o)
                0x0000000000000670                serial_init
 .text.serial_readable
                0x0000000000000828       0x28 ./mbed/c0f6e94411f5/TARGET_SAMD21J18A/TOOLCHAIN_GCC_ARM/libmbed.a(serial_api.o)
                0x0000000000000828                serial_readable
 .text.serial_getc
                0x0000000000000850       0x30 ./mbed/c0f6e94411f5/TARGET_SAMD21J18A/TOOLCHAIN_GCC_ARM/libmbed.a(serial_api.o)
                0x0000000000000850                serial_getc
 .text.serial_writable
                0x0000000000000880       0x28 ./mbed/c0f6e94411f5/TARGET_SAMD21J18A/TOOLCHAIN_GCC_ARM/libmbed.a(serial_api.o)
                0x0000000000000880                serial_writable
 .text.serial_putc
                0x00000000000008a8       0x40 ./mbed/c0f6e94411f5/TARGET_SAMD21J18A/TOOLCHAIN_GCC_ARM/libmbed.a(serial_api.o)
                0x00000000000008a8                serial_putc
 .text.mbed_assert_internal
                0x00000000000008e8       0x18 ./mbed/c0f6e94411f5/TARGET_SAMD21J18A/TOOLCHAIN_GCC_ARM/libmbed.a(assert.o)
                0x00000000000008e8                mbed_assert_internal
 .text.error    0x0000000000000900        0xc ./mbed/c0f6e94411f5/TARGET_SAMD21J18A/TOOLCHAIN_GCC_ARM/libmbed.a(error.o)
                0x0000000000000900                error
 .text.gpio_init_out
                0x000000000000090c       0x44 ./mbed/c0f6e94411f5/TARGET_SAMD21J18A/TOOLCHAIN_GCC_ARM/libmbed.a(gpio.o)
                0x000000000000090c                gpio_init_out
 .text.pinmap_find_peripheral
                0x0000000000000950       0x18 ./mbed/c0f6e94411f5/TARGET_SAMD21J18A/TOOLCHAIN_GCC_ARM/libmbed.a(pinmap_common.o)
                0x0000000000000950                pinmap_find_peripheral
 .text.pinmap_peripheral
                0x0000000000000968       0x30 ./mbed/c0f6e94411f5/TARGET_SAMD21J18A/TOOLCHAIN_GCC_ARM/libmbed.a(pinmap_common.o)
                0x0000000000000968                pinmap_peripheral
 .text.pinmap_function
                0x0000000000000998       0x30 ./mbed/c0f6e94411f5/TARGET_SAMD21J18A/TOOLCHAIN_GCC_ARM/libmbed.a(pinmap_common.o)
                0x0000000000000998                pinmap_function
 .text.wait_us  0x00000000000009c8       0x18 ./mbed/c0f6e94411f5/TARGET_SAMD21J18A/TOOLCHAIN_GCC_ARM/libmbed.a(wait_api.o)
                0x00000000000009c8                wait_us
 .text.wait     0x00000000000009e0       0x18 ./mbed/c0f6e94411f5/TARGET_SAMD21J18A/TOOLCHAIN_GCC_ARM/libmbed.a(wait_api.o)
                0x00000000000009e0                wait
 .text.wait_ms  0x00000000000009f8       0x10 ./mbed/c0f6e94411f5/TARGET_SAMD21J18A/TOOLCHAIN_GCC_ARM/libmbed.a(wait_api.o)
                0x00000000000009f8                wait_ms
 .text._sercom_get_async_baud_val
                0x0000000000000a08      0x190 ./mbed/c0f6e94411f5/TARGET_SAMD21J18A/TOOLCHAIN_GCC_ARM/libmbed.a(sercom.o)
                0x0000000000000a08                _sercom_get_async_baud_val
 .text.sercom_set_gclk_generator
                0x0000000000000b98       0x40 ./mbed/c0f6e94411f5/TARGET_SAMD21J18A/TOOLCHAIN_GCC_ARM/libmbed.a(sercom.o)
                0x0000000000000b98                sercom_set_gclk_generator
 .text._sercom_get_sercom_inst_index
                0x0000000000000bd8       0x30 ./mbed/c0f6e94411f5/TARGET_SAMD21J18A/TOOLCHAIN_GCC_ARM/libmbed.a(sercom.o)
                0x0000000000000bd8                _sercom_get_sercom_inst_index
 .text._system_pinmux_config
                0x0000000000000c08       0xb0 ./mbed/c0f6e94411f5/TARGET_SAMD21J18A/TOOLCHAIN_GCC_ARM/libmbed.a(pinmux.o)
 .text.system_pinmux_pin_set_config
                0x0000000000000cb8       0x2c ./mbed/c0f6e94411f5/TARGET_SAMD21J18A/TOOLCHAIN_GCC_ARM/libmbed.a(pinmux.o)
                0x0000000000000cb8                system_pinmux_pin_set_config
 .text.system_gclk_init
                0x0000000000000ce4       0x24 ./mbed/c0f6e94411f5/TARGET_SAMD21J18A/TOOLCHAIN_GCC_ARM/libmbed.a(gclk.o)
                0x0000000000000ce4                system_gclk_init
 .text.system_gclk_gen_set_config
                0x0000000000000d08       0x94 ./mbed/c0f6e94411f5/TARGET_SAMD21J18A/TOOLCHAIN_GCC_ARM/libmbed.a(gclk.o)
                0x0000000000000d08                system_gclk_gen_set_config
 .text.system_gclk_gen_enable
                0x0000000000000d9c       0x3c ./mbed/c0f6e94411f5/TARGET_SAMD21J18A/TOOLCHAIN_GCC_ARM/libmbed.a(gclk.o)
                0x0000000000000d9c                system_gclk_gen_enable
 .text.system_gclk_gen_get_hz
                0x0000000000000dd8       0x78 ./mbed/c0f6e94411f5/TARGET_SAMD21J18A/TOOLCHAIN_GCC_ARM/libmbed.a(gclk.o)
                0x0000000000000dd8                system_gclk_gen_get_hz
 .text.system_gclk_chan_enable
                0x0000000000000e50       0x28 ./mbed/c0f6e94411f5/TARGET_SAMD21J18A/TOOLCHAIN_GCC_ARM/libmbed.a(gclk.o)
                0x0000000000000e50                system_gclk_chan_enable
 .text.system_gclk_chan_disable
                0x0000000000000e78       0x54 ./mbed/c0f6e94411f5/TARGET_SAMD21J18A/TOOLCHAIN_GCC_ARM/libmbed.a(gclk.o)
                0x0000000000000e78                system_gclk_chan_disable
 .text.system_gclk_chan_set_config
                0x0000000000000ecc       0x18 ./mbed/c0f6e94411f5/TARGET_SAMD21J18A/TOOLCHAIN_GCC_ARM/libmbed.a(gclk.o)
                0x0000000000000ecc                system_gclk_chan_set_config
 .text.system_gclk_chan_get_hz
                0x0000000000000ee4       0x28 ./mbed/c0f6e94411f5/TARGET_SAMD21J18A/TOOLCHAIN_GCC_ARM/libmbed.a(gclk.o)
                0x0000000000000ee4                system_gclk_chan_get_hz
 .text.system_clock_source_get_hz
                0x0000000000000f0c       0x88 ./mbed/c0f6e94411f5/TARGET_SAMD21J18A/TOOLCHAIN_GCC_ARM/libmbed.a(clock.o)
                0x0000000000000f0c                system_clock_source_get_hz
 .text.system_clock_source_enable
                0x0000000000000f94       0xa0 ./mbed/c0f6e94411f5/TARGET_SAMD21J18A/TOOLCHAIN_GCC_ARM/libmbed.a(clock.o)
                0x0000000000000f94                system_clock_source_enable
 .text.system_clock_init
                0x0000000000001034       0xb4 ./mbed/c0f6e94411f5/TARGET_SAMD21J18A/TOOLCHAIN_GCC_ARM/libmbed.a(clock.o)
                0x0000000000001034                system_clock_init
 .text.gpio_init
                0x00000000000010e8       0x80 ./mbed/c0f6e94411f5/TARGET_SAMD21J18A/TOOLCHAIN_GCC_ARM/libmbed.a(gpio_api.o)
                0x00000000000010e8                gpio_init
 .text.gpio_mode
                0x0000000000001168       0x50 ./mbed/c0f6e94411f5/TARGET_SAMD21J18A/TOOLCHAIN_GCC_ARM/libmbed.a(gpio_api.o)
                0x0000000000001168                gpio_mode
 .text.gpio_dir
                0x00000000000011b8       0x50 ./mbed/c0f6e94411f5/TARGET_SAMD21J18A/TOOLCHAIN_GCC_ARM/libmbed.a(gpio_api.o)
                0x00000000000011b8                gpio_dir
 .text.pinmap_find_peripheral_from_pad.part.0
                0x0000000000001208       0x28 ./mbed/c0f6e94411f5/TARGET_SAMD21J18A/TOOLCHAIN_GCC_ARM/libmbed.a(pinmap_function.o)
 .text.pinmap_merge_sercom
                0x0000000000001230       0x58 ./mbed/c0f6e94411f5/TARGET_SAMD21J18A/TOOLCHAIN_GCC_ARM/libmbed.a(pinmap_function.o)
                0x0000000000001230                pinmap_merge_sercom
 .text.pinmap_function_sercom
                0x0000000000001288       0x48 ./mbed/c0f6e94411f5/TARGET_SAMD21J18A/TOOLCHAIN_GCC_ARM/libmbed.a(pinmap_function.o)
                0x0000000000001288                pinmap_function_sercom
 .text.pinmap_pad_sercom
                0x00000000000012d0       0x44 ./mbed/c0f6e94411f5/TARGET_SAMD21J18A/TOOLCHAIN_GCC_ARM/libmbed.a(pinmap_function.o)
                0x00000000000012d0                pinmap_pad_sercom
 .text.pinmap_peripheral_sercom
                0x0000000000001314       0x2c ./mbed/c0f6e94411f5/TARGET_SAMD21J18A/TOOLCHAIN_GCC_ARM/libmbed.a(pinmap_function.o)
                0x0000000000001314                pinmap_peripheral_sercom
 .text.us_ticker_irq_handler_internal
                0x0000000000001340       0x14 ./mbed/c0f6e94411f5/TARGET_SAMD21J18A/TOOLCHAIN_GCC_ARM/libmbed.a(us_ticker.o)
                0x0000000000001340                us_ticker_irq_handler_internal
 .text.us_ticker_init.part.5
                0x0000000000001354       0xfc ./mbed/c0f6e94411f5/TARGET_SAMD21J18A/TOOLCHAIN_GCC_ARM/libmbed.a(us_ticker.o)
 .text.us_ticker_init
                0x0000000000001450       0x14 ./mbed/c0f6e94411f5/TARGET_SAMD21J18A/TOOLCHAIN_GCC_ARM/libmbed.a(us_ticker.o)
                0x0000000000001450                us_ticker_init
 .text.us_ticker_read
                0x0000000000001464       0x20 ./mbed/c0f6e94411f5/TARGET_SAMD21J18A/TOOLCHAIN_GCC_ARM/libmbed.a(us_ticker.o)
                0x0000000000001464                us_ticker_read
 .text.us_ticker_set_interrupt
                0x0000000000001484       0x68 ./mbed/c0f6e94411f5/TARGET_SAMD21J18A/TOOLCHAIN_GCC_ARM/libmbed.a(us_ticker.o)
                0x0000000000001484                us_ticker_set_interrupt
 .text.us_ticker_disable_interrupt
                0x00000000000014ec       0x24 ./mbed/c0f6e94411f5/TARGET_SAMD21J18A/TOOLCHAIN_GCC_ARM/libmbed.a(us_ticker.o)
                0x00000000000014ec                us_ticker_disable_interrupt
 .text.us_ticker_clear_interrupt
                0x0000000000001510       0x20 ./mbed/c0f6e94411f5/TARGET_SAMD21J18A/TOOLCHAIN_GCC_ARM/libmbed.a(us_ticker.o)
                0x0000000000001510                us_ticker_clear_interrupt
 .text.cpu_irq_enter_critical
                0x0000000000001530       0x3c ./mbed/c0f6e94411f5/TARGET_SAMD21J18A/TOOLCHAIN_GCC_ARM/libmbed.a(interrupt_sam_nvic.o)
                0x0000000000001530                cpu_irq_enter_critical
 .text.cpu_irq_leave_critical
                0x000000000000156c       0x30 ./mbed/c0f6e94411f5/TARGET_SAMD21J18A/TOOLCHAIN_GCC_ARM/libmbed.a(interrupt_sam_nvic.o)
                0x000000000000156c                cpu_irq_leave_critical
 .text.us_ticker_irq_handler
                0x000000000000159c       0x10 ./mbed/c0f6e94411f5/TARGET_SAMD21J18A/TOOLCHAIN_GCC_ARM/libmbed.a(us_ticker_api.o)
                0x000000000000159c                us_ticker_irq_handler
 .text.port_pin_set_config
                0x00000000000015ac       0x20 ./mbed/c0f6e94411f5/TARGET_SAMD21J18A/TOOLCHAIN_GCC_ARM/libmbed.a(port.o)
                0x00000000000015ac                port_pin_set_config
 .text._tc_get_inst_index
                0x00000000000015cc       0x30 ./mbed/c0f6e94411f5/TARGET_SAMD21J18A/TOOLCHAIN_GCC_ARM/libmbed.a(tc.o)
                0x00000000000015cc                _tc_get_inst_index
 .text.tc_init  0x00000000000015fc      0x290 ./mbed/c0f6e94411f5/TARGET_SAMD21J18A/TOOLCHAIN_GCC_ARM/libmbed.a(tc.o)
                0x00000000000015fc                tc_init
 .text.tc_get_count_value
                0x000000000000188c       0x2c ./mbed/c0f6e94411f5/TARGET_SAMD21J18A/TOOLCHAIN_GCC_ARM/libmbed.a(tc.o)
                0x000000000000188c                tc_get_count_value
 .text.tc_set_compare_value
                0x00000000000018b8       0x50 ./mbed/c0f6e94411f5/TARGET_SAMD21J18A/TOOLCHAIN_GCC_ARM/libmbed.a(tc.o)
                0x00000000000018b8                tc_set_compare_value
 .text.tc_register_callback
                0x0000000000001908       0x34 ./mbed/c0f6e94411f5/TARGET_SAMD21J18A/TOOLCHAIN_GCC_ARM/libmbed.a(tc_interrupt.o)
                0x0000000000001908                tc_register_callback
 .text._tc_interrupt_handler
                0x000000000000193c       0x60 ./mbed/c0f6e94411f5/TARGET_SAMD21J18A/TOOLCHAIN_GCC_ARM/libmbed.a(tc_interrupt.o)
                0x000000000000193c                _tc_interrupt_handler
 .text.TC3_Handler
                0x000000000000199c        0xc ./mbed/c0f6e94411f5/TARGET_SAMD21J18A/TOOLCHAIN_GCC_ARM/libmbed.a(tc_interrupt.o)
                0x000000000000199c                TC3_Handler
 .text.TC4_Handler
                0x00000000000019a8        0xc ./mbed/c0f6e94411f5/TARGET_SAMD21J18A/TOOLCHAIN_GCC_ARM/libmbed.a(tc_interrupt.o)
                0x00000000000019a8                TC4_Handler
 .text.TC5_Handler
                0x00000000000019b4        0xc ./mbed/c0f6e94411f5/TARGET_SAMD21J18A/TOOLCHAIN_GCC_ARM/libmbed.a(tc_interrupt.o)
                0x00000000000019b4                TC5_Handler
 .text.TC6_Handler
                0x00000000000019c0        0xc ./mbed/c0f6e94411f5/TARGET_SAMD21J18A/TOOLCHAIN_GCC_ARM/libmbed.a(tc_interrupt.o)
                0x00000000000019c0                TC6_Handler
 .text.TC7_Handler
                0x00000000000019cc        0xc ./mbed/c0f6e94411f5/TARGET_SAMD21J18A/TOOLCHAIN_GCC_ARM/libmbed.a(tc_interrupt.o)
                0x00000000000019cc                TC7_Handler
 .text.ticker_irq_handler
                0x00000000000019d8       0x4c ./mbed/c0f6e94411f5/TARGET_SAMD21J18A/TOOLCHAIN_GCC_ARM/libmbed.a(ticker_api.o)
                0x00000000000019d8                ticker_irq_handler
 .text.atexit   0x0000000000001a24       0x10 /usr/lib/gcc/arm-none-eabi/4.9.3/../../../arm-none-eabi/lib/armv6-m/libc.a(lib_a-atexit.o)
                0x0000000000001a24                atexit
 .text.__errno  0x0000000000001a34        0xc /usr/lib/gcc/arm-none-eabi/4.9.3/../../../arm-none-eabi/lib/armv6-m/libc.a(lib_a-errno.o)
                0x0000000000001a34                __errno
 .text.exit     0x0000000000001a40       0x20 /usr/lib/gcc/arm-none-eabi/4.9.3/../../../arm-none-eabi/lib/armv6-m/libc.a(lib_a-exit.o)
                0x0000000000001a40                exit
 .text._cleanup_r
                0x0000000000001a60       0x10 /usr/lib/gcc/arm-none-eabi/4.9.3/../../../arm-none-eabi/lib/armv6-m/libc.a(lib_a-findfp.o)
                0x0000000000001a60                _cleanup_r
 .text.__sinit.part.1
                0x0000000000001a70       0xf0 /usr/lib/gcc/arm-none-eabi/4.9.3/../../../arm-none-eabi/lib/armv6-m/libc.a(lib_a-findfp.o)
 .text.__sinit  0x0000000000001b60       0x10 /usr/lib/gcc/arm-none-eabi/4.9.3/../../../arm-none-eabi/lib/armv6-m/libc.a(lib_a-findfp.o)
                0x0000000000001b60                __sinit
 .text.__sfp_lock_acquire
                0x0000000000001b70        0x4 /usr/lib/gcc/arm-none-eabi/4.9.3/../../../arm-none-eabi/lib/armv6-m/libc.a(lib_a-findfp.o)
                0x0000000000001b70                __sfp_lock_acquire
 .text.__sfp_lock_release
                0x0000000000001b74        0x4 /usr/lib/gcc/arm-none-eabi/4.9.3/../../../arm-none-eabi/lib/armv6-m/libc.a(lib_a-findfp.o)
                0x0000000000001b74                __sfp_lock_release
 .text.__libc_fini_array
                0x0000000000001b78       0x34 /usr/lib/gcc/arm-none-eabi/4.9.3/../../../arm-none-eabi/lib/armv6-m/libc.a(lib_a-fini.o)
                0x0000000000001b78                __libc_fini_array
 .text._fwalk_reent
                0x0000000000001bac       0x50 /usr/lib/gcc/arm-none-eabi/4.9.3/../../../arm-none-eabi/lib/armv6-m/libc.a(lib_a-fwalk.o)
                0x0000000000001bac                _fwalk_reent
 .text.__libc_init_array
                0x0000000000001bfc       0x48 /usr/lib/gcc/arm-none-eabi/4.9.3/../../../arm-none-eabi/lib/armv6-m/libc.a(lib_a-init.o)
                0x0000000000001bfc                __libc_init_array
 .text.malloc   0x0000000000001c44       0x14 /usr/lib/gcc/arm-none-eabi/4.9.3/../../../arm-none-eabi/lib/armv6-m/libc.a(lib_a-malloc.o)
                0x0000000000001c44                malloc
 .text.free     0x0000000000001c58       0x14 /usr/lib/gcc/arm-none-eabi/4.9.3/../../../arm-none-eabi/lib/armv6-m/libc.a(lib_a-malloc.o)
                0x0000000000001c58                free
 .text._malloc_r
                0x0000000000001c6c      0x53c /usr/lib/gcc/arm-none-eabi/4.9.3/../../../arm-none-eabi/lib/armv6-m/libc.a(lib_a-mallocr.o)
                0x0000000000001c6c                _malloc_r
 .text.memchr   0x00000000000021a8       0x84 /usr/lib/gcc/arm-none-eabi/4.9.3/../../../arm-none-eabi/lib/armv6-m/libc.a(lib_a-memchr.o)
                0x00000000000021a8                memchr
 .text.memcpy   0x000000000000222c       0x7c /usr/lib/gcc/arm-none-eabi/4.9.3/../../../arm-none-eabi/lib/armv6-m/libc.a(lib_a-memcpy.o)
                0x000000000000222c                memcpy
 .text.memset   0x00000000000022a8       0x8c /usr/lib/gcc/arm-none-eabi/4.9.3/../../../arm-none-eabi/lib/armv6-m/libc.a(lib_a-memset.o)
                0x00000000000022a8                memset
 .text.__malloc_lock
                0x0000000000002334        0x4 /usr/lib/gcc/arm-none-eabi/4.9.3/../../../arm-none-eabi/lib/armv6-m/libc.a(lib_a-mlock.o)
                0x0000000000002334                __malloc_lock
 .text.__malloc_unlock
                0x0000000000002338        0x4 /usr/lib/gcc/arm-none-eabi/4.9.3/../../../arm-none-eabi/lib/armv6-m/libc.a(lib_a-mlock.o)
                0x0000000000002338                __malloc_unlock
 .text.printf   0x000000000000233c       0x24 /usr/lib/gcc/arm-none-eabi/4.9.3/../../../arm-none-eabi/lib/armv6-m/libc.a(lib_a-printf.o)
                0x000000000000233c                printf
 .text._sbrk_r  0x0000000000002360       0x24 /usr/lib/gcc/arm-none-eabi/4.9.3/../../../arm-none-eabi/lib/armv6-m/libc.a(lib_a-sbrkr.o)
                0x0000000000002360                _sbrk_r
 .text.__sread  0x0000000000002384       0x28 /usr/lib/gcc/arm-none-eabi/4.9.3/../../../arm-none-eabi/lib/armv6-m/libc.a(lib_a-stdio.o)
                0x0000000000002384                __sread
 .text.__swrite
                0x00000000000023ac       0x38 /usr/lib/gcc/arm-none-eabi/4.9.3/../../../arm-none-eabi/lib/armv6-m/libc.a(lib_a-stdio.o)
                0x00000000000023ac                __swrite
 .text.__sseek  0x00000000000023e4       0x2c /usr/lib/gcc/arm-none-eabi/4.9.3/../../../arm-none-eabi/lib/armv6-m/libc.a(lib_a-stdio.o)
                0x00000000000023e4                __sseek
 .text.__sclose
                0x0000000000002410        0xc /usr/lib/gcc/arm-none-eabi/4.9.3/../../../arm-none-eabi/lib/armv6-m/libc.a(lib_a-stdio.o)
                0x0000000000002410                __sclose
 .text.strlen   0x000000000000241c       0x68 /usr/lib/gcc/arm-none-eabi/4.9.3/../../../arm-none-eabi/lib/armv6-m/libc.a(lib_a-strlen.o)
                0x000000000000241c                strlen
 .text._vfprintf_r
                0x0000000000002484     0x14bc /usr/lib/gcc/arm-none-eabi/4.9.3/../../../arm-none-eabi/lib/armv6-m/libc.a(lib_a-vfprintf.o)
                0x0000000000002484                _vfprintf_r
 .text.__sbprintf
                0x0000000000003940       0x74 /usr/lib/gcc/arm-none-eabi/4.9.3/../../../arm-none-eabi/lib/armv6-m/libc.a(lib_a-vfprintf.o)
 .text._write_r
                0x00000000000039b4       0x28 /usr/lib/gcc/arm-none-eabi/4.9.3/../../../arm-none-eabi/lib/armv6-m/libc.a(lib_a-writer.o)
                0x00000000000039b4                _write_r
 .text.__swsetup_r
                0x00000000000039dc       0xd0 /usr/lib/gcc/arm-none-eabi/4.9.3/../../../arm-none-eabi/lib/armv6-m/libc.a(lib_a-wsetup.o)
                0x00000000000039dc                __swsetup_r
 .text.__register_exitproc
                0x0000000000003aac       0xd4 /usr/lib/gcc/arm-none-eabi/4.9.3/../../../arm-none-eabi/lib/armv6-m/libc.a(lib_a-__atexit.o)
                0x0000000000003aac                __register_exitproc
 .text.startup.register_fini
                0x0000000000003b80       0x18 /usr/lib/gcc/arm-none-eabi/4.9.3/../../../arm-none-eabi/lib/armv6-m/libc.a(lib_a-__call_atexit.o)
 .text.__call_exitprocs
                0x0000000000003b98      0x108 /usr/lib/gcc/arm-none-eabi/4.9.3/../../../arm-none-eabi/lib/armv6-m/libc.a(lib_a-__call_atexit.o)
                0x0000000000003b98                __call_exitprocs
 .text._close_r
                0x0000000000003ca0       0x24 /usr/lib/gcc/arm-none-eabi/4.9.3/../../../arm-none-eabi/lib/armv6-m/libc.a(lib_a-closer.o)
                0x0000000000003ca0                _close_r
 .text.quorem   0x0000000000003cc4      0x158 /usr/lib/gcc/arm-none-eabi/4.9.3/../../../arm-none-eabi/lib/armv6-m/libc.a(lib_a-dtoa.o)
 .text._dtoa_r  0x0000000000003e1c      0xfb4 /usr/lib/gcc/arm-none-eabi/4.9.3/../../../arm-none-eabi/lib/armv6-m/libc.a(lib_a-dtoa.o)
                0x0000000000003e1c                _dtoa_r
 .text._fclose_r
                0x0000000000004dd0       0x8c /usr/lib/gcc/arm-none-eabi/4.9.3/../../../arm-none-eabi/lib/armv6-m/libc.a(lib_a-fclose.o)
                0x0000000000004dd0                _fclose_r
 .text.__sflush_r
                0x0000000000004e5c      0x158 /usr/lib/gcc/arm-none-eabi/4.9.3/../../../arm-none-eabi/lib/armv6-m/libc.a(lib_a-fflush.o)
                0x0000000000004e5c                __sflush_r
 .text._fflush_r
                0x0000000000004fb4       0x2c /usr/lib/gcc/arm-none-eabi/4.9.3/../../../arm-none-eabi/lib/armv6-m/libc.a(lib_a-fflush.o)
                0x0000000000004fb4                _fflush_r
 .text._malloc_trim_r
                0x0000000000004fe0       0xa0 /usr/lib/gcc/arm-none-eabi/4.9.3/../../../arm-none-eabi/lib/armv6-m/libc.a(lib_a-freer.o)
                0x0000000000004fe0                _malloc_trim_r
 .text._free_r  0x0000000000005080      0x1b0 /usr/lib/gcc/arm-none-eabi/4.9.3/../../../arm-none-eabi/lib/armv6-m/libc.a(lib_a-freer.o)
                0x0000000000005080                _free_r
 .text.__locale_charset
                0x0000000000005230        0x8 /usr/lib/gcc/arm-none-eabi/4.9.3/../../../arm-none-eabi/lib/armv6-m/libc.a(lib_a-locale.o)
                0x0000000000005230                __locale_charset
 .text.__locale_mb_cur_max
                0x0000000000005238        0xc /usr/lib/gcc/arm-none-eabi/4.9.3/../../../arm-none-eabi/lib/armv6-m/libc.a(lib_a-locale.o)
                0x0000000000005238                __locale_mb_cur_max
 .text._localeconv_r
                0x0000000000005244        0x8 /usr/lib/gcc/arm-none-eabi/4.9.3/../../../arm-none-eabi/lib/armv6-m/libc.a(lib_a-locale.o)
                0x0000000000005244                _localeconv_r
 .text._lseek_r
                0x000000000000524c       0x28 /usr/lib/gcc/arm-none-eabi/4.9.3/../../../arm-none-eabi/lib/armv6-m/libc.a(lib_a-lseekr.o)
                0x000000000000524c                _lseek_r
 .text.__smakebuf_r
                0x0000000000005274       0xfc /usr/lib/gcc/arm-none-eabi/4.9.3/../../../arm-none-eabi/lib/armv6-m/libc.a(lib_a-makebuf.o)
                0x0000000000005274                __smakebuf_r
 .text._Balloc  0x0000000000005370       0x50 /usr/lib/gcc/arm-none-eabi/4.9.3/../../../arm-none-eabi/lib/armv6-m/libc.a(lib_a-mprec.o)
                0x0000000000005370                _Balloc
 .text._Bfree   0x00000000000053c0       0x14 /usr/lib/gcc/arm-none-eabi/4.9.3/../../../arm-none-eabi/lib/armv6-m/libc.a(lib_a-mprec.o)
                0x00000000000053c0                _Bfree
 .text.__multadd
                0x00000000000053d4       0x8c /usr/lib/gcc/arm-none-eabi/4.9.3/../../../arm-none-eabi/lib/armv6-m/libc.a(lib_a-mprec.o)
                0x00000000000053d4                __multadd
 .text.__hi0bits
                0x0000000000005460       0x3c /usr/lib/gcc/arm-none-eabi/4.9.3/../../../arm-none-eabi/lib/armv6-m/libc.a(lib_a-mprec.o)
                0x0000000000005460                __hi0bits
 .text.__lo0bits
                0x000000000000549c       0x5c /usr/lib/gcc/arm-none-eabi/4.9.3/../../../arm-none-eabi/lib/armv6-m/libc.a(lib_a-mprec.o)
                0x000000000000549c                __lo0bits
 .text.__i2b    0x00000000000054f8       0x14 /usr/lib/gcc/arm-none-eabi/4.9.3/../../../arm-none-eabi/lib/armv6-m/libc.a(lib_a-mprec.o)
                0x00000000000054f8                __i2b
 .text.__multiply
                0x000000000000550c      0x15c /usr/lib/gcc/arm-none-eabi/4.9.3/../../../arm-none-eabi/lib/armv6-m/libc.a(lib_a-mprec.o)
                0x000000000000550c                __multiply
 .text.__pow5mult
                0x0000000000005668       0xbc /usr/lib/gcc/arm-none-eabi/4.9.3/../../../arm-none-eabi/lib/armv6-m/libc.a(lib_a-mprec.o)
                0x0000000000005668                __pow5mult
 .text.__lshift
                0x0000000000005724       0xcc /usr/lib/gcc/arm-none-eabi/4.9.3/../../../arm-none-eabi/lib/armv6-m/libc.a(lib_a-mprec.o)
                0x0000000000005724                __lshift
 .text.__mcmp   0x00000000000057f0       0x38 /usr/lib/gcc/arm-none-eabi/4.9.3/../../../arm-none-eabi/lib/armv6-m/libc.a(lib_a-mprec.o)
                0x00000000000057f0                __mcmp
 .text.__mdiff  0x0000000000005828       0xec /usr/lib/gcc/arm-none-eabi/4.9.3/../../../arm-none-eabi/lib/armv6-m/libc.a(lib_a-mprec.o)
                0x0000000000005828                __mdiff
 .text.__d2b    0x0000000000005914       0xbc /usr/lib/gcc/arm-none-eabi/4.9.3/../../../arm-none-eabi/lib/armv6-m/libc.a(lib_a-mprec.o)
                0x0000000000005914                __d2b
 .text._read_r  0x00000000000059d0       0x28 /usr/lib/gcc/arm-none-eabi/4.9.3/../../../arm-none-eabi/lib/armv6-m/libc.a(lib_a-readr.o)
                0x00000000000059d0                _read_r
 .text.__fpclassifyd
                0x00000000000059f8       0x5c /usr/lib/gcc/arm-none-eabi/4.9.3/../../../arm-none-eabi/lib/armv6-m/libc.a(lib_a-s_fpclassify.o)
                0x00000000000059f8                __fpclassifyd
 .text.__sprint_r.part.0
                0x0000000000005a54       0x7c /usr/lib/gcc/arm-none-eabi/4.9.3/../../../arm-none-eabi/lib/armv6-m/libc.a(lib_a-vfiprintf.o)
 .text.__sprint_r
                0x0000000000005ad0       0x14 /usr/lib/gcc/arm-none-eabi/4.9.3/../../../arm-none-eabi/lib/armv6-m/libc.a(lib_a-vfiprintf.o)
                0x0000000000005ad0                __sprint_r
 .text._calloc_r
                0x0000000000005ae4       0x60 /usr/lib/gcc/arm-none-eabi/4.9.3/../../../arm-none-eabi/lib/armv6-m/libc.a(lib_a-callocr.o)
                0x0000000000005ae4                _calloc_r
 .text.__fputwc
                0x0000000000005b44       0xb4 /usr/lib/gcc/arm-none-eabi/4.9.3/../../../arm-none-eabi/lib/armv6-m/libc.a(lib_a-fputwc.o)
                0x0000000000005b44                __fputwc
 .text._fputwc_r
                0x0000000000005bf8       0x1c /usr/lib/gcc/arm-none-eabi/4.9.3/../../../arm-none-eabi/lib/armv6-m/libc.a(lib_a-fputwc.o)
                0x0000000000005bf8                _fputwc_r
 .text._fstat_r
                0x0000000000005c14       0x28 /usr/lib/gcc/arm-none-eabi/4.9.3/../../../arm-none-eabi/lib/armv6-m/libc.a(lib_a-fstatr.o)
                0x0000000000005c14                _fstat_r
 .text.__sfvwrite_r
                0x0000000000005c3c      0x318 /usr/lib/gcc/arm-none-eabi/4.9.3/../../../arm-none-eabi/lib/armv6-m/libc.a(lib_a-fvwrite.o)
                0x0000000000005c3c                __sfvwrite_r
 .text._isatty_r
                0x0000000000005f54       0x24 /usr/lib/gcc/arm-none-eabi/4.9.3/../../../arm-none-eabi/lib/armv6-m/libc.a(lib_a-isattyr.o)
                0x0000000000005f54                _isatty_r
 .text.memmove  0x0000000000005f78       0x98 /usr/lib/gcc/arm-none-eabi/4.9.3/../../../arm-none-eabi/lib/armv6-m/libc.a(lib_a-memmove.o)
                0x0000000000005f78                memmove
 .text._realloc_r
                0x0000000000006010      0x3d0 /usr/lib/gcc/arm-none-eabi/4.9.3/../../../arm-none-eabi/lib/armv6-m/libc.a(lib_a-reallocr.o)
                0x0000000000006010                _realloc_r
 .text.__swbuf_r
                0x00000000000063e0       0xb8 /usr/lib/gcc/arm-none-eabi/4.9.3/../../../arm-none-eabi/lib/armv6-m/libc.a(lib_a-wbuf.o)
                0x00000000000063e0                __swbuf_r
 .text._wcrtomb_r
                0x0000000000006498       0x58 /usr/lib/gcc/arm-none-eabi/4.9.3/../../../arm-none-eabi/lib/armv6-m/libc.a(lib_a-wcrtomb.o)
                0x0000000000006498                _wcrtomb_r
 .text.__ascii_wctomb
                0x00000000000064f0       0x1c /usr/lib/gcc/arm-none-eabi/4.9.3/../../../arm-none-eabi/lib/armv6-m/libc.a(lib_a-wctomb_r.o)
                0x00000000000064f0                __ascii_wctomb
 .text          0x000000000000650c      0x120 /usr/lib/gcc/arm-none-eabi/4.9.3/armv6-m/libgcc.a(_udivsi3.o)
                0x000000000000650c                __udivsi3
                0x000000000000650c                __aeabi_uidiv
                0x0000000000006618                __aeabi_uidivmod
 .text          0x000000000000662c      0x1e0 /usr/lib/gcc/arm-none-eabi/4.9.3/armv6-m/libgcc.a(_divsi3.o)
                0x000000000000662c                __aeabi_idiv
                0x000000000000662c                __divsi3
                0x00000000000067f8                __aeabi_idivmod
 .text          0x000000000000680c        0x4 /usr/lib/gcc/arm-none-eabi/4.9.3/armv6-m/libgcc.a(_dvmd_tls.o)
                0x000000000000680c                __aeabi_ldiv0
                0x000000000000680c                __aeabi_idiv0
 .text          0x0000000000006810       0x7c /usr/lib/gcc/arm-none-eabi/4.9.3/armv6-m/libgcc.a(_arm_cmpdf2.o)
                0x0000000000006810                __aeabi_cdrcmple
                0x0000000000006820                __aeabi_cdcmple
                0x0000000000006820                __aeabi_cdcmpeq
                0x0000000000006830                __aeabi_dcmpeq
                0x000000000000683c                __aeabi_dcmplt
                0x0000000000006850                __aeabi_dcmple
                0x0000000000006864                __aeabi_dcmpgt
                0x0000000000006878                __aeabi_dcmpge
 .text          0x000000000000688c       0x40 /usr/lib/gcc/arm-none-eabi/4.9.3/armv6-m/libgcc.a(_aeabi_uldivmod.o)
                0x000000000000688c                __aeabi_uldivmod
 .text          0x00000000000068cc       0x54 /usr/lib/gcc/arm-none-eabi/4.9.3/armv6-m/libgcc.a(_muldi3.o)
                0x00000000000068cc                __aeabi_lmul
                0x00000000000068cc                __muldi3
 .text          0x0000000000006920       0x6c /usr/lib/gcc/arm-none-eabi/4.9.3/armv6-m/libgcc.a(bpabi.o)
                0x0000000000006920                __gnu_ldivmod_helper
                0x0000000000006958                __gnu_uldivmod_helper
 .text          0x000000000000698c      0x264 /usr/lib/gcc/arm-none-eabi/4.9.3/armv6-m/libgcc.a(mulsf3.o)
                0x000000000000698c                __aeabi_fmul
 .text          0x0000000000006bf0       0x40 /usr/lib/gcc/arm-none-eabi/4.9.3/armv6-m/libgcc.a(fixsfsi.o)
                0x0000000000006bf0                __aeabi_f2iz
 .text          0x0000000000006c30      0x650 /usr/lib/gcc/arm-none-eabi/4.9.3/armv6-m/libgcc.a(adddf3.o)
                0x0000000000006c30                __aeabi_dadd
 .text          0x0000000000007280      0x648 /usr/lib/gcc/arm-none-eabi/4.9.3/armv6-m/libgcc.a(divdf3.o)
                0x0000000000007280                __aeabi_ddiv
 .text          0x00000000000078c8       0x88 /usr/lib/gcc/arm-none-eabi/4.9.3/armv6-m/libgcc.a(eqdf2.o)
                0x00000000000078c8                __eqdf2
                0x00000000000078c8                __nedf2
 .text          0x0000000000007950       0xe0 /usr/lib/gcc/arm-none-eabi/4.9.3/armv6-m/libgcc.a(gedf2.o)
                0x0000000000007950                __gtdf2
                0x0000000000007950                __gedf2
 .text          0x0000000000007a30       0xcc /usr/lib/gcc/arm-none-eabi/4.9.3/armv6-m/libgcc.a(ledf2.o)
                0x0000000000007a30                __ltdf2
                0x0000000000007a30                __ledf2
 .text          0x0000000000007afc      0x534 /usr/lib/gcc/arm-none-eabi/4.9.3/armv6-m/libgcc.a(muldf3.o)
                0x0000000000007afc                __aeabi_dmul
 .text          0x0000000000008030      0x6f4 /usr/lib/gcc/arm-none-eabi/4.9.3/armv6-m/libgcc.a(subdf3.o)
                0x0000000000008030                __aeabi_dsub
 .text          0x0000000000008724       0x6c /usr/lib/gcc/arm-none-eabi/4.9.3/armv6-m/libgcc.a(fixdfsi.o)
                0x0000000000008724                __aeabi_d2iz
 .text          0x0000000000008790       0x78 /usr/lib/gcc/arm-none-eabi/4.9.3/armv6-m/libgcc.a(floatsidf.o)
                0x0000000000008790                __aeabi_i2d
 .text          0x0000000000008808       0x64 /usr/lib/gcc/arm-none-eabi/4.9.3/armv6-m/libgcc.a(floatunsidf.o)
                0x0000000000008808                __aeabi_ui2d
 .text          0x000000000000886c       0x3c /usr/lib/gcc/arm-none-eabi/4.9.3/armv6-m/libgcc.a(_clzsi2.o)
                0x000000000000886c                __clzsi2
 .text          0x00000000000088a8      0x1f0 /usr/lib/gcc/arm-none-eabi/4.9.3/armv6-m/libgcc.a(_divdi3.o)
                0x00000000000088a8                __divdi3
 .text          0x0000000000008a98      0x158 /usr/lib/gcc/arm-none-eabi/4.9.3/armv6-m/libgcc.a(_udivdi3.o)
                0x0000000000008a98                __udivdi3
 .text          0x0000000000008bf0       0x18 /usr/lib/gcc/arm-none-eabi/4.9.3/armv6-m/libgcc.a(_clzdi2.o)
                0x0000000000008bf0                __clzdi2
 *(.glue_7t)
 .glue_7t       0x0000000000008c08        0x0 linker stubs
 *(.glue_7)
 .glue_7        0x0000000000008c08        0x0 linker stubs
 *(.rodata .rodata* .gnu.linkonce.r.*)
 .rodata.str1.1
                0x0000000000008c08       0x79 ./BUILD/SAMD21J18A/GCC_ARM/./main.o
 *fill*         0x0000000000008c81        0x3 
 .rodata.CSWTCH.41
                0x0000000000008c84        0xc ./mbed/c0f6e94411f5/TARGET_SAMD21J18A/TOOLCHAIN_GCC_ARM/libmbed.a(serial_api.o)
 .rodata.str1.4
                0x0000000000008c90      0x29f ./mbed/c0f6e94411f5/TARGET_SAMD21J18A/TOOLCHAIN_GCC_ARM/libmbed.a(serial_api.o)
                                        0x2a3 (size before relaxing)
 *fill*         0x0000000000008f2f        0x1 
 .rodata.str1.4
                0x0000000000008f30       0x31 ./mbed/c0f6e94411f5/TARGET_SAMD21J18A/TOOLCHAIN_GCC_ARM/libmbed.a(assert.o)
 *fill*         0x0000000000008f61        0x3 
 .rodata.str1.4
                0x0000000000008f64       0x8b ./mbed/c0f6e94411f5/TARGET_SAMD21J18A/TOOLCHAIN_GCC_ARM/libmbed.a(gpio.o)
 *fill*         0x0000000000008fef        0x1 
 .rodata.str1.4
                0x0000000000008ff0       0x66 ./mbed/c0f6e94411f5/TARGET_SAMD21J18A/TOOLCHAIN_GCC_ARM/libmbed.a(pinmap_common.o)
 *fill*         0x0000000000009056        0x2 
 .rodata.PinMap_SERCOM_PADEx
                0x0000000000009058       0xe4 ./mbed/c0f6e94411f5/TARGET_SAMD21J18A/TOOLCHAIN_GCC_ARM/libmbed.a(PeripheralPins.o)
                0x0000000000009058                PinMap_SERCOM_PADEx
 .rodata.PinMap_SERCOM_PAD
                0x000000000000913c      0x21c ./mbed/c0f6e94411f5/TARGET_SAMD21J18A/TOOLCHAIN_GCC_ARM/libmbed.a(PeripheralPins.o)
                0x000000000000913c                PinMap_SERCOM_PAD
 .rodata        0x0000000000009358       0x18 ./mbed/c0f6e94411f5/TARGET_SAMD21J18A/TOOLCHAIN_GCC_ARM/libmbed.a(sercom.o)
 .rodata.system_clock_source_get_hz
                0x0000000000009370       0x24 ./mbed/c0f6e94411f5/TARGET_SAMD21J18A/TOOLCHAIN_GCC_ARM/libmbed.a(clock.o)
 .rodata.system_clock_source_enable
                0x0000000000009394       0x24 ./mbed/c0f6e94411f5/TARGET_SAMD21J18A/TOOLCHAIN_GCC_ARM/libmbed.a(clock.o)
 .rodata.str1.4
                0x00000000000093b8       0x82 ./mbed/c0f6e94411f5/TARGET_SAMD21J18A/TOOLCHAIN_GCC_ARM/libmbed.a(gpio_api.o)
                                         0x9c (size before relaxing)
 *fill*         0x000000000000943a        0x2 
 .rodata        0x000000000000943c       0x18 ./mbed/c0f6e94411f5/TARGET_SAMD21J18A/TOOLCHAIN_GCC_ARM/libmbed.a(pinmap_function.o)
 .rodata.tc_interrupt_vectors.13214
                0x0000000000009454        0x5 ./mbed/c0f6e94411f5/TARGET_SAMD21J18A/TOOLCHAIN_GCC_ARM/libmbed.a(us_ticker.o)
 *fill*         0x0000000000009459        0x3 
 .rodata.str1.4
                0x000000000000945c       0x8b ./mbed/c0f6e94411f5/TARGET_SAMD21J18A/TOOLCHAIN_GCC_ARM/libmbed.a(us_ticker.o)
 *fill*         0x00000000000094e7        0x1 
 .rodata.us_interface
                0x00000000000094e8       0x14 ./mbed/c0f6e94411f5/TARGET_SAMD21J18A/TOOLCHAIN_GCC_ARM/libmbed.a(us_ticker_api.o)
 .rodata.us_data
                0x00000000000094fc        0x8 ./mbed/c0f6e94411f5/TARGET_SAMD21J18A/TOOLCHAIN_GCC_ARM/libmbed.a(us_ticker_api.o)
 .rodata        0x0000000000009504       0x26 ./mbed/c0f6e94411f5/TARGET_SAMD21J18A/TOOLCHAIN_GCC_ARM/libmbed.a(tc.o)
 *fill*         0x000000000000952a        0x2 
 .rodata.str1.4
                0x000000000000952c        0x2 /usr/lib/gcc/arm-none-eabi/4.9.3/../../../arm-none-eabi/lib/armv6-m/libc.a(lib_a-impure.o)
                                          0x4 (size before relaxing)
 *fill*         0x000000000000952e        0x2 
 .rodata._global_impure_ptr
                0x0000000000009530        0x4 /usr/lib/gcc/arm-none-eabi/4.9.3/../../../arm-none-eabi/lib/armv6-m/libc.a(lib_a-impure.o)
                0x0000000000009530                _global_impure_ptr
 .rodata._vfprintf_r
                0x0000000000009534      0x164 /usr/lib/gcc/arm-none-eabi/4.9.3/../../../arm-none-eabi/lib/armv6-m/libc.a(lib_a-vfprintf.o)
 .rodata.zeroes.6926
                0x0000000000009698       0x10 /usr/lib/gcc/arm-none-eabi/4.9.3/../../../arm-none-eabi/lib/armv6-m/libc.a(lib_a-vfprintf.o)
 .rodata.str1.4
                0x00000000000096a8       0x3f /usr/lib/gcc/arm-none-eabi/4.9.3/../../../arm-none-eabi/lib/armv6-m/libc.a(lib_a-vfprintf.o)
                                         0x44 (size before relaxing)
 *fill*         0x00000000000096e7        0x1 
 .rodata.blanks.6925
                0x00000000000096e8       0x10 /usr/lib/gcc/arm-none-eabi/4.9.3/../../../arm-none-eabi/lib/armv6-m/libc.a(lib_a-vfprintf.o)
 .rodata.str1.4
                0x00000000000096f8       0x10 /usr/lib/gcc/arm-none-eabi/4.9.3/../../../arm-none-eabi/lib/armv6-m/libc.a(lib_a-dtoa.o)
                                         0x14 (size before relaxing)
 .rodata.str1.4
                0x0000000000009708        0xc /usr/lib/gcc/arm-none-eabi/4.9.3/../../../arm-none-eabi/lib/armv6-m/libc.a(lib_a-locale.o)
                                         0x14 (size before relaxing)
 *fill*         0x0000000000009714        0x4 
 .rodata.__mprec_tens
                0x0000000000009718       0xc8 /usr/lib/gcc/arm-none-eabi/4.9.3/../../../arm-none-eabi/lib/armv6-m/libc.a(lib_a-mprec.o)
                0x0000000000009718                __mprec_tens
 .rodata.p05.5302
                0x00000000000097e0        0xc /usr/lib/gcc/arm-none-eabi/4.9.3/../../../arm-none-eabi/lib/armv6-m/libc.a(lib_a-mprec.o)
 *fill*         0x00000000000097ec        0x4 
 .rodata.__mprec_bigtens
                0x00000000000097f0       0x28 /usr/lib/gcc/arm-none-eabi/4.9.3/../../../arm-none-eabi/lib/armv6-m/libc.a(lib_a-mprec.o)
                0x00000000000097f0                __mprec_bigtens
 .rodata        0x0000000000009818       0x40 /usr/lib/gcc/arm-none-eabi/4.9.3/armv6-m/libgcc.a(mulsf3.o)
 .rodata        0x0000000000009858       0x40 /usr/lib/gcc/arm-none-eabi/4.9.3/armv6-m/libgcc.a(divdf3.o)
 .rodata        0x0000000000009898       0x40 /usr/lib/gcc/arm-none-eabi/4.9.3/armv6-m/libgcc.a(muldf3.o)
 *(.ARM.extab* .gnu.linkonce.armextab.*)
                0x00000000000098d8                . = ALIGN (0x4)
 *(.init)
 .init          0x00000000000098d8        0x4 /usr/lib/gcc/arm-none-eabi/4.9.3/armv6-m/crti.o
                0x00000000000098d8                _init
 .init          0x00000000000098dc        0x8 /usr/lib/gcc/arm-none-eabi/4.9.3/armv6-m/crtn.o
                0x00000000000098e4                . = ALIGN (0x4)
                0x00000000000098e4                __preinit_array_start = .
 *(.preinit_array)
                0x00000000000098e4                __preinit_array_end = .
                0x00000000000098e4                . = ALIGN (0x4)
                0x00000000000098e4                __init_array_start = .
 *(SORT(.init_array.*))
 .init_array.00000
                0x00000000000098e4        0x4 /usr/lib/gcc/arm-none-eabi/4.9.3/../../../arm-none-eabi/lib/armv6-m/libc.a(lib_a-__call_atexit.o)
 *(.init_array)
 .init_array    0x00000000000098e8        0x4 /usr/lib/gcc/arm-none-eabi/4.9.3/armv6-m/crtbegin.o
 .init_array    0x00000000000098ec        0x4 ./BUILD/SAMD21J18A/GCC_ARM/./main.o
                0x00000000000098f0                __init_array_end = .
                0x00000000000098f0                . = ALIGN (0x4)
 *crtbegin.o(.ctors)
 *(EXCLUDE_FILE(*crtend.o) .ctors)
 *(SORT(.ctors.*))
 *crtend.o(.ctors)
                0x00000000000098f0                . = ALIGN (0x4)
 *(.fini)
 .fini          0x00000000000098f0        0x4 /usr/lib/gcc/arm-none-eabi/4.9.3/armv6-m/crti.o
                0x00000000000098f0                _fini
 .fini          0x00000000000098f4        0x8 /usr/lib/gcc/arm-none-eabi/4.9.3/armv6-m/crtn.o
                0x00000000000098fc                . = ALIGN (0x4)
                0x00000000000098fc                __fini_array_start = .
 *(.fini_array)
 .fini_array    0x00000000000098fc        0x4 /usr/lib/gcc/arm-none-eabi/4.9.3/armv6-m/crtbegin.o
 *(SORT(.fini_array.*))
                0x0000000000009900                __fini_array_end = .
 *crtbegin.o(.dtors)
 *(EXCLUDE_FILE(*crtend.o) .dtors)
 *(SORT(.dtors.*))
 *crtend.o(.dtors)
                0x0000000000009900                . = ALIGN (0x4)
                0x0000000000009900                _efixed = .
                0x0000000000009900                PROVIDE (__exidx_start, .)

.vfp11_veneer   0x0000000000009900        0x0
 .vfp11_veneer  0x0000000000009900        0x0 linker stubs

.v4_bx          0x0000000000009900        0x0
 .v4_bx         0x0000000000009900        0x0 linker stubs

.iplt           0x0000000000009900        0x0
 .iplt          0x0000000000009900        0x0 /usr/lib/gcc/arm-none-eabi/4.9.3/armv6-m/crtbegin.o

.ARM.exidx      0x0000000000009900        0x8
 *(.ARM.exidx* .gnu.linkonce.armexidx.*)
 .ARM.exidx     0x0000000000009900        0x8 /usr/lib/gcc/arm-none-eabi/4.9.3/armv6-m/libgcc.a(_divdi3.o)
 .ARM.exidx     0x0000000000009908        0x0 /usr/lib/gcc/arm-none-eabi/4.9.3/armv6-m/libgcc.a(_udivdi3.o)
                                          0x8 (size before relaxing)
                0x0000000000009908                PROVIDE (__exidx_end, .)

.eh_frame       0x0000000000009908        0x0
 .eh_frame      0x0000000000009908        0x0 /usr/lib/gcc/arm-none-eabi/4.9.3/armv6-m/crtbegin.o

.rel.dyn        0x0000000000009908        0x0
 .rel.iplt      0x0000000000009908        0x0 /usr/lib/gcc/arm-none-eabi/4.9.3/armv6-m/crtbegin.o

.jcr            0x0000000000009908        0x0
 .jcr           0x0000000000009908        0x0 /usr/lib/gcc/arm-none-eabi/4.9.3/armv6-m/crtbegin.o

.tm_clone_table
                0x0000000000009908        0x0
 .tm_clone_table
                0x0000000000009908        0x0 /usr/lib/gcc/arm-none-eabi/4.9.3/armv6-m/crtbegin.o
 .tm_clone_table
                0x0000000000009908        0x0 /usr/lib/gcc/arm-none-eabi/4.9.3/armv6-m/crtend.o

.igot.plt       0x0000000000009908        0x0
 .igot.plt      0x0000000000009908        0x0 /usr/lib/gcc/arm-none-eabi/4.9.3/armv6-m/crtbegin.o
                0x0000000000009908                . = ALIGN (0x4)
                0x0000000000009908                _etext = .

.relocate       0x00000000200000b8      0x8a4 load address 0x0000000000009908
                0x00000000200000b8                . = ALIGN (0x4)
                0x00000000200000b8                _srelocate = .
 *(.ramfunc .ramfunc.*)
 *(.data .data.*)
 .data._ZZ5_sbrkE4heap
                0x00000000200000b8        0x4 ./mbed/c0f6e94411f5/TARGET_SAMD21J18A/TOOLCHAIN_GCC_ARM/retarget.o
 .data.g_interrupt_enabled
                0x00000000200000bc        0x1 ./mbed/c0f6e94411f5/TARGET_SAMD21J18A/TOOLCHAIN_GCC_ARM/libmbed.a(interrupt_sam_nvic.o)
                0x00000000200000bc                g_interrupt_enabled
 *fill*         0x00000000200000bd        0x3 
 .data.impure_data
                0x00000000200000c0      0x428 /usr/lib/gcc/arm-none-eabi/4.9.3/../../../arm-none-eabi/lib/armv6-m/libc.a(lib_a-impure.o)
 .data._impure_ptr
                0x00000000200004e8        0x4 /usr/lib/gcc/arm-none-eabi/4.9.3/../../../arm-none-eabi/lib/armv6-m/libc.a(lib_a-impure.o)
                0x00000000200004e8                _impure_ptr
 .data.__malloc_av_
                0x00000000200004ec      0x408 /usr/lib/gcc/arm-none-eabi/4.9.3/../../../arm-none-eabi/lib/armv6-m/libc.a(lib_a-mallocr.o)
                0x00000000200004ec                __malloc_av_
 .data.__malloc_trim_threshold
                0x00000000200008f4        0x4 /usr/lib/gcc/arm-none-eabi/4.9.3/../../../arm-none-eabi/lib/armv6-m/libc.a(lib_a-mallocr.o)
                0x00000000200008f4                __malloc_trim_threshold
 .data.__malloc_sbrk_base
                0x00000000200008f8        0x4 /usr/lib/gcc/arm-none-eabi/4.9.3/../../../arm-none-eabi/lib/armv6-m/libc.a(lib_a-mallocr.o)
                0x00000000200008f8                __malloc_sbrk_base
 .data.lconv    0x00000000200008fc       0x38 /usr/lib/gcc/arm-none-eabi/4.9.3/../../../arm-none-eabi/lib/armv6-m/libc.a(lib_a-locale.o)
 .data.lc_ctype_charset
                0x0000000020000934       0x20 /usr/lib/gcc/arm-none-eabi/4.9.3/../../../arm-none-eabi/lib/armv6-m/libc.a(lib_a-locale.o)
 .data.__mb_cur_max
                0x0000000020000954        0x4 /usr/lib/gcc/arm-none-eabi/4.9.3/../../../arm-none-eabi/lib/armv6-m/libc.a(lib_a-locale.o)
                0x0000000020000954                __mb_cur_max
 .data.__wctomb
                0x0000000020000958        0x4 /usr/lib/gcc/arm-none-eabi/4.9.3/../../../arm-none-eabi/lib/armv6-m/libc.a(lib_a-wctomb_r.o)
                0x0000000020000958                __wctomb
                0x000000002000095c                . = ALIGN (0x4)
                0x000000002000095c                _erelocate = .

.bss            0x000000002000095c      0x220 load address 0x000000000000a1ac
                0x000000002000095c                . = ALIGN (0x4)
                0x000000002000095c                _sbss = .
                0x000000002000095c                _szero = .
 *(.bss .bss.*)
 .bss           0x000000002000095c       0x1c /usr/lib/gcc/arm-none-eabi/4.9.3/armv6-m/crtbegin.o
 .bss._ZL11filehandles
                0x0000000020000978      0x100 ./mbed/c0f6e94411f5/TARGET_SAMD21J18A/TOOLCHAIN_GCC_ARM/retarget.o
 .bss.g_sys_init
                0x0000000020000a78        0x1 ./mbed/c0f6e94411f5/TARGET_SAMD21J18A/TOOLCHAIN_GCC_ARM/mbed_overrides.o
                0x0000000020000a78                g_sys_init
 *fill*         0x0000000020000a79        0x3 
 .bss.myled     0x0000000020000a7c       0x1c ./BUILD/SAMD21J18A/GCC_ARM/./main.o
                0x0000000020000a7c                myled
 .bss.stdio_uart_inited
                0x0000000020000a98        0x4 ./mbed/c0f6e94411f5/TARGET_SAMD21J18A/TOOLCHAIN_GCC_ARM/libmbed.a(serial_api.o)
                0x0000000020000a98                stdio_uart_inited
 .bss._sercom_config
                0x0000000020000a9c        0x2 ./mbed/c0f6e94411f5/TARGET_SAMD21J18A/TOOLCHAIN_GCC_ARM/libmbed.a(sercom.o)
 *fill*         0x0000000020000a9e        0x2 
 .bss._system_clock_inst
                0x0000000020000aa0       0x18 ./mbed/c0f6e94411f5/TARGET_SAMD21J18A/TOOLCHAIN_GCC_ARM/libmbed.a(clock.o)
 .bss.us_ticker_inited
                0x0000000020000ab8        0x4 ./mbed/c0f6e94411f5/TARGET_SAMD21J18A/TOOLCHAIN_GCC_ARM/libmbed.a(us_ticker.o)
 .bss.cpu_irq_critical_section_counter
                0x0000000020000abc        0x4 ./mbed/c0f6e94411f5/TARGET_SAMD21J18A/TOOLCHAIN_GCC_ARM/libmbed.a(interrupt_sam_nvic.o)
 .bss.cpu_irq_prev_interrupt_state
                0x0000000020000ac0        0x1 ./mbed/c0f6e94411f5/TARGET_SAMD21J18A/TOOLCHAIN_GCC_ARM/libmbed.a(interrupt_sam_nvic.o)
 *fill*         0x0000000020000ac1        0x3 
 .bss.events    0x0000000020000ac4        0x8 ./mbed/c0f6e94411f5/TARGET_SAMD21J18A/TOOLCHAIN_GCC_ARM/libmbed.a(us_ticker_api.o)
 .bss.__malloc_max_total_mem
                0x0000000020000acc        0x4 /usr/lib/gcc/arm-none-eabi/4.9.3/../../../arm-none-eabi/lib/armv6-m/libc.a(lib_a-mallocr.o)
                0x0000000020000acc                __malloc_max_total_mem
 .bss.__malloc_max_sbrked_mem
                0x0000000020000ad0        0x4 /usr/lib/gcc/arm-none-eabi/4.9.3/../../../arm-none-eabi/lib/armv6-m/libc.a(lib_a-mallocr.o)
                0x0000000020000ad0                __malloc_max_sbrked_mem
 .bss.__malloc_top_pad
                0x0000000020000ad4        0x4 /usr/lib/gcc/arm-none-eabi/4.9.3/../../../arm-none-eabi/lib/armv6-m/libc.a(lib_a-mallocr.o)
                0x0000000020000ad4                __malloc_top_pad
 .bss.__malloc_current_mallinfo
                0x0000000020000ad8       0x28 /usr/lib/gcc/arm-none-eabi/4.9.3/../../../arm-none-eabi/lib/armv6-m/libc.a(lib_a-mallocr.o)
                0x0000000020000ad8                __malloc_current_mallinfo
 *(COMMON)
 COMMON         0x0000000020000b00       0x48 ./mbed/c0f6e94411f5/TARGET_SAMD21J18A/TOOLCHAIN_GCC_ARM/libmbed.a(serial_api.o)
                0x0000000020000b00                stdio_uart
 COMMON         0x0000000020000b48       0x1c ./mbed/c0f6e94411f5/TARGET_SAMD21J18A/TOOLCHAIN_GCC_ARM/libmbed.a(us_ticker.o)
                0x0000000020000b48                us_ticker_module
 COMMON         0x0000000020000b64       0x14 ./mbed/c0f6e94411f5/TARGET_SAMD21J18A/TOOLCHAIN_GCC_ARM/libmbed.a(tc_interrupt.o)
                0x0000000020000b64                _tc_instances
 COMMON         0x0000000020000b78        0x4 /usr/lib/gcc/arm-none-eabi/4.9.3/../../../arm-none-eabi/lib/armv6-m/libc.a(lib_a-reent.o)
                0x0000000020000b78                errno
                0x0000000020000b7c                . = ALIGN (0x4)
                0x0000000020000b7c                _ebss = .
                0x0000000020000b7c                _ezero = .

.heap           0x0000000020000b7c     0x5484 load address 0x000000000000a3cc
                0x0000000020000b7c                . = ALIGN (0x4)
                0x0000000020000b7c                __end__ = .
                0x0000000020006000                . = ((ORIGIN (ram) + LENGTH (ram)) - STACK_SIZE)
 *fill*         0x0000000020000b7c     0x5484 

.stack          0x0000000020006000     0x2000 load address 0x000000000000f850
                0x0000000020006000                . = ALIGN (0x8)
                0x0000000020006000                _sstack = .
                0x0000000020008000                . = (. + STACK_SIZE)
 *fill*         0x0000000020006000     0x2000 
                0x0000000020008000                . = ALIGN (0x8)
                0x0000000020008000                _estack = .
                0x0000000020008000                . = ALIGN (0x4)
OUTPUT(./BUILD/SAMD21J18A/GCC_ARM/led.elf elf32-littlearm)

.ARM.attributes
                0x0000000000000000       0x28
 .ARM.attributes
                0x0000000000000000       0x1e /usr/lib/gcc/arm-none-eabi/4.9.3/armv6-m/crti.o
 .ARM.attributes
                0x000000000000001e       0x2c /usr/lib/gcc/arm-none-eabi/4.9.3/armv6-m/crtbegin.o
 .ARM.attributes
                0x000000000000004a       0x32 ./mbed/c0f6e94411f5/TARGET_SAMD21J18A/TOOLCHAIN_GCC_ARM/retarget.o
 .ARM.attributes
                0x000000000000007c       0x32 ./mbed/c0f6e94411f5/TARGET_SAMD21J18A/TOOLCHAIN_GCC_ARM/startup_samd21.o
 .ARM.attributes
                0x00000000000000ae       0x32 ./mbed/c0f6e94411f5/TARGET_SAMD21J18A/TOOLCHAIN_GCC_ARM/cmsis_nvic.o
 .ARM.attributes
                0x00000000000000e0       0x32 ./mbed/c0f6e94411f5/TARGET_SAMD21J18A/TOOLCHAIN_GCC_ARM/board.o
 .ARM.attributes
                0x0000000000000112       0x32 ./mbed/c0f6e94411f5/TARGET_SAMD21J18A/TOOLCHAIN_GCC_ARM/mbed_overrides.o
 .ARM.attributes
                0x0000000000000144       0x32 ./BUILD/SAMD21J18A/GCC_ARM/./main.o
 .ARM.attributes
                0x0000000000000176       0x32 ./mbed/c0f6e94411f5/TARGET_SAMD21J18A/TOOLCHAIN_GCC_ARM/libmbed.a(system.o)
 .ARM.attributes
                0x00000000000001a8       0x32 ./mbed/c0f6e94411f5/TARGET_SAMD21J18A/TOOLCHAIN_GCC_ARM/libmbed.a(serial_api.o)
 .ARM.attributes
                0x00000000000001da       0x32 ./mbed/c0f6e94411f5/TARGET_SAMD21J18A/TOOLCHAIN_GCC_ARM/libmbed.a(assert.o)
 .ARM.attributes
                0x000000000000020c       0x32 ./mbed/c0f6e94411f5/TARGET_SAMD21J18A/TOOLCHAIN_GCC_ARM/libmbed.a(error.o)
 .ARM.attributes
                0x000000000000023e       0x32 ./mbed/c0f6e94411f5/TARGET_SAMD21J18A/TOOLCHAIN_GCC_ARM/libmbed.a(gpio.o)
 .ARM.attributes
                0x0000000000000270       0x32 ./mbed/c0f6e94411f5/TARGET_SAMD21J18A/TOOLCHAIN_GCC_ARM/libmbed.a(pinmap_common.o)
 .ARM.attributes
                0x00000000000002a2       0x32 ./mbed/c0f6e94411f5/TARGET_SAMD21J18A/TOOLCHAIN_GCC_ARM/libmbed.a(wait_api.o)
 .ARM.attributes
                0x00000000000002d4       0x32 ./mbed/c0f6e94411f5/TARGET_SAMD21J18A/TOOLCHAIN_GCC_ARM/libmbed.a(PeripheralPins.o)
 .ARM.attributes
                0x0000000000000306       0x32 ./mbed/c0f6e94411f5/TARGET_SAMD21J18A/TOOLCHAIN_GCC_ARM/libmbed.a(sercom.o)
 .ARM.attributes
                0x0000000000000338       0x32 ./mbed/c0f6e94411f5/TARGET_SAMD21J18A/TOOLCHAIN_GCC_ARM/libmbed.a(pinmux.o)
 .ARM.attributes
                0x000000000000036a       0x32 ./mbed/c0f6e94411f5/TARGET_SAMD21J18A/TOOLCHAIN_GCC_ARM/libmbed.a(gclk.o)
 .ARM.attributes
                0x000000000000039c       0x32 ./mbed/c0f6e94411f5/TARGET_SAMD21J18A/TOOLCHAIN_GCC_ARM/libmbed.a(clock.o)
 .ARM.attributes
                0x00000000000003ce       0x32 ./mbed/c0f6e94411f5/TARGET_SAMD21J18A/TOOLCHAIN_GCC_ARM/libmbed.a(gpio_api.o)
 .ARM.attributes
                0x0000000000000400       0x32 ./mbed/c0f6e94411f5/TARGET_SAMD21J18A/TOOLCHAIN_GCC_ARM/libmbed.a(pinmap_function.o)
 .ARM.attributes
                0x0000000000000432       0x32 ./mbed/c0f6e94411f5/TARGET_SAMD21J18A/TOOLCHAIN_GCC_ARM/libmbed.a(us_ticker.o)
 .ARM.attributes
                0x0000000000000464       0x32 ./mbed/c0f6e94411f5/TARGET_SAMD21J18A/TOOLCHAIN_GCC_ARM/libmbed.a(interrupt_sam_nvic.o)
 .ARM.attributes
                0x0000000000000496       0x32 ./mbed/c0f6e94411f5/TARGET_SAMD21J18A/TOOLCHAIN_GCC_ARM/libmbed.a(us_ticker_api.o)
 .ARM.attributes
                0x00000000000004c8       0x32 ./mbed/c0f6e94411f5/TARGET_SAMD21J18A/TOOLCHAIN_GCC_ARM/libmbed.a(port.o)
 .ARM.attributes
                0x00000000000004fa       0x32 ./mbed/c0f6e94411f5/TARGET_SAMD21J18A/TOOLCHAIN_GCC_ARM/libmbed.a(tc.o)
 .ARM.attributes
                0x000000000000052c       0x32 ./mbed/c0f6e94411f5/TARGET_SAMD21J18A/TOOLCHAIN_GCC_ARM/libmbed.a(tc_interrupt.o)
 .ARM.attributes
                0x000000000000055e       0x32 ./mbed/c0f6e94411f5/TARGET_SAMD21J18A/TOOLCHAIN_GCC_ARM/libmbed.a(ticker_api.o)
 .ARM.attributes
                0x0000000000000590       0x2c /usr/lib/gcc/arm-none-eabi/4.9.3/../../../arm-none-eabi/lib/armv6-m/libc.a(lib_a-atexit.o)
 .ARM.attributes
                0x00000000000005bc       0x2c /usr/lib/gcc/arm-none-eabi/4.9.3/../../../arm-none-eabi/lib/armv6-m/libc.a(lib_a-errno.o)
 .ARM.attributes
                0x00000000000005e8       0x2c /usr/lib/gcc/arm-none-eabi/4.9.3/../../../arm-none-eabi/lib/armv6-m/libc.a(lib_a-exit.o)
 .ARM.attributes
                0x0000000000000614       0x2c /usr/lib/gcc/arm-none-eabi/4.9.3/../../../arm-none-eabi/lib/armv6-m/libc.a(lib_a-findfp.o)
 .ARM.attributes
                0x0000000000000640       0x2c /usr/lib/gcc/arm-none-eabi/4.9.3/../../../arm-none-eabi/lib/armv6-m/libc.a(lib_a-fini.o)
 .ARM.attributes
                0x000000000000066c       0x2c /usr/lib/gcc/arm-none-eabi/4.9.3/../../../arm-none-eabi/lib/armv6-m/libc.a(lib_a-fwalk.o)
 .ARM.attributes
                0x0000000000000698       0x2c /usr/lib/gcc/arm-none-eabi/4.9.3/../../../arm-none-eabi/lib/armv6-m/libc.a(lib_a-impure.o)
 .ARM.attributes
                0x00000000000006c4       0x2c /usr/lib/gcc/arm-none-eabi/4.9.3/../../../arm-none-eabi/lib/armv6-m/libc.a(lib_a-init.o)
 .ARM.attributes
                0x00000000000006f0       0x2c /usr/lib/gcc/arm-none-eabi/4.9.3/../../../arm-none-eabi/lib/armv6-m/libc.a(lib_a-malloc.o)
 .ARM.attributes
                0x000000000000071c       0x2c /usr/lib/gcc/arm-none-eabi/4.9.3/../../../arm-none-eabi/lib/armv6-m/libc.a(lib_a-mallocr.o)
 .ARM.attributes
                0x0000000000000748       0x2c /usr/lib/gcc/arm-none-eabi/4.9.3/../../../arm-none-eabi/lib/armv6-m/libc.a(lib_a-memchr.o)
 .ARM.attributes
                0x0000000000000774       0x2c /usr/lib/gcc/arm-none-eabi/4.9.3/../../../arm-none-eabi/lib/armv6-m/libc.a(lib_a-memcpy.o)
 .ARM.attributes
                0x00000000000007a0       0x2c /usr/lib/gcc/arm-none-eabi/4.9.3/../../../arm-none-eabi/lib/armv6-m/libc.a(lib_a-memset.o)
 .ARM.attributes
                0x00000000000007cc       0x2c /usr/lib/gcc/arm-none-eabi/4.9.3/../../../arm-none-eabi/lib/armv6-m/libc.a(lib_a-mlock.o)
 .ARM.attributes
                0x00000000000007f8       0x2c /usr/lib/gcc/arm-none-eabi/4.9.3/../../../arm-none-eabi/lib/armv6-m/libc.a(lib_a-printf.o)
 .ARM.attributes
                0x0000000000000824       0x2c /usr/lib/gcc/arm-none-eabi/4.9.3/../../../arm-none-eabi/lib/armv6-m/libc.a(lib_a-reent.o)
 .ARM.attributes
                0x0000000000000850       0x2c /usr/lib/gcc/arm-none-eabi/4.9.3/../../../arm-none-eabi/lib/armv6-m/libc.a(lib_a-sbrkr.o)
 .ARM.attributes
                0x000000000000087c       0x2c /usr/lib/gcc/arm-none-eabi/4.9.3/../../../arm-none-eabi/lib/armv6-m/libc.a(lib_a-stdio.o)
 .ARM.attributes
                0x00000000000008a8       0x2c /usr/lib/gcc/arm-none-eabi/4.9.3/../../../arm-none-eabi/lib/armv6-m/libc.a(lib_a-strlen.o)
 .ARM.attributes
                0x00000000000008d4       0x2c /usr/lib/gcc/arm-none-eabi/4.9.3/../../../arm-none-eabi/lib/armv6-m/libc.a(lib_a-vfprintf.o)
 .ARM.attributes
                0x0000000000000900       0x2c /usr/lib/gcc/arm-none-eabi/4.9.3/../../../arm-none-eabi/lib/armv6-m/libc.a(lib_a-writer.o)
 .ARM.attributes
                0x000000000000092c       0x2c /usr/lib/gcc/arm-none-eabi/4.9.3/../../../arm-none-eabi/lib/armv6-m/libc.a(lib_a-wsetup.o)
 .ARM.attributes
                0x0000000000000958       0x2c /usr/lib/gcc/arm-none-eabi/4.9.3/../../../arm-none-eabi/lib/armv6-m/libc.a(lib_a-__atexit.o)
 .ARM.attributes
                0x0000000000000984       0x2c /usr/lib/gcc/arm-none-eabi/4.9.3/../../../arm-none-eabi/lib/armv6-m/libc.a(lib_a-__call_atexit.o)
 .ARM.attributes
                0x00000000000009b0       0x2c /usr/lib/gcc/arm-none-eabi/4.9.3/../../../arm-none-eabi/lib/armv6-m/libc.a(lib_a-closer.o)
 .ARM.attributes
                0x00000000000009dc       0x2c /usr/lib/gcc/arm-none-eabi/4.9.3/../../../arm-none-eabi/lib/armv6-m/libc.a(lib_a-dtoa.o)
 .ARM.attributes
                0x0000000000000a08       0x2c /usr/lib/gcc/arm-none-eabi/4.9.3/../../../arm-none-eabi/lib/armv6-m/libc.a(lib_a-fclose.o)
 .ARM.attributes
                0x0000000000000a34       0x2c /usr/lib/gcc/arm-none-eabi/4.9.3/../../../arm-none-eabi/lib/armv6-m/libc.a(lib_a-fflush.o)
 .ARM.attributes
                0x0000000000000a60       0x2c /usr/lib/gcc/arm-none-eabi/4.9.3/../../../arm-none-eabi/lib/armv6-m/libc.a(lib_a-freer.o)
 .ARM.attributes
                0x0000000000000a8c       0x2c /usr/lib/gcc/arm-none-eabi/4.9.3/../../../arm-none-eabi/lib/armv6-m/libc.a(lib_a-locale.o)
 .ARM.attributes
                0x0000000000000ab8       0x2c /usr/lib/gcc/arm-none-eabi/4.9.3/../../../arm-none-eabi/lib/armv6-m/libc.a(lib_a-lseekr.o)
 .ARM.attributes
                0x0000000000000ae4       0x2c /usr/lib/gcc/arm-none-eabi/4.9.3/../../../arm-none-eabi/lib/armv6-m/libc.a(lib_a-makebuf.o)
 .ARM.attributes
                0x0000000000000b10       0x2c /usr/lib/gcc/arm-none-eabi/4.9.3/../../../arm-none-eabi/lib/armv6-m/libc.a(lib_a-mprec.o)
 .ARM.attributes
                0x0000000000000b3c       0x2c /usr/lib/gcc/arm-none-eabi/4.9.3/../../../arm-none-eabi/lib/armv6-m/libc.a(lib_a-readr.o)
 .ARM.attributes
                0x0000000000000b68       0x2c /usr/lib/gcc/arm-none-eabi/4.9.3/../../../arm-none-eabi/lib/armv6-m/libc.a(lib_a-s_fpclassify.o)
 .ARM.attributes
                0x0000000000000b94       0x2c /usr/lib/gcc/arm-none-eabi/4.9.3/../../../arm-none-eabi/lib/armv6-m/libc.a(lib_a-vfiprintf.o)
 .ARM.attributes
                0x0000000000000bc0       0x2c /usr/lib/gcc/arm-none-eabi/4.9.3/../../../arm-none-eabi/lib/armv6-m/libc.a(lib_a-callocr.o)
 .ARM.attributes
                0x0000000000000bec       0x2c /usr/lib/gcc/arm-none-eabi/4.9.3/../../../arm-none-eabi/lib/armv6-m/libc.a(lib_a-fputwc.o)
 .ARM.attributes
                0x0000000000000c18       0x2c /usr/lib/gcc/arm-none-eabi/4.9.3/../../../arm-none-eabi/lib/armv6-m/libc.a(lib_a-fstatr.o)
 .ARM.attributes
                0x0000000000000c44       0x2c /usr/lib/gcc/arm-none-eabi/4.9.3/../../../arm-none-eabi/lib/armv6-m/libc.a(lib_a-fvwrite.o)
 .ARM.attributes
                0x0000000000000c70       0x2c /usr/lib/gcc/arm-none-eabi/4.9.3/../../../arm-none-eabi/lib/armv6-m/libc.a(lib_a-isattyr.o)
 .ARM.attributes
                0x0000000000000c9c       0x2c /usr/lib/gcc/arm-none-eabi/4.9.3/../../../arm-none-eabi/lib/armv6-m/libc.a(lib_a-memmove.o)
 .ARM.attributes
                0x0000000000000cc8       0x2c /usr/lib/gcc/arm-none-eabi/4.9.3/../../../arm-none-eabi/lib/armv6-m/libc.a(lib_a-reallocr.o)
 .ARM.attributes
                0x0000000000000cf4       0x2c /usr/lib/gcc/arm-none-eabi/4.9.3/../../../arm-none-eabi/lib/armv6-m/libc.a(lib_a-wbuf.o)
 .ARM.attributes
                0x0000000000000d20       0x2c /usr/lib/gcc/arm-none-eabi/4.9.3/../../../arm-none-eabi/lib/armv6-m/libc.a(lib_a-wcrtomb.o)
 .ARM.attributes
                0x0000000000000d4c       0x2c /usr/lib/gcc/arm-none-eabi/4.9.3/../../../arm-none-eabi/lib/armv6-m/libc.a(lib_a-wctomb_r.o)
 .ARM.attributes
                0x0000000000000d78       0x1e /usr/lib/gcc/arm-none-eabi/4.9.3/armv6-m/libgcc.a(_udivsi3.o)
 .ARM.attributes
                0x0000000000000d96       0x1e /usr/lib/gcc/arm-none-eabi/4.9.3/armv6-m/libgcc.a(_divsi3.o)
 .ARM.attributes
                0x0000000000000db4       0x1e /usr/lib/gcc/arm-none-eabi/4.9.3/armv6-m/libgcc.a(_dvmd_tls.o)
 .ARM.attributes
                0x0000000000000dd2       0x1e /usr/lib/gcc/arm-none-eabi/4.9.3/armv6-m/libgcc.a(_arm_cmpdf2.o)
 .ARM.attributes
                0x0000000000000df0       0x1e /usr/lib/gcc/arm-none-eabi/4.9.3/armv6-m/libgcc.a(_aeabi_uldivmod.o)
 .ARM.attributes
                0x0000000000000e0e       0x2c /usr/lib/gcc/arm-none-eabi/4.9.3/armv6-m/libgcc.a(_muldi3.o)
 .ARM.attributes
                0x0000000000000e3a       0x2c /usr/lib/gcc/arm-none-eabi/4.9.3/armv6-m/libgcc.a(bpabi.o)
 .ARM.attributes
                0x0000000000000e66       0x2c /usr/lib/gcc/arm-none-eabi/4.9.3/armv6-m/libgcc.a(mulsf3.o)
 .ARM.attributes
                0x0000000000000e92       0x2c /usr/lib/gcc/arm-none-eabi/4.9.3/armv6-m/libgcc.a(fixsfsi.o)
 .ARM.attributes
                0x0000000000000ebe       0x2c /usr/lib/gcc/arm-none-eabi/4.9.3/armv6-m/libgcc.a(adddf3.o)
 .ARM.attributes
                0x0000000000000eea       0x2c /usr/lib/gcc/arm-none-eabi/4.9.3/armv6-m/libgcc.a(divdf3.o)
 .ARM.attributes
                0x0000000000000f16       0x2c /usr/lib/gcc/arm-none-eabi/4.9.3/armv6-m/libgcc.a(eqdf2.o)
 .ARM.attributes
                0x0000000000000f42       0x2c /usr/lib/gcc/arm-none-eabi/4.9.3/armv6-m/libgcc.a(gedf2.o)
 .ARM.attributes
                0x0000000000000f6e       0x2c /usr/lib/gcc/arm-none-eabi/4.9.3/armv6-m/libgcc.a(ledf2.o)
 .ARM.attributes
                0x0000000000000f9a       0x2c /usr/lib/gcc/arm-none-eabi/4.9.3/armv6-m/libgcc.a(muldf3.o)
 .ARM.attributes
                0x0000000000000fc6       0x2c /usr/lib/gcc/arm-none-eabi/4.9.3/armv6-m/libgcc.a(subdf3.o)
 .ARM.attributes
                0x0000000000000ff2       0x2c /usr/lib/gcc/arm-none-eabi/4.9.3/armv6-m/libgcc.a(fixdfsi.o)
 .ARM.attributes
                0x000000000000101e       0x2c /usr/lib/gcc/arm-none-eabi/4.9.3/armv6-m/libgcc.a(floatsidf.o)
 .ARM.attributes
                0x000000000000104a       0x2c /usr/lib/gcc/arm-none-eabi/4.9.3/armv6-m/libgcc.a(floatunsidf.o)
 .ARM.attributes
                0x0000000000001076       0x1e /usr/lib/gcc/arm-none-eabi/4.9.3/armv6-m/libgcc.a(_clzsi2.o)
 .ARM.attributes
                0x0000000000001094       0x2c /usr/lib/gcc/arm-none-eabi/4.9.3/armv6-m/libgcc.a(_divdi3.o)
 .ARM.attributes
                0x00000000000010c0       0x2c /usr/lib/gcc/arm-none-eabi/4.9.3/armv6-m/libgcc.a(_udivdi3.o)
 .ARM.attributes
                0x00000000000010ec       0x1e /usr/lib/gcc/arm-none-eabi/4.9.3/armv6-m/libgcc.a(_clzdi2.o)
 .ARM.attributes
                0x000000000000110a       0x2c /usr/lib/gcc/arm-none-eabi/4.9.3/armv6-m/crtend.o
 .ARM.attributes
                0x0000000000001136       0x1e /usr/lib/gcc/arm-none-eabi/4.9.3/armv6-m/crtn.o

.comment        0x0000000000000000       0xe0
 .comment       0x0000000000000000       0x38 /usr/lib/gcc/arm-none-eabi/4.9.3/armv6-m/crtbegin.o
                                         0x39 (size before relaxing)
 .comment       0x0000000000000038       0x70 ./mbed/c0f6e94411f5/TARGET_SAMD21J18A/TOOLCHAIN_GCC_ARM/retarget.o
                                         0x71 (size before relaxing)
 .comment       0x00000000000000a8       0x71 ./mbed/c0f6e94411f5/TARGET_SAMD21J18A/TOOLCHAIN_GCC_ARM/startup_samd21.o
 .comment       0x00000000000000a8       0x71 ./mbed/c0f6e94411f5/TARGET_SAMD21J18A/TOOLCHAIN_GCC_ARM/cmsis_nvic.o
 .comment       0x00000000000000a8       0x71 ./mbed/c0f6e94411f5/TARGET_SAMD21J18A/TOOLCHAIN_GCC_ARM/board.o
 .comment       0x00000000000000a8       0x71 ./mbed/c0f6e94411f5/TARGET_SAMD21J18A/TOOLCHAIN_GCC_ARM/mbed_overrides.o
 .comment       0x00000000000000a8       0x39 ./BUILD/SAMD21J18A/GCC_ARM/./main.o
 .comment       0x00000000000000a8       0x71 ./mbed/c0f6e94411f5/TARGET_SAMD21J18A/TOOLCHAIN_GCC_ARM/libmbed.a(system.o)
 .comment       0x00000000000000a8       0x71 ./mbed/c0f6e94411f5/TARGET_SAMD21J18A/TOOLCHAIN_GCC_ARM/libmbed.a(serial_api.o)
 .comment       0x00000000000000a8       0x71 ./mbed/c0f6e94411f5/TARGET_SAMD21J18A/TOOLCHAIN_GCC_ARM/libmbed.a(assert.o)
 .comment       0x00000000000000a8       0x71 ./mbed/c0f6e94411f5/TARGET_SAMD21J18A/TOOLCHAIN_GCC_ARM/libmbed.a(error.o)
 .comment       0x00000000000000a8       0x71 ./mbed/c0f6e94411f5/TARGET_SAMD21J18A/TOOLCHAIN_GCC_ARM/libmbed.a(gpio.o)
 .comment       0x00000000000000a8       0x71 ./mbed/c0f6e94411f5/TARGET_SAMD21J18A/TOOLCHAIN_GCC_ARM/libmbed.a(pinmap_common.o)
 .comment       0x00000000000000a8       0x71 ./mbed/c0f6e94411f5/TARGET_SAMD21J18A/TOOLCHAIN_GCC_ARM/libmbed.a(wait_api.o)
 .comment       0x00000000000000a8       0x71 ./mbed/c0f6e94411f5/TARGET_SAMD21J18A/TOOLCHAIN_GCC_ARM/libmbed.a(PeripheralPins.o)
 .comment       0x00000000000000a8       0x71 ./mbed/c0f6e94411f5/TARGET_SAMD21J18A/TOOLCHAIN_GCC_ARM/libmbed.a(sercom.o)
 .comment       0x00000000000000a8       0x71 ./mbed/c0f6e94411f5/TARGET_SAMD21J18A/TOOLCHAIN_GCC_ARM/libmbed.a(pinmux.o)
 .comment       0x00000000000000a8       0x71 ./mbed/c0f6e94411f5/TARGET_SAMD21J18A/TOOLCHAIN_GCC_ARM/libmbed.a(gclk.o)
 .comment       0x00000000000000a8       0x71 ./mbed/c0f6e94411f5/TARGET_SAMD21J18A/TOOLCHAIN_GCC_ARM/libmbed.a(clock.o)
 .comment       0x00000000000000a8       0x71 ./mbed/c0f6e94411f5/TARGET_SAMD21J18A/TOOLCHAIN_GCC_ARM/libmbed.a(gpio_api.o)
 .comment       0x00000000000000a8       0x71 ./mbed/c0f6e94411f5/TARGET_SAMD21J18A/TOOLCHAIN_GCC_ARM/libmbed.a(pinmap_function.o)
 .comment       0x00000000000000a8       0x71 ./mbed/c0f6e94411f5/TARGET_SAMD21J18A/TOOLCHAIN_GCC_ARM/libmbed.a(us_ticker.o)
 .comment       0x00000000000000a8       0x71 ./mbed/c0f6e94411f5/TARGET_SAMD21J18A/TOOLCHAIN_GCC_ARM/libmbed.a(interrupt_sam_nvic.o)
 .comment       0x00000000000000a8       0x71 ./mbed/c0f6e94411f5/TARGET_SAMD21J18A/TOOLCHAIN_GCC_ARM/libmbed.a(us_ticker_api.o)
 .comment       0x00000000000000a8       0x71 ./mbed/c0f6e94411f5/TARGET_SAMD21J18A/TOOLCHAIN_GCC_ARM/libmbed.a(port.o)
 .comment       0x00000000000000a8       0x71 ./mbed/c0f6e94411f5/TARGET_SAMD21J18A/TOOLCHAIN_GCC_ARM/libmbed.a(tc.o)
 .comment       0x00000000000000a8       0x71 ./mbed/c0f6e94411f5/TARGET_SAMD21J18A/TOOLCHAIN_GCC_ARM/libmbed.a(tc_interrupt.o)
 .comment       0x00000000000000a8       0x71 ./mbed/c0f6e94411f5/TARGET_SAMD21J18A/TOOLCHAIN_GCC_ARM/libmbed.a(ticker_api.o)
 .comment       0x00000000000000a8       0x38 /usr/lib/gcc/arm-none-eabi/4.9.3/../../../arm-none-eabi/lib/armv6-m/libc.a(lib_a-atexit.o)
                                         0x39 (size before relaxing)
 .comment       0x00000000000000e0       0x39 /usr/lib/gcc/arm-none-eabi/4.9.3/../../../arm-none-eabi/lib/armv6-m/libc.a(lib_a-errno.o)
 .comment       0x00000000000000e0       0x39 /usr/lib/gcc/arm-none-eabi/4.9.3/../../../arm-none-eabi/lib/armv6-m/libc.a(lib_a-exit.o)
 .comment       0x00000000000000e0       0x39 /usr/lib/gcc/arm-none-eabi/4.9.3/../../../arm-none-eabi/lib/armv6-m/libc.a(lib_a-findfp.o)
 .comment       0x00000000000000e0       0x39 /usr/lib/gcc/arm-none-eabi/4.9.3/../../../arm-none-eabi/lib/armv6-m/libc.a(lib_a-fini.o)
 .comment       0x00000000000000e0       0x39 /usr/lib/gcc/arm-none-eabi/4.9.3/../../../arm-none-eabi/lib/armv6-m/libc.a(lib_a-fwalk.o)
 .comment       0x00000000000000e0       0x39 /usr/lib/gcc/arm-none-eabi/4.9.3/../../../arm-none-eabi/lib/armv6-m/libc.a(lib_a-impure.o)
 .comment       0x00000000000000e0       0x39 /usr/lib/gcc/arm-none-eabi/4.9.3/../../../arm-none-eabi/lib/armv6-m/libc.a(lib_a-init.o)
 .comment       0x00000000000000e0       0x39 /usr/lib/gcc/arm-none-eabi/4.9.3/../../../arm-none-eabi/lib/armv6-m/libc.a(lib_a-malloc.o)
 .comment       0x00000000000000e0       0x39 /usr/lib/gcc/arm-none-eabi/4.9.3/../../../arm-none-eabi/lib/armv6-m/libc.a(lib_a-mallocr.o)
 .comment       0x00000000000000e0       0x39 /usr/lib/gcc/arm-none-eabi/4.9.3/../../../arm-none-eabi/lib/armv6-m/libc.a(lib_a-memchr.o)
 .comment       0x00000000000000e0       0x39 /usr/lib/gcc/arm-none-eabi/4.9.3/../../../arm-none-eabi/lib/armv6-m/libc.a(lib_a-memcpy.o)
 .comment       0x00000000000000e0       0x39 /usr/lib/gcc/arm-none-eabi/4.9.3/../../../arm-none-eabi/lib/armv6-m/libc.a(lib_a-memset.o)
 .comment       0x00000000000000e0       0x39 /usr/lib/gcc/arm-none-eabi/4.9.3/../../../arm-none-eabi/lib/armv6-m/libc.a(lib_a-mlock.o)
 .comment       0x00000000000000e0       0x39 /usr/lib/gcc/arm-none-eabi/4.9.3/../../../arm-none-eabi/lib/armv6-m/libc.a(lib_a-printf.o)
 .comment       0x00000000000000e0       0x39 /usr/lib/gcc/arm-none-eabi/4.9.3/../../../arm-none-eabi/lib/armv6-m/libc.a(lib_a-reent.o)
 .comment       0x00000000000000e0       0x39 /usr/lib/gcc/arm-none-eabi/4.9.3/../../../arm-none-eabi/lib/armv6-m/libc.a(lib_a-sbrkr.o)
 .comment       0x00000000000000e0       0x39 /usr/lib/gcc/arm-none-eabi/4.9.3/../../../arm-none-eabi/lib/armv6-m/libc.a(lib_a-stdio.o)
 .comment       0x00000000000000e0       0x39 /usr/lib/gcc/arm-none-eabi/4.9.3/../../../arm-none-eabi/lib/armv6-m/libc.a(lib_a-strlen.o)
 .comment       0x00000000000000e0       0x39 /usr/lib/gcc/arm-none-eabi/4.9.3/../../../arm-none-eabi/lib/armv6-m/libc.a(lib_a-vfprintf.o)
 .comment       0x00000000000000e0       0x39 /usr/lib/gcc/arm-none-eabi/4.9.3/../../../arm-none-eabi/lib/armv6-m/libc.a(lib_a-writer.o)
 .comment       0x00000000000000e0       0x39 /usr/lib/gcc/arm-none-eabi/4.9.3/../../../arm-none-eabi/lib/armv6-m/libc.a(lib_a-wsetup.o)
 .comment       0x00000000000000e0       0x39 /usr/lib/gcc/arm-none-eabi/4.9.3/../../../arm-none-eabi/lib/armv6-m/libc.a(lib_a-__atexit.o)
 .comment       0x00000000000000e0       0x39 /usr/lib/gcc/arm-none-eabi/4.9.3/../../../arm-none-eabi/lib/armv6-m/libc.a(lib_a-__call_atexit.o)
 .comment       0x00000000000000e0       0x39 /usr/lib/gcc/arm-none-eabi/4.9.3/../../../arm-none-eabi/lib/armv6-m/libc.a(lib_a-closer.o)
 .comment       0x00000000000000e0       0x39 /usr/lib/gcc/arm-none-eabi/4.9.3/../../../arm-none-eabi/lib/armv6-m/libc.a(lib_a-dtoa.o)
 .comment       0x00000000000000e0       0x39 /usr/lib/gcc/arm-none-eabi/4.9.3/../../../arm-none-eabi/lib/armv6-m/libc.a(lib_a-fclose.o)
 .comment       0x00000000000000e0       0x39 /usr/lib/gcc/arm-none-eabi/4.9.3/../../../arm-none-eabi/lib/armv6-m/libc.a(lib_a-fflush.o)
 .comment       0x00000000000000e0       0x39 /usr/lib/gcc/arm-none-eabi/4.9.3/../../../arm-none-eabi/lib/armv6-m/libc.a(lib_a-freer.o)
 .comment       0x00000000000000e0       0x39 /usr/lib/gcc/arm-none-eabi/4.9.3/../../../arm-none-eabi/lib/armv6-m/libc.a(lib_a-locale.o)
 .comment       0x00000000000000e0       0x39 /usr/lib/gcc/arm-none-eabi/4.9.3/../../../arm-none-eabi/lib/armv6-m/libc.a(lib_a-lseekr.o)
 .comment       0x00000000000000e0       0x39 /usr/lib/gcc/arm-none-eabi/4.9.3/../../../arm-none-eabi/lib/armv6-m/libc.a(lib_a-makebuf.o)
 .comment       0x00000000000000e0       0x39 /usr/lib/gcc/arm-none-eabi/4.9.3/../../../arm-none-eabi/lib/armv6-m/libc.a(lib_a-mprec.o)
 .comment       0x00000000000000e0       0x39 /usr/lib/gcc/arm-none-eabi/4.9.3/../../../arm-none-eabi/lib/armv6-m/libc.a(lib_a-readr.o)
 .comment       0x00000000000000e0       0x39 /usr/lib/gcc/arm-none-eabi/4.9.3/../../../arm-none-eabi/lib/armv6-m/libc.a(lib_a-s_fpclassify.o)
 .comment       0x00000000000000e0       0x39 /usr/lib/gcc/arm-none-eabi/4.9.3/../../../arm-none-eabi/lib/armv6-m/libc.a(lib_a-vfiprintf.o)
 .comment       0x00000000000000e0       0x39 /usr/lib/gcc/arm-none-eabi/4.9.3/../../../arm-none-eabi/lib/armv6-m/libc.a(lib_a-callocr.o)
 .comment       0x00000000000000e0       0x39 /usr/lib/gcc/arm-none-eabi/4.9.3/../../../arm-none-eabi/lib/armv6-m/libc.a(lib_a-fputwc.o)
 .comment       0x00000000000000e0       0x39 /usr/lib/gcc/arm-none-eabi/4.9.3/../../../arm-none-eabi/lib/armv6-m/libc.a(lib_a-fstatr.o)
 .comment       0x00000000000000e0       0x39 /usr/lib/gcc/arm-none-eabi/4.9.3/../../../arm-none-eabi/lib/armv6-m/libc.a(lib_a-fvwrite.o)
 .comment       0x00000000000000e0       0x39 /usr/lib/gcc/arm-none-eabi/4.9.3/../../../arm-none-eabi/lib/armv6-m/libc.a(lib_a-isattyr.o)
 .comment       0x00000000000000e0       0x39 /usr/lib/gcc/arm-none-eabi/4.9.3/../../../arm-none-eabi/lib/armv6-m/libc.a(lib_a-memmove.o)
 .comment       0x00000000000000e0       0x39 /usr/lib/gcc/arm-none-eabi/4.9.3/../../../arm-none-eabi/lib/armv6-m/libc.a(lib_a-reallocr.o)
 .comment       0x00000000000000e0       0x39 /usr/lib/gcc/arm-none-eabi/4.9.3/../../../arm-none-eabi/lib/armv6-m/libc.a(lib_a-wbuf.o)
 .comment       0x00000000000000e0       0x39 /usr/lib/gcc/arm-none-eabi/4.9.3/../../../arm-none-eabi/lib/armv6-m/libc.a(lib_a-wcrtomb.o)
 .comment       0x00000000000000e0       0x39 /usr/lib/gcc/arm-none-eabi/4.9.3/../../../arm-none-eabi/lib/armv6-m/libc.a(lib_a-wctomb_r.o)
 .comment       0x00000000000000e0       0x39 /usr/lib/gcc/arm-none-eabi/4.9.3/armv6-m/libgcc.a(_muldi3.o)
 .comment       0x00000000000000e0       0x39 /usr/lib/gcc/arm-none-eabi/4.9.3/armv6-m/libgcc.a(bpabi.o)
 .comment       0x00000000000000e0       0x39 /usr/lib/gcc/arm-none-eabi/4.9.3/armv6-m/libgcc.a(mulsf3.o)
 .comment       0x00000000000000e0       0x39 /usr/lib/gcc/arm-none-eabi/4.9.3/armv6-m/libgcc.a(fixsfsi.o)
 .comment       0x00000000000000e0       0x39 /usr/lib/gcc/arm-none-eabi/4.9.3/armv6-m/libgcc.a(adddf3.o)
 .comment       0x00000000000000e0       0x39 /usr/lib/gcc/arm-none-eabi/4.9.3/armv6-m/libgcc.a(divdf3.o)
 .comment       0x00000000000000e0       0x39 /usr/lib/gcc/arm-none-eabi/4.9.3/armv6-m/libgcc.a(eqdf2.o)
 .comment       0x00000000000000e0       0x39 /usr/lib/gcc/arm-none-eabi/4.9.3/armv6-m/libgcc.a(gedf2.o)
 .comment       0x00000000000000e0       0x39 /usr/lib/gcc/arm-none-eabi/4.9.3/armv6-m/libgcc.a(ledf2.o)
 .comment       0x00000000000000e0       0x39 /usr/lib/gcc/arm-none-eabi/4.9.3/armv6-m/libgcc.a(muldf3.o)
 .comment       0x00000000000000e0       0x39 /usr/lib/gcc/arm-none-eabi/4.9.3/armv6-m/libgcc.a(subdf3.o)
 .comment       0x00000000000000e0       0x39 /usr/lib/gcc/arm-none-eabi/4.9.3/armv6-m/libgcc.a(fixdfsi.o)
 .comment       0x00000000000000e0       0x39 /usr/lib/gcc/arm-none-eabi/4.9.3/armv6-m/libgcc.a(floatsidf.o)
 .comment       0x00000000000000e0       0x39 /usr/lib/gcc/arm-none-eabi/4.9.3/armv6-m/libgcc.a(floatunsidf.o)
 .comment       0x00000000000000e0       0x39 /usr/lib/gcc/arm-none-eabi/4.9.3/armv6-m/libgcc.a(_divdi3.o)
 .comment       0x00000000000000e0       0x39 /usr/lib/gcc/arm-none-eabi/4.9.3/armv6-m/libgcc.a(_udivdi3.o)
 .comment       0x00000000000000e0       0x39 /usr/lib/gcc/arm-none-eabi/4.9.3/armv6-m/crtend.o

.debug_info     0x0000000000000000    0x1e1d6
 .debug_info    0x0000000000000000      0x10a /usr/lib/gcc/arm-none-eabi/4.9.3/../../../arm-none-eabi/lib/armv6-m/libc.a(lib_a-atexit.o)
 .debug_info    0x000000000000010a      0x889 /usr/lib/gcc/arm-none-eabi/4.9.3/../../../arm-none-eabi/lib/armv6-m/libc.a(lib_a-errno.o)
 .debug_info    0x0000000000000993      0x8e4 /usr/lib/gcc/arm-none-eabi/4.9.3/../../../arm-none-eabi/lib/armv6-m/libc.a(lib_a-exit.o)
 .debug_info    0x0000000000001277      0xdc8 /usr/lib/gcc/arm-none-eabi/4.9.3/../../../arm-none-eabi/lib/armv6-m/libc.a(lib_a-findfp.o)
 .debug_info    0x000000000000203f       0xef /usr/lib/gcc/arm-none-eabi/4.9.3/../../../arm-none-eabi/lib/armv6-m/libc.a(lib_a-fini.o)
 .debug_info    0x000000000000212e      0x99e /usr/lib/gcc/arm-none-eabi/4.9.3/../../../arm-none-eabi/lib/armv6-m/libc.a(lib_a-fwalk.o)
 .debug_info    0x0000000000002acc      0x894 /usr/lib/gcc/arm-none-eabi/4.9.3/../../../arm-none-eabi/lib/armv6-m/libc.a(lib_a-impure.o)
 .debug_info    0x0000000000003360      0x105 /usr/lib/gcc/arm-none-eabi/4.9.3/../../../arm-none-eabi/lib/armv6-m/libc.a(lib_a-init.o)
 .debug_info    0x0000000000003465      0x915 /usr/lib/gcc/arm-none-eabi/4.9.3/../../../arm-none-eabi/lib/armv6-m/libc.a(lib_a-malloc.o)
 .debug_info    0x0000000000003d7a      0xd6e /usr/lib/gcc/arm-none-eabi/4.9.3/../../../arm-none-eabi/lib/armv6-m/libc.a(lib_a-mallocr.o)
 .debug_info    0x0000000000004ae8      0x12b /usr/lib/gcc/arm-none-eabi/4.9.3/../../../arm-none-eabi/lib/armv6-m/libc.a(lib_a-memchr.o)
 .debug_info    0x0000000000004c13      0x131 /usr/lib/gcc/arm-none-eabi/4.9.3/../../../arm-none-eabi/lib/armv6-m/libc.a(lib_a-memcpy.o)
 .debug_info    0x0000000000004d44      0x117 /usr/lib/gcc/arm-none-eabi/4.9.3/../../../arm-none-eabi/lib/armv6-m/libc.a(lib_a-memset.o)
 .debug_info    0x0000000000004e5b      0x8b4 /usr/lib/gcc/arm-none-eabi/4.9.3/../../../arm-none-eabi/lib/armv6-m/libc.a(lib_a-mlock.o)
 .debug_info    0x000000000000570f      0x9ab /usr/lib/gcc/arm-none-eabi/4.9.3/../../../arm-none-eabi/lib/armv6-m/libc.a(lib_a-printf.o)
 .debug_info    0x00000000000060ba      0x9f8 /usr/lib/gcc/arm-none-eabi/4.9.3/../../../arm-none-eabi/lib/armv6-m/libc.a(lib_a-reent.o)
 .debug_info    0x0000000000006ab2      0x8f4 /usr/lib/gcc/arm-none-eabi/4.9.3/../../../arm-none-eabi/lib/armv6-m/libc.a(lib_a-sbrkr.o)
 .debug_info    0x00000000000073a6      0xb89 /usr/lib/gcc/arm-none-eabi/4.9.3/../../../arm-none-eabi/lib/armv6-m/libc.a(lib_a-stdio.o)
 .debug_info    0x0000000000007f2f       0xdd /usr/lib/gcc/arm-none-eabi/4.9.3/../../../arm-none-eabi/lib/armv6-m/libc.a(lib_a-strlen.o)
 .debug_info    0x000000000000800c     0x17e0 /usr/lib/gcc/arm-none-eabi/4.9.3/../../../arm-none-eabi/lib/armv6-m/libc.a(lib_a-vfprintf.o)
 .debug_info    0x00000000000097ec      0x929 /usr/lib/gcc/arm-none-eabi/4.9.3/../../../arm-none-eabi/lib/armv6-m/libc.a(lib_a-writer.o)
 .debug_info    0x000000000000a115      0x93b /usr/lib/gcc/arm-none-eabi/4.9.3/../../../arm-none-eabi/lib/armv6-m/libc.a(lib_a-wsetup.o)
 .debug_info    0x000000000000aa50      0x934 /usr/lib/gcc/arm-none-eabi/4.9.3/../../../arm-none-eabi/lib/armv6-m/libc.a(lib_a-__atexit.o)
 .debug_info    0x000000000000b384      0x9aa /usr/lib/gcc/arm-none-eabi/4.9.3/../../../arm-none-eabi/lib/armv6-m/libc.a(lib_a-__call_atexit.o)
 .debug_info    0x000000000000bd2e      0x8e0 /usr/lib/gcc/arm-none-eabi/4.9.3/../../../arm-none-eabi/lib/armv6-m/libc.a(lib_a-closer.o)
 .debug_info    0x000000000000c60e     0x1353 /usr/lib/gcc/arm-none-eabi/4.9.3/../../../arm-none-eabi/lib/armv6-m/libc.a(lib_a-dtoa.o)
 .debug_info    0x000000000000d961      0xa28 /usr/lib/gcc/arm-none-eabi/4.9.3/../../../arm-none-eabi/lib/armv6-m/libc.a(lib_a-fclose.o)
 .debug_info    0x000000000000e389      0xac1 /usr/lib/gcc/arm-none-eabi/4.9.3/../../../arm-none-eabi/lib/armv6-m/libc.a(lib_a-fflush.o)
 .debug_info    0x000000000000ee4a      0xc06 /usr/lib/gcc/arm-none-eabi/4.9.3/../../../arm-none-eabi/lib/armv6-m/libc.a(lib_a-freer.o)
 .debug_info    0x000000000000fa50      0xc1d /usr/lib/gcc/arm-none-eabi/4.9.3/../../../arm-none-eabi/lib/armv6-m/libc.a(lib_a-locale.o)
 .debug_info    0x000000000001066d      0x90c /usr/lib/gcc/arm-none-eabi/4.9.3/../../../arm-none-eabi/lib/armv6-m/libc.a(lib_a-lseekr.o)
 .debug_info    0x0000000000010f79      0xae6 /usr/lib/gcc/arm-none-eabi/4.9.3/../../../arm-none-eabi/lib/armv6-m/libc.a(lib_a-makebuf.o)
 .debug_info    0x0000000000011a5f     0x1682 /usr/lib/gcc/arm-none-eabi/4.9.3/../../../arm-none-eabi/lib/armv6-m/libc.a(lib_a-mprec.o)
 .debug_info    0x00000000000130e1      0x922 /usr/lib/gcc/arm-none-eabi/4.9.3/../../../arm-none-eabi/lib/armv6-m/libc.a(lib_a-readr.o)
 .debug_info    0x0000000000013a03       0xdb /usr/lib/gcc/arm-none-eabi/4.9.3/../../../arm-none-eabi/lib/armv6-m/libc.a(lib_a-s_fpclassify.o)
 .debug_info    0x0000000000013ade     0x15a6 /usr/lib/gcc/arm-none-eabi/4.9.3/../../../arm-none-eabi/lib/armv6-m/libc.a(lib_a-vfiprintf.o)
 .debug_info    0x0000000000015084      0x9e0 /usr/lib/gcc/arm-none-eabi/4.9.3/../../../arm-none-eabi/lib/armv6-m/libc.a(lib_a-callocr.o)
 .debug_info    0x0000000000015a64      0xaa9 /usr/lib/gcc/arm-none-eabi/4.9.3/../../../arm-none-eabi/lib/armv6-m/libc.a(lib_a-fputwc.o)
 .debug_info    0x000000000001650d      0xa5e /usr/lib/gcc/arm-none-eabi/4.9.3/../../../arm-none-eabi/lib/armv6-m/libc.a(lib_a-fstatr.o)
 .debug_info    0x0000000000016f6b      0xc49 /usr/lib/gcc/arm-none-eabi/4.9.3/../../../arm-none-eabi/lib/armv6-m/libc.a(lib_a-fvwrite.o)
 .debug_info    0x0000000000017bb4      0x8e0 /usr/lib/gcc/arm-none-eabi/4.9.3/../../../arm-none-eabi/lib/armv6-m/libc.a(lib_a-isattyr.o)
 .debug_info    0x0000000000018494      0x131 /usr/lib/gcc/arm-none-eabi/4.9.3/../../../arm-none-eabi/lib/armv6-m/libc.a(lib_a-memmove.o)
 .debug_info    0x00000000000185c5      0xcd5 /usr/lib/gcc/arm-none-eabi/4.9.3/../../../arm-none-eabi/lib/armv6-m/libc.a(lib_a-reallocr.o)
 .debug_info    0x000000000001929a      0x9cc /usr/lib/gcc/arm-none-eabi/4.9.3/../../../arm-none-eabi/lib/armv6-m/libc.a(lib_a-wbuf.o)
 .debug_info    0x0000000000019c66      0xa75 /usr/lib/gcc/arm-none-eabi/4.9.3/../../../arm-none-eabi/lib/armv6-m/libc.a(lib_a-wcrtomb.o)
 .debug_info    0x000000000001a6db      0x9b5 /usr/lib/gcc/arm-none-eabi/4.9.3/../../../arm-none-eabi/lib/armv6-m/libc.a(lib_a-wctomb_r.o)
 .debug_info    0x000000000001b090       0xb9 /usr/lib/gcc/arm-none-eabi/4.9.3/armv6-m/libgcc.a(_udivsi3.o)
 .debug_info    0x000000000001b149       0xb9 /usr/lib/gcc/arm-none-eabi/4.9.3/armv6-m/libgcc.a(_divsi3.o)
 .debug_info    0x000000000001b202       0xb9 /usr/lib/gcc/arm-none-eabi/4.9.3/armv6-m/libgcc.a(_dvmd_tls.o)
 .debug_info    0x000000000001b2bb       0xb9 /usr/lib/gcc/arm-none-eabi/4.9.3/armv6-m/libgcc.a(_arm_cmpdf2.o)
 .debug_info    0x000000000001b374       0xb9 /usr/lib/gcc/arm-none-eabi/4.9.3/armv6-m/libgcc.a(_aeabi_uldivmod.o)
 .debug_info    0x000000000001b42d      0x1fa /usr/lib/gcc/arm-none-eabi/4.9.3/armv6-m/libgcc.a(_muldi3.o)
 .debug_info    0x000000000001b627      0x15e /usr/lib/gcc/arm-none-eabi/4.9.3/armv6-m/libgcc.a(bpabi.o)
 .debug_info    0x000000000001b785      0x31c /usr/lib/gcc/arm-none-eabi/4.9.3/armv6-m/libgcc.a(mulsf3.o)
 .debug_info    0x000000000001baa1      0x18c /usr/lib/gcc/arm-none-eabi/4.9.3/armv6-m/libgcc.a(fixsfsi.o)
 .debug_info    0x000000000001bc2d      0x485 /usr/lib/gcc/arm-none-eabi/4.9.3/armv6-m/libgcc.a(adddf3.o)
 .debug_info    0x000000000001c0b2      0x5c2 /usr/lib/gcc/arm-none-eabi/4.9.3/armv6-m/libgcc.a(divdf3.o)
 .debug_info    0x000000000001c674      0x1e7 /usr/lib/gcc/arm-none-eabi/4.9.3/armv6-m/libgcc.a(eqdf2.o)
 .debug_info    0x000000000001c85b      0x20d /usr/lib/gcc/arm-none-eabi/4.9.3/armv6-m/libgcc.a(gedf2.o)
 .debug_info    0x000000000001ca68      0x20d /usr/lib/gcc/arm-none-eabi/4.9.3/armv6-m/libgcc.a(ledf2.o)
 .debug_info    0x000000000001cc75      0x60a /usr/lib/gcc/arm-none-eabi/4.9.3/armv6-m/libgcc.a(muldf3.o)
 .debug_info    0x000000000001d27f      0x4a2 /usr/lib/gcc/arm-none-eabi/4.9.3/armv6-m/libgcc.a(subdf3.o)
 .debug_info    0x000000000001d721      0x1a2 /usr/lib/gcc/arm-none-eabi/4.9.3/armv6-m/libgcc.a(fixdfsi.o)
 .debug_info    0x000000000001d8c3      0x1c2 /usr/lib/gcc/arm-none-eabi/4.9.3/armv6-m/libgcc.a(floatsidf.o)
 .debug_info    0x000000000001da85      0x1b7 /usr/lib/gcc/arm-none-eabi/4.9.3/armv6-m/libgcc.a(floatunsidf.o)
 .debug_info    0x000000000001dc3c       0xb9 /usr/lib/gcc/arm-none-eabi/4.9.3/armv6-m/libgcc.a(_clzsi2.o)
 .debug_info    0x000000000001dcf5      0x261 /usr/lib/gcc/arm-none-eabi/4.9.3/armv6-m/libgcc.a(_divdi3.o)
 .debug_info    0x000000000001df56      0x1c7 /usr/lib/gcc/arm-none-eabi/4.9.3/armv6-m/libgcc.a(_udivdi3.o)